Ippl{0}[2]> [AutoTune] seeding built-in scatter/gather defaults for Kokkos::OpenMP (set IPPL_AUTO_TUNE=1 to run the sweep instead)
OPAL-X{0}>               ____  _____        _       __   __
OPAL-X{0}> [1;32m
OPAL-X{0}> 
OPAL-X{0}>   ██████  ██████   █████  ██      ██   ██
OPAL-X{0}>  ██    ██ ██   ██ ██   ██ ██       ██ ██
OPAL-X{0}>  ██    ██ ██████  ███████ ██        ███
OPAL-X{0}>  ██    ██ ██      ██   ██ ██       ██ ██
OPAL-X{0}>   ██████  ██      ██   ██ ███████ ██   ██
OPAL-X{0}> 
OPAL-X{0}>          This is OPALX (Object Oriented Parallel Accelerator Library for Exascale)
OPAL-X{0}> 
OPAL-X{0}> [0m
OPAL-X{0}> 
OPAL-X{0}> OPALX is the performance portable version of OPAL :: Version 0.9
OPAL-X{0}>             git rev. 3ef744a461d3991f405e92692a173a5cbcfacaff
OPAL-X{0}> 
OPAL-X{0}> 
OPAL-X{0}>              (c) PSI, https://github.com/OPALX-project/OPALX
OPAL-X{0}> 
OPAL-X{0}> 
OPAL-X{0}> Please send cookies, goodies or other motivations (wine and beer ... ) 
OPAL-X{0}> to the OPAL developers https://github.com/OPALX-project/OPALX/issues
OPAL-X{0}> 
OPAL-X{0}> Time: 00:54:35 date: 05/09/2026
OPAL-X{0}> 
OPAL-X{0}> * Host:   OpenMP
OPAL-X{0}> * Device: OpenMP
OPAL-X{0}> 
OPAL-X{0}> * Reading input stream 'map-2-dba.in'
OPAL-X{0}> * ************* F I E L D S O L V E R ********************************************** 
OPAL-X{0}> * FIELDSOLVER  FS
OPAL-X{0}> * BINS         NONE
OPAL-X{0}> * TYPE         NONE
OPAL-X{0}> * RANKS        2
OPAL-X{0}> * NX           16
OPAL-X{0}> * NY           16
OPAL-X{0}> * NZ           16
OPAL-X{0}> * BBOXINCR     1
OPAL-X{0}> * GREENSF      INTEGRATED
OPAL-X{0}> * XDIM         parallel  
OPAL-X{0}> * YDIM         parallel  
OPAL-X{0}> * ZDIM         parallel  
OPAL-X{0}> * ********************************************************************************** 
OPAL-X{0}> 
OPAL-X{0}> * RUN resolved beams: BEAM1
OPAL-X{0}> * ************* B E A M ************************************************************ 
OPAL-X{0}> * BEAM        BEAM1
OPAL-X{0}> * PARTICLE    ELECTRON
OPAL-X{0}> * REST MASS   0.000510999 [GeV]
OPAL-X{0}> * CHARGE      -e * 1 
OPAL-X{0}> * MOMENTUM    1 [eV/c]
OPAL-X{0}> * MOMENTUM    0 [GeV/c]
OPAL-X{0}> * BCHARGE     1.60218e-19 [C]
OPAL-X{0}> * NALLOC      1
OPAL-X{0}> * ********************************************************************************** 
OPAL-X{0}> 
OPAL-X{0}[2]> * Beam[0] BEAM1 macro charge per particle [C]: -1.60218e-19
OPAL-X{0}[2]> * Beam[0] BEAM1 macro mass per particle [GeV/c^2]: 0.000510999
OPAL-X{0}[2]> * Beam[0] BEAM1 particles per macro particle: 1
OPAL-X{0}> 
OPAL-X{0}> * Creating new file for data: 'map-2-dba.stat'
OPAL-X{0}> * Creating new file for data: 'map-2-dba.lbal'
PartBunch::setSolver{0}[2]> Initializing solver: NONE
PartBunch::setBins{0}[2]> Solver FS has no binning command attached, not using binning.
PartBunch::pre_run{0}[2]> Starting pre_run...
OPAL-X{0}[2]> * BCHandler<3>: [OPEN, OPEN, OPEN]
FromFile::generateParticles{0}> FromFile: Loaded 1 particles from file '../reference-particle.txt'
FromFile::generateParticles{1}> FromFile: Loaded 1 particles from file '../reference-particle.txt'
FromFile::generateParticles{1}> Rank 1: 0 local particles
FromFile::generateParticles{0}> Rank 0: 1 local particles
OPAL-X{0}[2]> * Particle sampling / sampler setup for all emission sources done.
OPAL-X{0}> 
OPAL-X{0}> * ************** B U N C H ********************************************************* 
OPAL-X{0}> * CONTAINER       = 0
OPAL-X{0}> * PARTICLES       = 1
OPAL-X{0}> * CHARGE          = -1.602177e-19 (Cb) 
OPAL-X{0}> * QM STORAGE MODE = SINGLE
OPAL-X{0}> * <EKIN>          = 250.000 [MeV]
OPAL-X{0}> * <dEKIN>         = 0.000 [eV]
OPAL-X{0}> * INTEGRATOR      = LF2
OPAL-X{0}> * LB Threshold    = 5.000000e-02
OPAL-X{0}> * MIN R (origin)  = (      0.00000 ,      0.00000 ,      0.00000 ) [um]
OPAL-X{0}> * MAX R (max ext) = (      0.00000 ,      0.00000 ,      0.00000 ) [um]
OPAL-X{0}> * RMS R           = (      0.00000 ,      0.00000 ,      0.00000 ) [um]
OPAL-X{0}> * RMS P           = ( 0.000000e+00 , 0.000000e+00 , 0.000000e+00 ) [beta gamma]
OPAL-X{0}> * Mean R          = ( 0.000000e+00 , 0.000000e+00 , 0.000000e+00 ) [m]
OPAL-X{0}> * Mean P          = ( 0.000000e+00 , 0.000000e+00 , 4.902368e+02 ) [beta gamma]
OPAL-X{0}> * MESH SPACING    = (      0.00133 ,      0.00133 ,      0.00133 ) [um]
OPAL-X{0}> * COMPDOM INCR    = 1.000000e+00 (%) 
OPAL-X{0}> * FIELD LAYOUT    = Domain = {[0:15:1],[0:15:1],[0:15:1]}
OPAL-X{0}> Total number of boxes = 2
OPAL-X{0}>     Box 0 {[0:7:1],[0:15:1],[0:15:1]}
OPAL-X{0}>     Box 1 {[8:15:1],[0:15:1],[0:15:1]}
OPAL-X{0}> 
OPAL-X{0}> * Centroid : 
OPAL-X{0}> * 0.000000e+00 0.000000e+00 0.000000e+00 0.000000e+00 0.000000e+00 4.902368e+02 
OPAL-X{0}> * Cov Matrix : 
OPAL-X{0}> * 0.000000e+00 0.000000e+00 0.000000e+00 0.000000e+00 0.000000e+00 0.000000e+00 
OPAL-X{0}> * 0.000000e+00 0.000000e+00 0.000000e+00 0.000000e+00 0.000000e+00 0.000000e+00 
OPAL-X{0}> * 0.000000e+00 0.000000e+00 0.000000e+00 0.000000e+00 0.000000e+00 0.000000e+00 
OPAL-X{0}> * 0.000000e+00 0.000000e+00 0.000000e+00 0.000000e+00 0.000000e+00 0.000000e+00 
OPAL-X{0}> * 0.000000e+00 0.000000e+00 0.000000e+00 0.000000e+00 0.000000e+00 0.000000e+00 
OPAL-X{0}> * 0.000000e+00 0.000000e+00 0.000000e+00 0.000000e+00 0.000000e+00 0.000000e+00 
OPAL-X{0}> * * ********************************************************************************** 
OPAL-X{0}> 
ParallelTracker::execute{0}[2]> Dump initial phase space done.
OPAL-X{0}> * OrbitThreader dt_m= 3e-12
OPAL-X{0}> * Linear-map integrator: BORIS; Richardson levels: 0; formal differentiation order: 2; rays per segment: 12
OPAL-X{0}> * Linear-map starting perturbations (x,x',y,y',zeta,delta): 1.000000000000e-03 1.000000000000e-03 1.000000000000e-03 1.000000000000e-03 1.000000000000e-03 1.000000000000e-03
OPAL-X{0}> 
OPAL-X{0}> * Combined linear transfer map  (x, x', y, y', zeta, delta):
OPAL-X{0}>     -1.386354346398e+00  -1.278849441195e+00   0.000000000000e+00   0.000000000000e+00   0.000000000000e+00  -3.004058664807e-06
OPAL-X{0}>     -7.209436970440e-01  -1.386354231526e+00   0.000000000000e+00   0.000000000000e+00   0.000000000000e+00  -8.427249115620e-07
OPAL-X{0}>      0.000000000000e+00   0.000000000000e+00   3.851352179172e+00   1.040676375830e+01   0.000000000000e+00   0.000000000000e+00
OPAL-X{0}>      0.000000000000e+00   0.000000000000e+00   1.329223419944e+00   3.851352324164e+00   0.000000000000e+00   0.000000000000e+00
OPAL-X{0}>      8.644871770975e-07   3.019353111681e-06   0.000000000000e+00   0.000000000000e+00   1.000000000000e+00  -9.437583593029e-02
OPAL-X{0}>     -1.046699409585e-12  -2.662380687774e-12   0.000000000000e+00   0.000000000000e+00   0.000000000000e+00   9.999999999993e-01
OPAL-X{0}> * Volume-preservation diagnostic: PASS
OPAL-X{0}> *   |det(M) - 1| = 1.7649763e-07  (tolerance 1.0000000e-06)
OPAL-X{0}> * Canonical-form symplecticity diagnostic: PASS
OPAL-X{0}> *   max_ij |(M^T J M - J)_ij| = 2.2957410e-07  (tolerance 1.0000000e-06)
OPAL-X{0}> *   The reported slopes and mechanical momenta are not globally canonical;
OPAL-X{0}> *   this test is diagnostic unless the entrance/exit coordinates are canonical.
OPAL-X{0}> 
OPAL-X{0}> 
OPAL-X{0}> * Size of map 5 sections 
OPAL-X{0}> * Key: (0.000000 - 1.046873) number of overlapping elements 1
OPAL-X{0}> *                            B1
OPAL-X{0}> * Key: (1.046873 - 2.046979) number of overlapping elements 1
OPAL-X{0}> *                            D1
OPAL-X{0}> * Key: (2.046979 - 2.247539) number of overlapping elements 1
OPAL-X{0}> *                            QACH
OPAL-X{0}> * Key: (2.247539 - 3.247645) number of overlapping elements 1
OPAL-X{0}> *                            D2
OPAL-X{0}> * Key: (3.247645 - 4.294395) number of overlapping elements 1
OPAL-X{0}> *                            B2
OPAL-X{0}> 
OPAL-X{0}> * Creating new file for data: 'data/map-2-dba_ElementPositions.sdds'
OPAL-X{0}> * Track start at: 00:54:36, t= 0.000 [fs]; sStart at: 0.000 [um]
OPAL-X{0}> * Initial dt = 3.000 [ps]
OPAL-X{0}> * Max integration steps = 1, next step = 0
ParallelTracker::setOptionalVariables{0}[2]> REPARTFREQ 10
OPAL-X{0}>                dt [ns]           sStop [m]        num Steps [1]
OPAL-X{0}> ->         3.000000e-12        4.294395e+00                   1
PartBunch::performBunchSanityChecks{0}[2]> ========= Done performing PartBunch sanity checks... =========
ParallelTracker::execute{0}[2]> Starting track with dt = 3.000 [ps], track steps = 0 to 1.
OPAL-X{0}> * 00:54:36 Step      0 container[0] at 899.375 [um], t= 3.000 [ps], E=250.000 [MeV]
ParallelTracker::execute{0}[2]> Total FieldSolver calls: 0
ParallelTracker::execute{0}[2]> Total binary repartitions: 0
OPAL-X{0}> 
OPAL-X{0}> * Done executing ParallelTracker at 00:54:36
OPAL-X{0}> 
OPAL-X{0}> * End of input stream 'map-2-dba.in'
Timings{0}> ---------------------------------------------
Timings{0}>      Timing results for 2 rank(s):
Timings{0}> ---------------------------------------------
Timings{0}> mainTimer........... Wall tot =    1.08531
Timings{0}> 
Timings{0}> H5 open close....... Wall max = 0.00354088
Timings{0}>                      Wall avg = 0.00352729
Timings{0}>                      Wall min = 0.00351371
Timings{0}> 
Timings{0}> H5 total step....... Wall max =          0
Timings{0}>                      Wall avg =          0
Timings{0}>                      Wall min =          0
Timings{0}> 
Timings{0}> H5 step header...... Wall max =          0
Timings{0}>                      Wall avg =          0
Timings{0}>                      Wall min =          0
Timings{0}> 
Timings{0}> H5 device host copy. Wall max =          0
Timings{0}>                      Wall avg =          0
Timings{0}>                      Wall min =          0
Timings{0}> 
Timings{0}> H5 dataset write.... Wall max =          0
Timings{0}>                      Wall avg =          0
Timings{0}>                      Wall min =          0
Timings{0}> 
Timings{0}> Write Stat.......... Wall max =          0
Timings{0}>                      Wall avg =          0
Timings{0}>                      Wall min =          0
Timings{0}> 
Timings{0}> findInternal........ Wall max =  2.708e-06
Timings{0}>                      Wall avg =    2.5e-06
Timings{0}>                      Wall min =  2.292e-06
Timings{0}> 
Timings{0}> findPeriodic........ Wall max =   1.67e-07
Timings{0}>                      Wall avg =   1.46e-07
Timings{0}>                      Wall min =   1.25e-07
Timings{0}> 
Timings{0}> samplingTime........ Wall max = 0.000199209
Timings{0}>                      Wall avg = 0.000192522
Timings{0}>                      Wall min = 0.000185834
Timings{0}> 
Timings{0}> particleBC.......... Wall max =  7.624e-06
Timings{0}>                      Wall avg = 7.6035e-06
Timings{0}>                      Wall min =  7.583e-06
Timings{0}> 
Timings{0}> updateParticle...... Wall max = 0.000373584
Timings{0}>                      Wall avg = 0.000372354
Timings{0}>                      Wall min = 0.000371124
Timings{0}> 
Timings{0}> locateParticles..... Wall max = 0.000189084
Timings{0}>                      Wall avg = 0.000186979
Timings{0}>                      Wall min = 0.000184874
Timings{0}> 
Timings{0}> sendPreprocess...... Wall max =      3e-05
Timings{0}>                      Wall avg = 2.76875e-05
Timings{0}>                      Wall min = 2.5375e-05
Timings{0}> 
Timings{0}> particleSend........ Wall max =  5.291e-06
Timings{0}>                      Wall avg = 5.2075e-06
Timings{0}>                      Wall min =  5.124e-06
Timings{0}> 
Timings{0}> particleRecv........ Wall max =  3.791e-06
Timings{0}>                      Wall avg = 3.7075e-06
Timings{0}>                      Wall min =  3.624e-06
Timings{0}> 
Timings{0}> particleDestroy..... Wall max =  2.792e-06
Timings{0}>                      Wall avg = 2.6465e-06
Timings{0}>                      Wall min =  2.501e-06
Timings{0}> 
Timings{0}> particleWait........ Wall max =  2.041e-06
Timings{0}>                      Wall avg =  1.917e-06
Timings{0}>                      Wall min =  1.793e-06
Timings{0}> 
Timings{0}> particleFreeBuffers. Wall max =  8.625e-06
Timings{0}>                      Wall avg =  8.562e-06
Timings{0}>                      Wall min =  8.499e-06
Timings{0}> 
Timings{0}> particleDeserialize. Wall max =  8.416e-06
Timings{0}>                      Wall avg = 8.3125e-06
Timings{0}>                      Wall min =  8.209e-06
Timings{0}> 
Timings{0}> particleDeserResize. Wall max =   7.93e-07
Timings{0}>                      Wall avg =  7.715e-07
Timings{0}>                      Wall min =    7.5e-07
Timings{0}> 
Timings{0}> particleDeserCopy... Wall max =    9.6e-07
Timings{0}>                      Wall avg =  9.595e-07
Timings{0}>                      Wall min =   9.59e-07
Timings{0}> 
Timings{0}> computeMoments...... Wall max = 0.000145166
Timings{0}>                      Wall avg = 0.000144354
Timings{0}>                      Wall min = 0.000143541
Timings{0}> 
Timings{0}> TIntegration1....... Wall max =  2.925e-05
Timings{0}>                      Wall avg = 2.8375e-05
Timings{0}>                      Wall min =   2.75e-05
Timings{0}> 
Timings{0}> TIntegration2....... Wall max = 1.7083e-05
Timings{0}>                      Wall avg = 1.5729e-05
Timings{0}>                      Wall min = 1.4375e-05
Timings{0}> 
Timings{0}> External field eval. Wall max = 2.8541e-05
Timings{0}>                      Wall avg = 2.75205e-05
Timings{0}>                      Wall min =   2.65e-05
Timings{0}> 
Timings{0}> Binaryrepart........ Wall max =          0
Timings{0}>                      Wall avg =          0
Timings{0}>                      Wall min =          0
Timings{0}> 
Timings{0}> OrbThreader......... Wall max =    1.05051
Timings{0}>                      Wall avg =    1.04465
Timings{0}>                      Wall min =    1.03879
Timings{0}> 
Timings{0}> ---------------------------------------------
Timings{0}>      Measurement counts:
Timings{0}> ---------------------------------------------
Timings{0}> mainTimer........... Count =          1
Timings{0}> H5 open close....... Count =          2
Timings{0}> H5 total step....... Count =          0
Timings{0}> H5 step header...... Count =          0
Timings{0}> H5 device host copy. Count =          0
Timings{0}> H5 dataset write.... Count =          0
Timings{0}> Write Stat.......... Count =          0
Timings{0}> findInternal........ Count =          1
Timings{0}> findPeriodic........ Count =          1
Timings{0}> samplingTime........ Count =          1
Timings{0}> particleBC.......... Count =          4
Timings{0}> updateParticle...... Count =          4
Timings{0}> locateParticles..... Count =          4
Timings{0}> sendPreprocess...... Count =          4
Timings{0}> particleSend........ Count =          4
Timings{0}> particleRecv........ Count =          4
Timings{0}> particleDestroy..... Count =          4
Timings{0}> particleWait........ Count =          4
Timings{0}> particleFreeBuffers. Count =          4
Timings{0}> particleDeserialize. Count =          4
Timings{0}> particleDeserResize. Count =          4
Timings{0}> particleDeserCopy... Count =          4
Timings{0}> computeMoments...... Count =          5
Timings{0}> TIntegration1....... Count =          1
Timings{0}> TIntegration2....... Count =          1
Timings{0}> External field eval. Count =          1
Timings{0}> Binaryrepart........ Count =          0
Timings{0}> OrbThreader......... Count =          1
Timings{0}> ---------------------------------------------
Timings{0}> ---------------------------------------------
Timings{0}>      Per-occurrence statistics:
Timings{0}> ---------------------------------------------
Timings{0}> mainTimer........... n=    1  mean=    1.0853  std=         0  min=    1.0853  max=    1.0853
Timings{0}> H5 open close....... n=    2  mean=0.00177044  std=0.00175919  min= 0.0005265  max=0.00301438
Timings{0}> findInternal........ n=    1  mean= 2.292e-06  std=         0  min= 2.292e-06  max= 2.292e-06
Timings{0}> findPeriodic........ n=    1  mean=  1.25e-07  std=         0  min=  1.25e-07  max=  1.25e-07
Timings{0}> samplingTime........ n=    1  mean=0.000185834  std=         0  min=0.000185834  max=0.000185834
Timings{0}> particleBC.......... n=    4  mean=1.89575e-06  std=2.08313e-06  min=  4.58e-07  max= 4.875e-06
Timings{0}> updateParticle...... n=    4  mean=9.2781e-05  std=0.00012644  min=1.9875e-05  max=0.000281458
Timings{0}> locateParticles..... n=    4  mean=4.7271e-05  std=6.43149e-05  min=1.0417e-05  max=0.00014325
Timings{0}> sendPreprocess...... n=    4  mean=6.34375e-06  std=6.22646e-06  min= 2.167e-06  max=  1.55e-05
Timings{0}> particleSend........ n=    4  mean=1.32275e-06  std=9.76812e-07  min=  4.58e-07  max=  2.25e-06
Timings{0}> particleRecv........ n=    4  mean=9.4775e-07  std=7.79497e-07  min=  3.33e-07  max= 1.958e-06
Timings{0}> particleDestroy..... n=    4  mean=  6.98e-07  std=3.17909e-07  min=  4.17e-07  max= 1.125e-06
Timings{0}> particleWait........ n=    4  mean=4.4825e-07  std=2.46304e-07  min=   2.5e-07  max=  7.92e-07
Timings{0}> particleFreeBuffers. n=    4  mean=2.12475e-06  std=2.35827e-06  min=  4.16e-07  max= 5.416e-06
Timings{0}> particleDeserialize. n=    4  mean=2.05225e-06  std=1.71561e-06  min= 1.167e-06  max= 4.625e-06
Timings{0}> particleDeserResize. n=    4  mean= 1.875e-07  std=2.48261e-08  min=  1.66e-07  max=  2.09e-07
Timings{0}> particleDeserCopy... n=    4  mean=2.3975e-07  std=3.99531e-08  min=  2.08e-07  max=  2.92e-07
Timings{0}> computeMoments...... n=    5  mean=2.87082e-05  std=2.75335e-05  min=  1.25e-05  max=7.6875e-05
Timings{0}> TIntegration1....... n=    1  mean= 2.925e-05  std=         0  min= 2.925e-05  max= 2.925e-05
Timings{0}> TIntegration2....... n=    1  mean=1.4375e-05  std=         0  min=1.4375e-05  max=1.4375e-05
Timings{0}> External field eval. n=    1  mean=2.8541e-05  std=         0  min=2.8541e-05  max=2.8541e-05
Timings{0}> OrbThreader......... n=    1  mean=   1.05051  std=         0  min=   1.05051  max=   1.05051
Timings{0}> ---------------------------------------------
