Ippl{0}[2]> [AutoTune] seeding built-in scatter/gather defaults for Kokkos::OpenMP (set IPPL_AUTO_TUNE=1 to run the sweep instead)
OPAL-X{0}>               ____  _____        _       __   __
OPAL-X{0}> [1;32m
OPAL-X{0}> 
OPAL-X{0}>   ██████  ██████   █████  ██      ██   ██
OPAL-X{0}>  ██    ██ ██   ██ ██   ██ ██       ██ ██
OPAL-X{0}>  ██    ██ ██████  ███████ ██        ███
OPAL-X{0}>  ██    ██ ██      ██   ██ ██       ██ ██
OPAL-X{0}>   ██████  ██      ██   ██ ███████ ██   ██
OPAL-X{0}> 
OPAL-X{0}>          This is OPALX (Object Oriented Parallel Accelerator Library for Exascale)
OPAL-X{0}> 
OPAL-X{0}> [0m
OPAL-X{0}> 
OPAL-X{0}> OPALX is the performance portable version of OPAL :: Version 0.9
OPAL-X{0}>             git rev. 3ef744a461d3991f405e92692a173a5cbcfacaff
OPAL-X{0}> 
OPAL-X{0}> 
OPAL-X{0}>              (c) PSI, https://github.com/OPALX-project/OPALX
OPAL-X{0}> 
OPAL-X{0}> 
OPAL-X{0}> Please send cookies, goodies or other motivations (wine and beer ... ) 
OPAL-X{0}> to the OPAL developers https://github.com/OPALX-project/OPALX/issues
OPAL-X{0}> 
OPAL-X{0}> Time: 08:24:42 date: 05/09/2026
OPAL-X{0}> 
OPAL-X{0}> * Host:   OpenMP
OPAL-X{0}> * Device: OpenMP
OPAL-X{0}> 
OPAL-X{0}> * Reading input stream 'map-2-dba.in'
OPAL-X{0}> * ************* F I E L D S O L V E R ********************************************** 
OPAL-X{0}> * FIELDSOLVER  FS
OPAL-X{0}> * BINS         NONE
OPAL-X{0}> * TYPE         NONE
OPAL-X{0}> * RANKS        2
OPAL-X{0}> * NX           16
OPAL-X{0}> * NY           16
OPAL-X{0}> * NZ           16
OPAL-X{0}> * BBOXINCR     1
OPAL-X{0}> * GREENSF      INTEGRATED
OPAL-X{0}> * XDIM         parallel  
OPAL-X{0}> * YDIM         parallel  
OPAL-X{0}> * ZDIM         parallel  
OPAL-X{0}> * ********************************************************************************** 
OPAL-X{0}> 
OPAL-X{0}> * RUN resolved beams: BEAM1
OPAL-X{0}> * ************* B E A M ************************************************************ 
OPAL-X{0}> * BEAM        BEAM1
OPAL-X{0}> * PARTICLE    ELECTRON
OPAL-X{0}> * REST MASS   0.000510999 [GeV]
OPAL-X{0}> * CHARGE      -e * 1 
OPAL-X{0}> * MOMENTUM    1 [eV/c]
OPAL-X{0}> * MOMENTUM    0 [GeV/c]
OPAL-X{0}> * BCHARGE     1.60218e-19 [C]
OPAL-X{0}> * NALLOC      1
OPAL-X{0}> * ********************************************************************************** 
OPAL-X{0}> 
OPAL-X{0}[2]> * Beam[0] BEAM1 macro charge per particle [C]: -1.60218e-19
OPAL-X{0}[2]> * Beam[0] BEAM1 macro mass per particle [GeV/c^2]: 0.000510999
OPAL-X{0}[2]> * Beam[0] BEAM1 particles per macro particle: 1
OPAL-X{0}> 
OPAL-X{0}> * Creating new file for data: 'map-2-dba.stat'
OPAL-X{0}> * Creating new file for data: 'map-2-dba.lbal'
PartBunch::setSolver{0}[2]> Initializing solver: NONE
PartBunch::setBins{0}[2]> Solver FS has no binning command attached, not using binning.
PartBunch::pre_run{0}[2]> Starting pre_run...
OPAL-X{0}[2]> * BCHandler<3>: [OPEN, OPEN, OPEN]
FromFile::generateParticles{0}> FromFile: Loaded 1 particles from file '../reference-particle.txt'
FromFile::generateParticles{1}> FromFile: Loaded 1 particles from file '../reference-particle.txt'
FromFile::generateParticles{1}> Rank 1: 0 local particles
FromFile::generateParticles{0}> Rank 0: 1 local particles
OPAL-X{0}[2]> * Particle sampling / sampler setup for all emission sources done.
OPAL-X{0}> 
OPAL-X{0}> * ************** B U N C H ********************************************************* 
OPAL-X{0}> * CONTAINER       = 0
OPAL-X{0}> * PARTICLES       = 1
OPAL-X{0}> * CHARGE          = -1.602177e-19 (Cb) 
OPAL-X{0}> * QM STORAGE MODE = SINGLE
OPAL-X{0}> * <EKIN>          = 250.000 [MeV]
OPAL-X{0}> * <dEKIN>         = 0.000 [eV]
OPAL-X{0}> * INTEGRATOR      = LF2
OPAL-X{0}> * LB Threshold    = 5.000000e-02
OPAL-X{0}> * MIN R (origin)  = (      0.00000 ,      0.00000 ,      0.00000 ) [um]
OPAL-X{0}> * MAX R (max ext) = (      0.00000 ,      0.00000 ,      0.00000 ) [um]
OPAL-X{0}> * RMS R           = (      0.00000 ,      0.00000 ,      0.00000 ) [um]
OPAL-X{0}> * RMS P           = ( 0.000000e+00 , 0.000000e+00 , 0.000000e+00 ) [beta gamma]
OPAL-X{0}> * Mean R          = ( 0.000000e+00 , 0.000000e+00 , 0.000000e+00 ) [m]
OPAL-X{0}> * Mean P          = ( 0.000000e+00 , 0.000000e+00 , 4.902368e+02 ) [beta gamma]
OPAL-X{0}> * MESH SPACING    = (      0.00133 ,      0.00133 ,      0.00133 ) [um]
OPAL-X{0}> * COMPDOM INCR    = 1.000000e+00 (%) 
OPAL-X{0}> * FIELD LAYOUT    = Domain = {[0:15:1],[0:15:1],[0:15:1]}
OPAL-X{0}> Total number of boxes = 2
OPAL-X{0}>     Box 0 {[0:7:1],[0:15:1],[0:15:1]}
OPAL-X{0}>     Box 1 {[8:15:1],[0:15:1],[0:15:1]}
OPAL-X{0}> 
OPAL-X{0}> * Centroid : 
OPAL-X{0}> * 0.000000e+00 0.000000e+00 0.000000e+00 0.000000e+00 0.000000e+00 4.902368e+02 
OPAL-X{0}> * Cov Matrix : 
OPAL-X{0}> * 0.000000e+00 0.000000e+00 0.000000e+00 0.000000e+00 0.000000e+00 0.000000e+00 
OPAL-X{0}> * 0.000000e+00 0.000000e+00 0.000000e+00 0.000000e+00 0.000000e+00 0.000000e+00 
OPAL-X{0}> * 0.000000e+00 0.000000e+00 0.000000e+00 0.000000e+00 0.000000e+00 0.000000e+00 
OPAL-X{0}> * 0.000000e+00 0.000000e+00 0.000000e+00 0.000000e+00 0.000000e+00 0.000000e+00 
OPAL-X{0}> * 0.000000e+00 0.000000e+00 0.000000e+00 0.000000e+00 0.000000e+00 0.000000e+00 
OPAL-X{0}> * 0.000000e+00 0.000000e+00 0.000000e+00 0.000000e+00 0.000000e+00 0.000000e+00 
OPAL-X{0}> * * ********************************************************************************** 
OPAL-X{0}> 
ParallelTracker::execute{0}[2]> Dump initial phase space done.
OPAL-X{0}> * OrbitThreader dt_m= 3e-12
OPAL-X{0}> * Linear-map integrator: BORIS; Richardson levels: 0; formal differentiation order: 2; rays per segment: 12
OPAL-X{0}> * Linear-map starting perturbations (x,x',y,y',zeta,delta): 1.000000000000e-03 1.000000000000e-03 1.000000000000e-03 1.000000000000e-03 1.000000000000e-03 1.000000000000e-03
OPAL-X{0}> 
OPAL-X{0}> * Combined linear transfer map  (x, x', y, y', zeta, delta):
OPAL-X{0}>     -1.386354308610e+00  -1.278849367721e+00   0.000000000000e+00   0.000000000000e+00   0.000000000000e+00  -3.003762200058e-06
OPAL-X{0}>     -7.209437093043e-01  -1.386354242449e+00   0.000000000000e+00   0.000000000000e+00   0.000000000000e+00  -8.600417340520e-07
OPAL-X{0}>      0.000000000000e+00   0.000000000000e+00   3.851352097717e+00   1.040676353294e+01   0.000000000000e+00   0.000000000000e+00
OPAL-X{0}>      0.000000000000e+00   0.000000000000e+00   1.329223414924e+00   3.851352314277e+00   0.000000000000e+00   0.000000000000e+00
OPAL-X{0}>      8.402950835852e-07   2.996836803017e-06   0.000000000000e+00   0.000000000000e+00   1.000000000000e+00  -9.437583613468e-02
OPAL-X{0}>     -8.610805121300e-13  -3.683235263315e-12   0.000000000000e+00   0.000000000000e+00   0.000000000000e+00   1.000000000000e+00
OPAL-X{0}> * Volume-preservation diagnostic: PASS
OPAL-X{0}> *   |det(M) - 1| = 1.7645012e-07  (tolerance 1.0000000e-06)
OPAL-X{0}> * Canonical-form symplecticity diagnostic: PASS
OPAL-X{0}> *   max_ij |(M^T J M - J)_ij| = 2.2952717e-07  (tolerance 1.0000000e-06)
OPAL-X{0}> *   The reported slopes and mechanical momenta are not globally canonical;
OPAL-X{0}> *   this test is diagnostic unless the entrance/exit coordinates are canonical.
OPAL-X{0}> 
OPAL-X{0}> 
OPAL-X{0}> * Size of map 5 sections 
OPAL-X{0}> * Key: (0.000000 - 1.046873) number of overlapping elements 1
OPAL-X{0}> *                            B1
OPAL-X{0}> * Key: (1.046873 - 2.046979) number of overlapping elements 1
OPAL-X{0}> *                            D1
OPAL-X{0}> * Key: (2.046979 - 2.247539) number of overlapping elements 1
OPAL-X{0}> *                            QACH
OPAL-X{0}> * Key: (2.247539 - 3.247645) number of overlapping elements 1
OPAL-X{0}> *                            D2
OPAL-X{0}> * Key: (3.247645 - 4.294395) number of overlapping elements 1
OPAL-X{0}> *                            B2
OPAL-X{0}> 
OPAL-X{0}> * Creating new file for data: 'data/map-2-dba_ElementPositions.sdds'
OPAL-X{0}> * Track start at: 08:24:43, t= 0.000 [fs]; sStart at: 0.000 [um]
OPAL-X{0}> * Initial dt = 3.000 [ps]
OPAL-X{0}> * Max integration steps = 1, next step = 0
ParallelTracker::setOptionalVariables{0}[2]> REPARTFREQ 10
OPAL-X{0}>                dt [ns]           sStop [m]        num Steps [1]
OPAL-X{0}> ->         3.000000e-12        4.294395e+00                   1
PartBunch::performBunchSanityChecks{0}[2]> ========= Done performing PartBunch sanity checks... =========
ParallelTracker::execute{0}[2]> Starting track with dt = 3.000 [ps], track steps = 0 to 1.
OPAL-X{0}> * 08:24:43 Step      0 container[0] at 899.375 [um], t= 3.000 [ps], E=250.000 [MeV]
ParallelTracker::execute{0}[2]> Total FieldSolver calls: 0
ParallelTracker::execute{0}[2]> Total binary repartitions: 0
OPAL-X{0}> 
OPAL-X{0}> * Done executing ParallelTracker at 08:24:43
OPAL-X{0}> 
OPAL-X{0}> * End of input stream 'map-2-dba.in'
Timings{0}> ---------------------------------------------
Timings{0}>      Timing results for 2 rank(s):
Timings{0}> ---------------------------------------------
Timings{0}> mainTimer........... Wall tot =   0.958816
Timings{0}> 
Timings{0}> H5 open close....... Wall max =   0.003199
Timings{0}>                      Wall avg = 0.00314796
Timings{0}>                      Wall min = 0.00309692
Timings{0}> 
Timings{0}> H5 total step....... Wall max =          0
Timings{0}>                      Wall avg =          0
Timings{0}>                      Wall min =          0
Timings{0}> 
Timings{0}> H5 step header...... Wall max =          0
Timings{0}>                      Wall avg =          0
Timings{0}>                      Wall min =          0
Timings{0}> 
Timings{0}> H5 device host copy. Wall max =          0
Timings{0}>                      Wall avg =          0
Timings{0}>                      Wall min =          0
Timings{0}> 
Timings{0}> H5 dataset write.... Wall max =          0
Timings{0}>                      Wall avg =          0
Timings{0}>                      Wall min =          0
Timings{0}> 
Timings{0}> Write Stat.......... Wall max =          0
Timings{0}>                      Wall avg =          0
Timings{0}>                      Wall min =          0
Timings{0}> 
Timings{0}> findInternal........ Wall max =  2.709e-06
Timings{0}>                      Wall avg = 2.6465e-06
Timings{0}>                      Wall min =  2.584e-06
Timings{0}> 
Timings{0}> findPeriodic........ Wall max =   2.09e-07
Timings{0}>                      Wall avg =   2.09e-07
Timings{0}>                      Wall min =   2.09e-07
Timings{0}> 
Timings{0}> samplingTime........ Wall max = 0.000255459
Timings{0}>                      Wall avg = 0.000229334
Timings{0}>                      Wall min = 0.000203209
Timings{0}> 
Timings{0}> particleBC.......... Wall max = 4.5083e-05
Timings{0}>                      Wall avg = 2.70205e-05
Timings{0}>                      Wall min =  8.958e-06
Timings{0}> 
Timings{0}> updateParticle...... Wall max = 0.000489748
Timings{0}>                      Wall avg = 0.000466395
Timings{0}>                      Wall min = 0.000443042
Timings{0}> 
Timings{0}> locateParticles..... Wall max = 0.000205791
Timings{0}>                      Wall avg = 0.000194208
Timings{0}>                      Wall min = 0.000182625
Timings{0}> 
Timings{0}> sendPreprocess...... Wall max = 8.5041e-05
Timings{0}>                      Wall avg =  7.977e-05
Timings{0}>                      Wall min = 7.4499e-05
Timings{0}> 
Timings{0}> particleSend........ Wall max =   8.75e-06
Timings{0}>                      Wall avg = 8.4375e-06
Timings{0}>                      Wall min =  8.125e-06
Timings{0}> 
Timings{0}> particleRecv........ Wall max =  7.333e-06
Timings{0}>                      Wall avg = 7.1035e-06
Timings{0}>                      Wall min =  6.874e-06
Timings{0}> 
Timings{0}> particleDestroy..... Wall max =  5.375e-06
Timings{0}>                      Wall avg = 4.5425e-06
Timings{0}>                      Wall min =   3.71e-06
Timings{0}> 
Timings{0}> particleWait........ Wall max =  2.208e-06
Timings{0}>                      Wall avg =  2.042e-06
Timings{0}>                      Wall min =  1.876e-06
Timings{0}> 
Timings{0}> particleFreeBuffers. Wall max = 1.3709e-05
Timings{0}>                      Wall avg = 1.30005e-05
Timings{0}>                      Wall min = 1.2292e-05
Timings{0}> 
Timings{0}> particleDeserialize. Wall max =  8.708e-06
Timings{0}>                      Wall avg = 8.5625e-06
Timings{0}>                      Wall min =  8.417e-06
Timings{0}> 
Timings{0}> particleDeserResize. Wall max =   9.16e-07
Timings{0}>                      Wall avg =  8.125e-07
Timings{0}>                      Wall min =   7.09e-07
Timings{0}> 
Timings{0}> particleDeserCopy... Wall max =  1.125e-06
Timings{0}>                      Wall avg = 1.0415e-06
Timings{0}>                      Wall min =   9.58e-07
Timings{0}> 
Timings{0}> computeMoments...... Wall max = 0.000129168
Timings{0}>                      Wall avg = 0.000126105
Timings{0}>                      Wall min = 0.000123042
Timings{0}> 
Timings{0}> TIntegration1....... Wall max = 4.3125e-05
Timings{0}>                      Wall avg = 4.18545e-05
Timings{0}>                      Wall min = 4.0584e-05
Timings{0}> 
Timings{0}> TIntegration2....... Wall max =    1.6e-05
Timings{0}>                      Wall avg = 1.57085e-05
Timings{0}>                      Wall min = 1.5417e-05
Timings{0}> 
Timings{0}> External field eval. Wall max = 3.3209e-05
Timings{0}>                      Wall avg = 3.28335e-05
Timings{0}>                      Wall min = 3.2458e-05
Timings{0}> 
Timings{0}> Binaryrepart........ Wall max =          0
Timings{0}>                      Wall avg =          0
Timings{0}>                      Wall min =          0
Timings{0}> 
Timings{0}> OrbThreader......... Wall max =   0.926282
Timings{0}>                      Wall avg =   0.919283
Timings{0}>                      Wall min =   0.912283
Timings{0}> 
Timings{0}> ---------------------------------------------
Timings{0}>      Measurement counts:
Timings{0}> ---------------------------------------------
Timings{0}> mainTimer........... Count =          1
Timings{0}> H5 open close....... Count =          2
Timings{0}> H5 total step....... Count =          0
Timings{0}> H5 step header...... Count =          0
Timings{0}> H5 device host copy. Count =          0
Timings{0}> H5 dataset write.... Count =          0
Timings{0}> Write Stat.......... Count =          0
Timings{0}> findInternal........ Count =          1
Timings{0}> findPeriodic........ Count =          1
Timings{0}> samplingTime........ Count =          1
Timings{0}> particleBC.......... Count =          4
Timings{0}> updateParticle...... Count =          4
Timings{0}> locateParticles..... Count =          4
Timings{0}> sendPreprocess...... Count =          4
Timings{0}> particleSend........ Count =          4
Timings{0}> particleRecv........ Count =          4
Timings{0}> particleDestroy..... Count =          4
Timings{0}> particleWait........ Count =          4
Timings{0}> particleFreeBuffers. Count =          4
Timings{0}> particleDeserialize. Count =          4
Timings{0}> particleDeserResize. Count =          4
Timings{0}> particleDeserCopy... Count =          4
Timings{0}> computeMoments...... Count =          5
Timings{0}> TIntegration1....... Count =          1
Timings{0}> TIntegration2....... Count =          1
Timings{0}> External field eval. Count =          1
Timings{0}> Binaryrepart........ Count =          0
Timings{0}> OrbThreader......... Count =          1
Timings{0}> ---------------------------------------------
Timings{0}> ---------------------------------------------
Timings{0}>      Per-occurrence statistics:
Timings{0}> ---------------------------------------------
Timings{0}> mainTimer........... n=    1  mean=  0.958815  std=         0  min=  0.958815  max=  0.958815
Timings{0}> H5 open close....... n=    2  mean=0.00154846  std=0.00152323  min=0.000471375  max=0.00262554
Timings{0}> findInternal........ n=    1  mean= 2.584e-06  std=         0  min= 2.584e-06  max= 2.584e-06
Timings{0}> findPeriodic........ n=    1  mean=  2.09e-07  std=         0  min=  2.09e-07  max=  2.09e-07
Timings{0}> samplingTime........ n=    1  mean=0.000255459  std=         0  min=0.000255459  max=0.000255459
Timings{0}> particleBC.......... n=    4  mean=2.2395e-06  std=2.06249e-06  min=  4.17e-07  max= 4.208e-06
Timings{0}> updateParticle...... n=    4  mean=0.000122437  std=0.000152766  min=2.0208e-05  max=0.000344041
Timings{0}> locateParticles..... n=    4  mean=5.14478e-05  std=6.06408e-05  min=1.0458e-05  max=0.000139084
Timings{0}> sendPreprocess...... n=    4  mean=2.12603e-05  std=3.00126e-05  min= 2.458e-06  max=  6.55e-05
Timings{0}> particleSend........ n=    4  mean=2.03125e-06  std=2.38634e-06  min=  4.58e-07  max=   5.5e-06
Timings{0}> particleRecv........ n=    4  mean=1.7185e-06  std=1.60657e-06  min=  3.33e-07  max= 3.291e-06
Timings{0}> particleDestroy..... n=    4  mean=1.34375e-06  std=1.04801e-06  min=     5e-07  max= 2.708e-06
Timings{0}> particleWait........ n=    4  mean=  4.69e-07  std=3.03164e-07  min=   2.5e-07  max=  9.17e-07
Timings{0}> particleFreeBuffers. n=    4  mean= 3.073e-06  std=3.54973e-06  min=  3.75e-07  max= 7.917e-06
Timings{0}> particleDeserialize. n=    4  mean= 2.177e-06  std=1.86051e-06  min= 1.042e-06  max= 4.958e-06
Timings{0}> particleDeserResize. n=    4  mean=  2.29e-07  std=9.92807e-08  min=  1.66e-07  max=  3.75e-07
Timings{0}> particleDeserCopy... n=    4  mean= 2.395e-07  std=6.23351e-08  min=  2.08e-07  max=  3.33e-07
Timings{0}> computeMoments...... n=    5  mean=2.46084e-05  std=1.35562e-05  min=1.4459e-05  max=4.4166e-05
Timings{0}> TIntegration1....... n=    1  mean=4.3125e-05  std=         0  min=4.3125e-05  max=4.3125e-05
Timings{0}> TIntegration2....... n=    1  mean=1.5417e-05  std=         0  min=1.5417e-05  max=1.5417e-05
Timings{0}> External field eval. n=    1  mean=3.3209e-05  std=         0  min=3.3209e-05  max=3.3209e-05
Timings{0}> OrbThreader......... n=    1  mean=  0.926282  std=         0  min=  0.926282  max=  0.926282
Timings{0}> ---------------------------------------------
