Ippl{0}[2]> [AutoTune] seeding built-in scatter/gather defaults for Kokkos::OpenMP (set IPPL_AUTO_TUNE=1 to run the sweep instead)
OPAL-X{0}>               ____  _____        _       __   __
OPAL-X{0}> [1;32m
OPAL-X{0}> 
OPAL-X{0}>   ██████  ██████   █████  ██      ██   ██
OPAL-X{0}>  ██    ██ ██   ██ ██   ██ ██       ██ ██
OPAL-X{0}>  ██    ██ ██████  ███████ ██        ███
OPAL-X{0}>  ██    ██ ██      ██   ██ ██       ██ ██
OPAL-X{0}>   ██████  ██      ██   ██ ███████ ██   ██
OPAL-X{0}> 
OPAL-X{0}>          This is OPALX (Object Oriented Parallel Accelerator Library for Exascale)
OPAL-X{0}> 
OPAL-X{0}> [0m
OPAL-X{0}> 
OPAL-X{0}> OPALX is the performance portable version of OPAL :: Version 0.9
OPAL-X{0}>             git rev. 3ef744a461d3991f405e92692a173a5cbcfacaff
OPAL-X{0}> 
OPAL-X{0}> 
OPAL-X{0}>              (c) PSI, https://github.com/OPALX-project/OPALX
OPAL-X{0}> 
OPAL-X{0}> 
OPAL-X{0}> Please send cookies, goodies or other motivations (wine and beer ... ) 
OPAL-X{0}> to the OPAL developers https://github.com/OPALX-project/OPALX/issues
OPAL-X{0}> 
OPAL-X{0}> Time: 08:29:12 date: 05/09/2026
OPAL-X{0}> 
OPAL-X{0}> * Host:   OpenMP
OPAL-X{0}> * Device: OpenMP
OPAL-X{0}> 
OPAL-X{0}> * Reading input stream 'map-2-dba.in'
OPAL-X{0}> * ************* F I E L D S O L V E R ********************************************** 
OPAL-X{0}> * FIELDSOLVER  FS
OPAL-X{0}> * BINS         NONE
OPAL-X{0}> * TYPE         NONE
OPAL-X{0}> * RANKS        2
OPAL-X{0}> * NX           16
OPAL-X{0}> * NY           16
OPAL-X{0}> * NZ           16
OPAL-X{0}> * BBOXINCR     1
OPAL-X{0}> * GREENSF      INTEGRATED
OPAL-X{0}> * XDIM         parallel  
OPAL-X{0}> * YDIM         parallel  
OPAL-X{0}> * ZDIM         parallel  
OPAL-X{0}> * ********************************************************************************** 
OPAL-X{0}> 
OPAL-X{0}> * RUN resolved beams: BEAM1
OPAL-X{0}> * ************* B E A M ************************************************************ 
OPAL-X{0}> * BEAM        BEAM1
OPAL-X{0}> * PARTICLE    ELECTRON
OPAL-X{0}> * REST MASS   0.000510999 [GeV]
OPAL-X{0}> * CHARGE      -e * 1 
OPAL-X{0}> * MOMENTUM    1 [eV/c]
OPAL-X{0}> * MOMENTUM    0 [GeV/c]
OPAL-X{0}> * BCHARGE     1.60218e-19 [C]
OPAL-X{0}> * NALLOC      1
OPAL-X{0}> * ********************************************************************************** 
OPAL-X{0}> 
OPAL-X{0}[2]> * Beam[0] BEAM1 macro charge per particle [C]: -1.60218e-19
OPAL-X{0}[2]> * Beam[0] BEAM1 macro mass per particle [GeV/c^2]: 0.000510999
OPAL-X{0}[2]> * Beam[0] BEAM1 particles per macro particle: 1
OPAL-X{0}> 
OPAL-X{0}> * Creating new file for data: 'map-2-dba.stat'
OPAL-X{0}> * Creating new file for data: 'map-2-dba.lbal'
PartBunch::setSolver{0}[2]> Initializing solver: NONE
PartBunch::setBins{0}[2]> Solver FS has no binning command attached, not using binning.
PartBunch::pre_run{0}[2]> Starting pre_run...
OPAL-X{0}[2]> * BCHandler<3>: [OPEN, OPEN, OPEN]
FromFile::generateParticles{0}> FromFile: Loaded 1 particles from file '../reference-particle.txt'
FromFile::generateParticles{0}> Rank 0: 1 local particles
FromFile::generateParticles{1}> FromFile: Loaded 1 particles from file '../reference-particle.txt'
FromFile::generateParticles{1}> Rank 1: 0 local particles
OPAL-X{0}[2]> * Particle sampling / sampler setup for all emission sources done.
OPAL-X{0}> 
OPAL-X{0}> * ************** B U N C H ********************************************************* 
OPAL-X{0}> * CONTAINER       = 0
OPAL-X{0}> * PARTICLES       = 1
OPAL-X{0}> * CHARGE          = -1.602177e-19 (Cb) 
OPAL-X{0}> * QM STORAGE MODE = SINGLE
OPAL-X{0}> * <EKIN>          = 250.000 [MeV]
OPAL-X{0}> * <dEKIN>         = 0.000 [eV]
OPAL-X{0}> * INTEGRATOR      = LF2
OPAL-X{0}> * LB Threshold    = 5.000000e-02
OPAL-X{0}> * MIN R (origin)  = (      0.00000 ,      0.00000 ,      0.00000 ) [um]
OPAL-X{0}> * MAX R (max ext) = (      0.00000 ,      0.00000 ,      0.00000 ) [um]
OPAL-X{0}> * RMS R           = (      0.00000 ,      0.00000 ,      0.00000 ) [um]
OPAL-X{0}> * RMS P           = ( 0.000000e+00 , 0.000000e+00 , 0.000000e+00 ) [beta gamma]
OPAL-X{0}> * Mean R          = ( 0.000000e+00 , 0.000000e+00 , 0.000000e+00 ) [m]
OPAL-X{0}> * Mean P          = ( 0.000000e+00 , 0.000000e+00 , 4.902368e+02 ) [beta gamma]
OPAL-X{0}> * MESH SPACING    = (      0.00133 ,      0.00133 ,      0.00133 ) [um]
OPAL-X{0}> * COMPDOM INCR    = 1.000000e+00 (%) 
OPAL-X{0}> * FIELD LAYOUT    = Domain = {[0:15:1],[0:15:1],[0:15:1]}
OPAL-X{0}> Total number of boxes = 2
OPAL-X{0}>     Box 0 {[0:7:1],[0:15:1],[0:15:1]}
OPAL-X{0}>     Box 1 {[8:15:1],[0:15:1],[0:15:1]}
OPAL-X{0}> 
OPAL-X{0}> * Centroid : 
OPAL-X{0}> * 0.000000e+00 0.000000e+00 0.000000e+00 0.000000e+00 0.000000e+00 4.902368e+02 
OPAL-X{0}> * Cov Matrix : 
OPAL-X{0}> * 0.000000e+00 0.000000e+00 0.000000e+00 0.000000e+00 0.000000e+00 0.000000e+00 
OPAL-X{0}> * 0.000000e+00 0.000000e+00 0.000000e+00 0.000000e+00 0.000000e+00 0.000000e+00 
OPAL-X{0}> * 0.000000e+00 0.000000e+00 0.000000e+00 0.000000e+00 0.000000e+00 0.000000e+00 
OPAL-X{0}> * 0.000000e+00 0.000000e+00 0.000000e+00 0.000000e+00 0.000000e+00 0.000000e+00 
OPAL-X{0}> * 0.000000e+00 0.000000e+00 0.000000e+00 0.000000e+00 0.000000e+00 0.000000e+00 
OPAL-X{0}> * 0.000000e+00 0.000000e+00 0.000000e+00 0.000000e+00 0.000000e+00 0.000000e+00 
OPAL-X{0}> * * ********************************************************************************** 
OPAL-X{0}> 
ParallelTracker::execute{0}[2]> Dump initial phase space done.
OPAL-X{0}> * OrbitThreader dt_m= 1e-13
OPAL-X{0}> * Linear-map integrator: BORIS; Richardson levels: 4; formal differentiation order: 10; rays per segment: 60
OPAL-X{0}> * Linear-map starting perturbations (x,x',y,y',zeta,delta): 1.000000000000e-01 1.000000000000e-01 1.000000000000e-01 1.000000000000e-01 1.000000000000e-01 1.000000000000e-01
OPAL-X{0}> 
OPAL-X{0}> * Combined linear transfer map  (x, x', y, y', zeta, delta):
OPAL-X{0}>     -1.386352257981e+00  -1.278842329219e+00   0.000000000000e+00   0.000000000000e+00   0.000000000000e+00  -6.714802454453e-09
OPAL-X{0}>     -7.209431233680e-01  -1.386352257917e+00   0.000000000000e+00   0.000000000000e+00   0.000000000000e+00  -2.028137863411e-09
OPAL-X{0}>      0.000000000000e+00   0.000000000000e+00   3.851352100163e+00   1.040676316098e+01   0.000000000000e+00   0.000000000000e+00
OPAL-X{0}>      0.000000000000e+00   0.000000000000e+00   1.329223389156e+00   3.851352100046e+00   0.000000000000e+00   0.000000000000e+00
OPAL-X{0}>      2.027311328143e-09   6.711757422425e-09   0.000000000000e+00   0.000000000000e+00   1.000000000000e+00  -9.437723016389e-02
OPAL-X{0}>     -1.023768188920e-12   7.379654460393e-13   0.000000000000e+00   0.000000000000e+00   0.000000000000e+00   9.999999999979e-01
OPAL-X{0}> * Volume-preservation diagnostic: PASS
OPAL-X{0}> *   |det(M) - 1| = 4.0167869e-12  (tolerance 1.0000000e-06)
OPAL-X{0}> * Canonical-form symplecticity diagnostic: PASS
OPAL-X{0}> *   max_ij |(M^T J M - J)_ij| = 3.5859254e-12  (tolerance 1.0000000e-06)
OPAL-X{0}> *   The reported slopes and mechanical momenta are not globally canonical;
OPAL-X{0}> *   this test is diagnostic unless the entrance/exit coordinates are canonical.
OPAL-X{0}> 
OPAL-X{0}> 
OPAL-X{0}> * Size of map 5 sections 
OPAL-X{0}> * Key: (0.000000 - 1.047203) number of overlapping elements 1
OPAL-X{0}> *                            B1
OPAL-X{0}> * Key: (1.047203 - 2.047188) number of overlapping elements 1
OPAL-X{0}> *                            D1
OPAL-X{0}> * Key: (2.047188 - 2.247210) number of overlapping elements 1
OPAL-X{0}> *                            QACH
OPAL-X{0}> * Key: (2.247210 - 3.247195) number of overlapping elements 1
OPAL-X{0}> *                            D2
OPAL-X{0}> * Key: (3.247195 - 4.294395) number of overlapping elements 1
OPAL-X{0}> *                            B2
OPAL-X{0}> 
OPAL-X{0}> * Creating new file for data: 'data/map-2-dba_ElementPositions.sdds'
OPAL-X{0}> * Track start at: 08:30:10, t= 0.000 [fs]; sStart at: 0.000 [um]
OPAL-X{0}> * Initial dt = 100.000 [fs]
OPAL-X{0}> * Max integration steps = 1, next step = 0
ParallelTracker::setOptionalVariables{0}[2]> REPARTFREQ 10
OPAL-X{0}>                dt [ns]           sStop [m]        num Steps [1]
OPAL-X{0}> ->         1.000000e-13        4.294395e+00                   1
PartBunch::performBunchSanityChecks{0}[2]> ========= Done performing PartBunch sanity checks... =========
ParallelTracker::execute{0}[2]> Starting track with dt = 100.000 [fs], track steps = 0 to 1.
OPAL-X{0}> * 08:30:11 Step      0 container[0] at 29.979 [um], t= 100.000 [fs], E=250.000 [MeV]
ParallelTracker::execute{0}[2]> Total FieldSolver calls: 0
ParallelTracker::execute{0}[2]> Total binary repartitions: 0
OPAL-X{0}> 
OPAL-X{0}> * Done executing ParallelTracker at 08:30:11
OPAL-X{0}> 
OPAL-X{0}> * End of input stream 'map-2-dba.in'
Timings{0}> ---------------------------------------------
Timings{0}>      Timing results for 2 rank(s):
Timings{0}> ---------------------------------------------
Timings{0}> mainTimer........... Wall tot =    58.4327
Timings{0}> 
Timings{0}> H5 open close....... Wall max = 0.00347792
Timings{0}>                      Wall avg = 0.00335331
Timings{0}>                      Wall min = 0.00322871
Timings{0}> 
Timings{0}> H5 total step....... Wall max =          0
Timings{0}>                      Wall avg =          0
Timings{0}>                      Wall min =          0
Timings{0}> 
Timings{0}> H5 step header...... Wall max =          0
Timings{0}>                      Wall avg =          0
Timings{0}>                      Wall min =          0
Timings{0}> 
Timings{0}> H5 device host copy. Wall max =          0
Timings{0}>                      Wall avg =          0
Timings{0}>                      Wall min =          0
Timings{0}> 
Timings{0}> H5 dataset write.... Wall max =          0
Timings{0}>                      Wall avg =          0
Timings{0}>                      Wall min =          0
Timings{0}> 
Timings{0}> Write Stat.......... Wall max =          0
Timings{0}>                      Wall avg =          0
Timings{0}>                      Wall min =          0
Timings{0}> 
Timings{0}> findInternal........ Wall max =  3.125e-06
Timings{0}>                      Wall avg =  2.729e-06
Timings{0}>                      Wall min =  2.333e-06
Timings{0}> 
Timings{0}> findPeriodic........ Wall max =    2.5e-07
Timings{0}>                      Wall avg =  2.085e-07
Timings{0}>                      Wall min =   1.67e-07
Timings{0}> 
Timings{0}> samplingTime........ Wall max = 0.000245375
Timings{0}>                      Wall avg = 0.000216521
Timings{0}>                      Wall min = 0.000187667
Timings{0}> 
Timings{0}> particleBC.......... Wall max =  7.294e-06
Timings{0}>                      Wall avg = 6.6685e-06
Timings{0}>                      Wall min =  6.043e-06
Timings{0}> 
Timings{0}> updateParticle...... Wall max = 0.000178374
Timings{0}>                      Wall avg = 0.000178124
Timings{0}>                      Wall min = 0.000177875
Timings{0}> 
Timings{0}> locateParticles..... Wall max = 7.7417e-05
Timings{0}>                      Wall avg = 7.6521e-05
Timings{0}>                      Wall min = 7.5625e-05
Timings{0}> 
Timings{0}> sendPreprocess...... Wall max = 2.2124e-05
Timings{0}>                      Wall avg = 1.94785e-05
Timings{0}>                      Wall min = 1.6833e-05
Timings{0}> 
Timings{0}> particleSend........ Wall max =    5.5e-06
Timings{0}>                      Wall avg =  5.458e-06
Timings{0}>                      Wall min =  5.416e-06
Timings{0}> 
Timings{0}> particleRecv........ Wall max =  4.167e-06
Timings{0}>                      Wall avg =  4.104e-06
Timings{0}>                      Wall min =  4.041e-06
Timings{0}> 
Timings{0}> particleDestroy..... Wall max =   2.75e-06
Timings{0}>                      Wall avg = 2.6465e-06
Timings{0}>                      Wall min =  2.543e-06
Timings{0}> 
Timings{0}> particleWait........ Wall max =  1.874e-06
Timings{0}>                      Wall avg =  1.854e-06
Timings{0}>                      Wall min =  1.834e-06
Timings{0}> 
Timings{0}> particleFreeBuffers. Wall max =  7.792e-06
Timings{0}>                      Wall avg =  7.625e-06
Timings{0}>                      Wall min =  7.458e-06
Timings{0}> 
Timings{0}> particleDeserialize. Wall max =    8.5e-06
Timings{0}>                      Wall avg = 8.4585e-06
Timings{0}>                      Wall min =  8.417e-06
Timings{0}> 
Timings{0}> particleDeserResize. Wall max =   9.17e-07
Timings{0}>                      Wall avg =   7.92e-07
Timings{0}>                      Wall min =   6.67e-07
Timings{0}> 
Timings{0}> particleDeserCopy... Wall max =   9.58e-07
Timings{0}>                      Wall avg =  9.165e-07
Timings{0}>                      Wall min =   8.75e-07
Timings{0}> 
Timings{0}> computeMoments...... Wall max = 0.000100042
Timings{0}>                      Wall avg = 9.94175e-05
Timings{0}>                      Wall min = 9.8793e-05
Timings{0}> 
Timings{0}> TIntegration1....... Wall max =  3.475e-05
Timings{0}>                      Wall avg = 3.34585e-05
Timings{0}>                      Wall min = 3.2167e-05
Timings{0}> 
Timings{0}> TIntegration2....... Wall max =  2.575e-05
Timings{0}>                      Wall avg = 1.99585e-05
Timings{0}>                      Wall min = 1.4167e-05
Timings{0}> 
Timings{0}> External field eval. Wall max = 2.8834e-05
Timings{0}>                      Wall avg = 2.78545e-05
Timings{0}>                      Wall min = 2.6875e-05
Timings{0}> 
Timings{0}> Binaryrepart........ Wall max =          0
Timings{0}>                      Wall avg =          0
Timings{0}>                      Wall min =          0
Timings{0}> 
Timings{0}> OrbThreader......... Wall max =     58.401
Timings{0}>                      Wall avg =    58.3027
Timings{0}>                      Wall min =    58.2044
Timings{0}> 
Timings{0}> ---------------------------------------------
Timings{0}>      Measurement counts:
Timings{0}> ---------------------------------------------
Timings{0}> mainTimer........... Count =          1
Timings{0}> H5 open close....... Count =          2
Timings{0}> H5 total step....... Count =          0
Timings{0}> H5 step header...... Count =          0
Timings{0}> H5 device host copy. Count =          0
Timings{0}> H5 dataset write.... Count =          0
Timings{0}> Write Stat.......... Count =          0
Timings{0}> findInternal........ Count =          1
Timings{0}> findPeriodic........ Count =          1
Timings{0}> samplingTime........ Count =          1
Timings{0}> particleBC.......... Count =          4
Timings{0}> updateParticle...... Count =          4
Timings{0}> locateParticles..... Count =          4
Timings{0}> sendPreprocess...... Count =          4
Timings{0}> particleSend........ Count =          4
Timings{0}> particleRecv........ Count =          4
Timings{0}> particleDestroy..... Count =          4
Timings{0}> particleWait........ Count =          4
Timings{0}> particleFreeBuffers. Count =          4
Timings{0}> particleDeserialize. Count =          4
Timings{0}> particleDeserResize. Count =          4
Timings{0}> particleDeserCopy... Count =          4
Timings{0}> computeMoments...... Count =          5
Timings{0}> TIntegration1....... Count =          1
Timings{0}> TIntegration2....... Count =          1
Timings{0}> External field eval. Count =          1
Timings{0}> Binaryrepart........ Count =          0
Timings{0}> OrbThreader......... Count =          1
Timings{0}> ---------------------------------------------
Timings{0}> ---------------------------------------------
Timings{0}>      Per-occurrence statistics:
Timings{0}> ---------------------------------------------
Timings{0}> mainTimer........... n=    1  mean=   58.4327  std=         0  min=   58.4327  max=   58.4327
Timings{0}> H5 open close....... n=    2  mean=0.00161435  std=0.00170351  min=0.000409792  max=0.00281892
Timings{0}> findInternal........ n=    1  mean= 3.125e-06  std=         0  min= 3.125e-06  max= 3.125e-06
Timings{0}> findPeriodic........ n=    1  mean=   2.5e-07  std=         0  min=   2.5e-07  max=   2.5e-07
Timings{0}> samplingTime........ n=    1  mean=0.000187667  std=         0  min=0.000187667  max=0.000187667
Timings{0}> particleBC.......... n=    4  mean=1.51075e-06  std=1.47282e-06  min=  4.59e-07  max= 3.583e-06
Timings{0}> updateParticle...... n=    4  mean=4.44688e-05  std=2.66921e-05  min=2.1708e-05  max=8.1208e-05
Timings{0}> locateParticles..... n=    4  mean=1.89063e-05  std=9.88002e-06  min= 1.025e-05  max=3.0208e-05
Timings{0}> sendPreprocess...... n=    4  mean= 5.531e-06  std=3.70905e-06  min= 2.583e-06  max=1.0958e-05
Timings{0}> particleSend........ n=    4  mean= 1.354e-06  std=1.03518e-06  min=  4.58e-07  max= 2.292e-06
Timings{0}> particleRecv........ n=    4  mean=1.01025e-06  std=7.88566e-07  min=  3.75e-07  max=     2e-06
Timings{0}> particleDestroy..... n=    4  mean=6.3575e-07  std=1.60724e-07  min=  4.59e-07  max=  7.92e-07
Timings{0}> particleWait........ n=    4  mean= 4.585e-07  std=2.23193e-07  min=   2.5e-07  max=  7.09e-07
Timings{0}> particleFreeBuffers. n=    4  mean=1.8645e-06  std=1.91247e-06  min=  3.75e-07  max= 4.416e-06
Timings{0}> particleDeserialize. n=    4  mean=2.10425e-06  std=1.79603e-06  min= 1.083e-06  max= 4.792e-06
Timings{0}> particleDeserResize. n=    4  mean=2.2925e-07  std=9.96306e-08  min=  1.25e-07  max=  3.34e-07
Timings{0}> particleDeserCopy... n=    4  mean=2.1875e-07  std=4.01279e-08  min=  1.66e-07  max=   2.5e-07
Timings{0}> computeMoments...... n=    5  mean=2.00084e-05  std=8.67747e-06  min=1.2459e-05  max=3.3042e-05
Timings{0}> TIntegration1....... n=    1  mean=3.2167e-05  std=         0  min=3.2167e-05  max=3.2167e-05
Timings{0}> TIntegration2....... n=    1  mean=1.4167e-05  std=         0  min=1.4167e-05  max=1.4167e-05
Timings{0}> External field eval. n=    1  mean=2.8834e-05  std=         0  min=2.8834e-05  max=2.8834e-05
Timings{0}> OrbThreader......... n=    1  mean=   58.2044  std=         0  min=   58.2044  max=   58.2044
Timings{0}> ---------------------------------------------
