Ippl{0}[2]> [AutoTune] seeding built-in scatter/gather defaults for Kokkos::OpenMP (set IPPL_AUTO_TUNE=1 to run the sweep instead)
OPAL-X{0}>               ____  _____        _       __   __
OPAL-X{0}> [1;32m
OPAL-X{0}> 
OPAL-X{0}>   ██████  ██████   █████  ██      ██   ██
OPAL-X{0}>  ██    ██ ██   ██ ██   ██ ██       ██ ██
OPAL-X{0}>  ██    ██ ██████  ███████ ██        ███
OPAL-X{0}>  ██    ██ ██      ██   ██ ██       ██ ██
OPAL-X{0}>   ██████  ██      ██   ██ ███████ ██   ██
OPAL-X{0}> 
OPAL-X{0}>          This is OPALX (Object Oriented Parallel Accelerator Library for Exascale)
OPAL-X{0}> 
OPAL-X{0}> [0m
OPAL-X{0}> 
OPAL-X{0}> OPALX is the performance portable version of OPAL :: Version 0.9
OPAL-X{0}>             git rev. 3ef744a461d3991f405e92692a173a5cbcfacaff
OPAL-X{0}> 
OPAL-X{0}> 
OPAL-X{0}>              (c) PSI, https://github.com/OPALX-project/OPALX
OPAL-X{0}> 
OPAL-X{0}> 
OPAL-X{0}> Please send cookies, goodies or other motivations (wine and beer ... ) 
OPAL-X{0}> to the OPAL developers https://github.com/OPALX-project/OPALX/issues
OPAL-X{0}> 
OPAL-X{0}> Time: 08:28:25 date: 05/09/2026
OPAL-X{0}> 
OPAL-X{0}> * Host:   OpenMP
OPAL-X{0}> * Device: OpenMP
OPAL-X{0}> 
OPAL-X{0}> * Reading input stream 'map-2-dba.in'
OPAL-X{0}> * ************* F I E L D S O L V E R ********************************************** 
OPAL-X{0}> * FIELDSOLVER  FS
OPAL-X{0}> * BINS         NONE
OPAL-X{0}> * TYPE         NONE
OPAL-X{0}> * RANKS        2
OPAL-X{0}> * NX           16
OPAL-X{0}> * NY           16
OPAL-X{0}> * NZ           16
OPAL-X{0}> * BBOXINCR     1
OPAL-X{0}> * GREENSF      INTEGRATED
OPAL-X{0}> * XDIM         parallel  
OPAL-X{0}> * YDIM         parallel  
OPAL-X{0}> * ZDIM         parallel  
OPAL-X{0}> * ********************************************************************************** 
OPAL-X{0}> 
OPAL-X{0}> * RUN resolved beams: BEAM1
OPAL-X{0}> * ************* B E A M ************************************************************ 
OPAL-X{0}> * BEAM        BEAM1
OPAL-X{0}> * PARTICLE    ELECTRON
OPAL-X{0}> * REST MASS   0.000510999 [GeV]
OPAL-X{0}> * CHARGE      -e * 1 
OPAL-X{0}> * MOMENTUM    1 [eV/c]
OPAL-X{0}> * MOMENTUM    0 [GeV/c]
OPAL-X{0}> * BCHARGE     1.60218e-19 [C]
OPAL-X{0}> * NALLOC      1
OPAL-X{0}> * ********************************************************************************** 
OPAL-X{0}> 
OPAL-X{0}[2]> * Beam[0] BEAM1 macro charge per particle [C]: -1.60218e-19
OPAL-X{0}[2]> * Beam[0] BEAM1 macro mass per particle [GeV/c^2]: 0.000510999
OPAL-X{0}[2]> * Beam[0] BEAM1 particles per macro particle: 1
OPAL-X{0}> 
OPAL-X{0}> * Creating new file for data: 'map-2-dba.stat'
OPAL-X{0}> * Creating new file for data: 'map-2-dba.lbal'
PartBunch::setSolver{0}[2]> Initializing solver: NONE
PartBunch::setBins{0}[2]> Solver FS has no binning command attached, not using binning.
PartBunch::pre_run{0}[2]> Starting pre_run...
OPAL-X{0}[2]> * BCHandler<3>: [OPEN, OPEN, OPEN]
FromFile::generateParticles{0}> FromFile: Loaded 1 particles from file '../reference-particle.txt'
FromFile::generateParticles{1}> FromFile: Loaded 1 particles from file '../reference-particle.txt'
FromFile::generateParticles{1}> Rank 1: 0 local particles
FromFile::generateParticles{0}> Rank 0: 1 local particles
OPAL-X{0}[2]> * Particle sampling / sampler setup for all emission sources done.
OPAL-X{0}> 
OPAL-X{0}> * ************** B U N C H ********************************************************* 
OPAL-X{0}> * CONTAINER       = 0
OPAL-X{0}> * PARTICLES       = 1
OPAL-X{0}> * CHARGE          = -1.602177e-19 (Cb) 
OPAL-X{0}> * QM STORAGE MODE = SINGLE
OPAL-X{0}> * <EKIN>          = 250.000 [MeV]
OPAL-X{0}> * <dEKIN>         = 0.000 [eV]
OPAL-X{0}> * INTEGRATOR      = LF2
OPAL-X{0}> * LB Threshold    = 5.000000e-02
OPAL-X{0}> * MIN R (origin)  = (      0.00000 ,      0.00000 ,      0.00000 ) [um]
OPAL-X{0}> * MAX R (max ext) = (      0.00000 ,      0.00000 ,      0.00000 ) [um]
OPAL-X{0}> * RMS R           = (      0.00000 ,      0.00000 ,      0.00000 ) [um]
OPAL-X{0}> * RMS P           = ( 0.000000e+00 , 0.000000e+00 , 0.000000e+00 ) [beta gamma]
OPAL-X{0}> * Mean R          = ( 0.000000e+00 , 0.000000e+00 , 0.000000e+00 ) [m]
OPAL-X{0}> * Mean P          = ( 0.000000e+00 , 0.000000e+00 , 4.902368e+02 ) [beta gamma]
OPAL-X{0}> * MESH SPACING    = (      0.00133 ,      0.00133 ,      0.00133 ) [um]
OPAL-X{0}> * COMPDOM INCR    = 1.000000e+00 (%) 
OPAL-X{0}> * FIELD LAYOUT    = Domain = {[0:15:1],[0:15:1],[0:15:1]}
OPAL-X{0}> Total number of boxes = 2
OPAL-X{0}>     Box 0 {[0:7:1],[0:15:1],[0:15:1]}
OPAL-X{0}>     Box 1 {[8:15:1],[0:15:1],[0:15:1]}
OPAL-X{0}> 
OPAL-X{0}> * Centroid : 
OPAL-X{0}> * 0.000000e+00 0.000000e+00 0.000000e+00 0.000000e+00 0.000000e+00 4.902368e+02 
OPAL-X{0}> * Cov Matrix : 
OPAL-X{0}> * 0.000000e+00 0.000000e+00 0.000000e+00 0.000000e+00 0.000000e+00 0.000000e+00 
OPAL-X{0}> * 0.000000e+00 0.000000e+00 0.000000e+00 0.000000e+00 0.000000e+00 0.000000e+00 
OPAL-X{0}> * 0.000000e+00 0.000000e+00 0.000000e+00 0.000000e+00 0.000000e+00 0.000000e+00 
OPAL-X{0}> * 0.000000e+00 0.000000e+00 0.000000e+00 0.000000e+00 0.000000e+00 0.000000e+00 
OPAL-X{0}> * 0.000000e+00 0.000000e+00 0.000000e+00 0.000000e+00 0.000000e+00 0.000000e+00 
OPAL-X{0}> * 0.000000e+00 0.000000e+00 0.000000e+00 0.000000e+00 0.000000e+00 0.000000e+00 
OPAL-X{0}> * * ********************************************************************************** 
OPAL-X{0}> 
ParallelTracker::execute{0}[2]> Dump initial phase space done.
OPAL-X{0}> * OrbitThreader dt_m= 1e-13
OPAL-X{0}> * Linear-map integrator: BORIS; Richardson levels: 3; formal differentiation order: 8; rays per segment: 48
OPAL-X{0}> * Linear-map starting perturbations (x,x',y,y',zeta,delta): 1.000000000000e-01 1.000000000000e-01 1.000000000000e-01 1.000000000000e-01 1.000000000000e-01 1.000000000000e-01
OPAL-X{0}> 
OPAL-X{0}> * Combined linear transfer map  (x, x', y, y', zeta, delta):
OPAL-X{0}>     -1.386352257978e+00  -1.278842329214e+00   0.000000000000e+00   0.000000000000e+00   0.000000000000e+00  -6.714994740616e-09
OPAL-X{0}>     -7.209431233687e-01  -1.386352257918e+00   0.000000000000e+00   0.000000000000e+00   0.000000000000e+00  -2.032159697794e-09
OPAL-X{0}>      0.000000000000e+00   0.000000000000e+00   3.851352100144e+00   1.040676316093e+01   0.000000000000e+00   0.000000000000e+00
OPAL-X{0}>      0.000000000000e+00   0.000000000000e+00   1.329223389147e+00   3.851352100026e+00   0.000000000000e+00   0.000000000000e+00
OPAL-X{0}>      2.025858940960e-09   6.709169599949e-09   0.000000000000e+00   0.000000000000e+00   1.000000000000e+00  -9.437723016585e-02
OPAL-X{0}>     -7.587208565855e-13  -1.013694651962e-12   0.000000000000e+00   0.000000000000e+00   0.000000000000e+00   9.999999999979e-01
OPAL-X{0}> * Volume-preservation diagnostic: PASS
OPAL-X{0}> *   |det(M) - 1| = 1.4228618e-12  (tolerance 1.0000000e-06)
OPAL-X{0}> * Canonical-form symplecticity diagnostic: PASS
OPAL-X{0}> *   max_ij |(M^T J M - J)_ij| = 2.1225244e-12  (tolerance 1.0000000e-06)
OPAL-X{0}> *   The reported slopes and mechanical momenta are not globally canonical;
OPAL-X{0}> *   this test is diagnostic unless the entrance/exit coordinates are canonical.
OPAL-X{0}> 
OPAL-X{0}> 
OPAL-X{0}> * Size of map 5 sections 
OPAL-X{0}> * Key: (0.000000 - 1.047203) number of overlapping elements 1
OPAL-X{0}> *                            B1
OPAL-X{0}> * Key: (1.047203 - 2.047188) number of overlapping elements 1
OPAL-X{0}> *                            D1
OPAL-X{0}> * Key: (2.047188 - 2.247210) number of overlapping elements 1
OPAL-X{0}> *                            QACH
OPAL-X{0}> * Key: (2.247210 - 3.247195) number of overlapping elements 1
OPAL-X{0}> *                            D2
OPAL-X{0}> * Key: (3.247195 - 4.294395) number of overlapping elements 1
OPAL-X{0}> *                            B2
OPAL-X{0}> 
OPAL-X{0}> * Creating new file for data: 'data/map-2-dba_ElementPositions.sdds'
OPAL-X{0}> * Track start at: 08:29:12, t= 0.000 [fs]; sStart at: 0.000 [um]
OPAL-X{0}> * Initial dt = 100.000 [fs]
OPAL-X{0}> * Max integration steps = 1, next step = 0
ParallelTracker::setOptionalVariables{0}[2]> REPARTFREQ 10
OPAL-X{0}>                dt [ns]           sStop [m]        num Steps [1]
OPAL-X{0}> ->         1.000000e-13        4.294395e+00                   1
PartBunch::performBunchSanityChecks{0}[2]> ========= Done performing PartBunch sanity checks... =========
ParallelTracker::execute{0}[2]> Starting track with dt = 100.000 [fs], track steps = 0 to 1.
OPAL-X{0}> * 08:29:12 Step      0 container[0] at 29.979 [um], t= 100.000 [fs], E=250.000 [MeV]
ParallelTracker::execute{0}[2]> Total FieldSolver calls: 0
ParallelTracker::execute{0}[2]> Total binary repartitions: 0
OPAL-X{0}> 
OPAL-X{0}> * Done executing ParallelTracker at 08:29:12
OPAL-X{0}> 
OPAL-X{0}> * End of input stream 'map-2-dba.in'
Timings{0}> ---------------------------------------------
Timings{0}>      Timing results for 2 rank(s):
Timings{0}> ---------------------------------------------
Timings{0}> mainTimer........... Wall tot =    47.2412
Timings{0}> 
Timings{0}> H5 open close....... Wall max =  0.0033085
Timings{0}>                      Wall avg = 0.00322183
Timings{0}>                      Wall min = 0.00313517
Timings{0}> 
Timings{0}> H5 total step....... Wall max =          0
Timings{0}>                      Wall avg =          0
Timings{0}>                      Wall min =          0
Timings{0}> 
Timings{0}> H5 step header...... Wall max =          0
Timings{0}>                      Wall avg =          0
Timings{0}>                      Wall min =          0
Timings{0}> 
Timings{0}> H5 device host copy. Wall max =          0
Timings{0}>                      Wall avg =          0
Timings{0}>                      Wall min =          0
Timings{0}> 
Timings{0}> H5 dataset write.... Wall max =          0
Timings{0}>                      Wall avg =          0
Timings{0}>                      Wall min =          0
Timings{0}> 
Timings{0}> Write Stat.......... Wall max =          0
Timings{0}>                      Wall avg =          0
Timings{0}>                      Wall min =          0
Timings{0}> 
Timings{0}> findInternal........ Wall max =  2.833e-06
Timings{0}>                      Wall avg =  2.646e-06
Timings{0}>                      Wall min =  2.459e-06
Timings{0}> 
Timings{0}> findPeriodic........ Wall max =   2.09e-07
Timings{0}>                      Wall avg =   1.88e-07
Timings{0}>                      Wall min =   1.67e-07
Timings{0}> 
Timings{0}> samplingTime........ Wall max = 0.000263208
Timings{0}>                      Wall avg = 0.000233021
Timings{0}>                      Wall min = 0.000202833
Timings{0}> 
Timings{0}> particleBC.......... Wall max =  6.583e-06
Timings{0}>                      Wall avg =  6.354e-06
Timings{0}>                      Wall min =  6.125e-06
Timings{0}> 
Timings{0}> updateParticle...... Wall max = 0.000172792
Timings{0}>                      Wall avg = 0.000171125
Timings{0}>                      Wall min = 0.000169458
Timings{0}> 
Timings{0}> locateParticles..... Wall max = 7.5207e-05
Timings{0}>                      Wall avg = 7.43735e-05
Timings{0}>                      Wall min =  7.354e-05
Timings{0}> 
Timings{0}> sendPreprocess...... Wall max = 1.8293e-05
Timings{0}>                      Wall avg = 1.4667e-05
Timings{0}>                      Wall min = 1.1041e-05
Timings{0}> 
Timings{0}> particleSend........ Wall max =  5.459e-06
Timings{0}>                      Wall avg =  5.396e-06
Timings{0}>                      Wall min =  5.333e-06
Timings{0}> 
Timings{0}> particleRecv........ Wall max =  3.959e-06
Timings{0}>                      Wall avg = 3.9165e-06
Timings{0}>                      Wall min =  3.874e-06
Timings{0}> 
Timings{0}> particleDestroy..... Wall max =  2.583e-06
Timings{0}>                      Wall avg =  2.583e-06
Timings{0}>                      Wall min =  2.583e-06
Timings{0}> 
Timings{0}> particleWait........ Wall max =  1.874e-06
Timings{0}>                      Wall avg = 1.8535e-06
Timings{0}>                      Wall min =  1.833e-06
Timings{0}> 
Timings{0}> particleFreeBuffers. Wall max =  8.541e-06
Timings{0}>                      Wall avg =  8.479e-06
Timings{0}>                      Wall min =  8.417e-06
Timings{0}> 
Timings{0}> particleDeserialize. Wall max =  8.458e-06
Timings{0}>                      Wall avg =  8.354e-06
Timings{0}>                      Wall min =   8.25e-06
Timings{0}> 
Timings{0}> particleDeserResize. Wall max =   7.51e-07
Timings{0}>                      Wall avg =  7.295e-07
Timings{0}>                      Wall min =   7.08e-07
Timings{0}> 
Timings{0}> particleDeserCopy... Wall max =   9.58e-07
Timings{0}>                      Wall avg =  9.375e-07
Timings{0}>                      Wall min =   9.17e-07
Timings{0}> 
Timings{0}> computeMoments...... Wall max = 9.1582e-05
Timings{0}>                      Wall avg = 9.0937e-05
Timings{0}>                      Wall min = 9.0292e-05
Timings{0}> 
Timings{0}> TIntegration1....... Wall max = 1.8667e-05
Timings{0}>                      Wall avg =  1.825e-05
Timings{0}>                      Wall min = 1.7833e-05
Timings{0}> 
Timings{0}> TIntegration2....... Wall max = 1.4791e-05
Timings{0}>                      Wall avg = 1.40625e-05
Timings{0}>                      Wall min = 1.3334e-05
Timings{0}> 
Timings{0}> External field eval. Wall max = 2.6958e-05
Timings{0}>                      Wall avg = 2.64995e-05
Timings{0}>                      Wall min = 2.6041e-05
Timings{0}> 
Timings{0}> Binaryrepart........ Wall max =          0
Timings{0}>                      Wall avg =          0
Timings{0}>                      Wall min =          0
Timings{0}> 
Timings{0}> OrbThreader......... Wall max =      47.21
Timings{0}>                      Wall avg =    47.1907
Timings{0}>                      Wall min =    47.1714
Timings{0}> 
Timings{0}> ---------------------------------------------
Timings{0}>      Measurement counts:
Timings{0}> ---------------------------------------------
Timings{0}> mainTimer........... Count =          1
Timings{0}> H5 open close....... Count =          2
Timings{0}> H5 total step....... Count =          0
Timings{0}> H5 step header...... Count =          0
Timings{0}> H5 device host copy. Count =          0
Timings{0}> H5 dataset write.... Count =          0
Timings{0}> Write Stat.......... Count =          0
Timings{0}> findInternal........ Count =          1
Timings{0}> findPeriodic........ Count =          1
Timings{0}> samplingTime........ Count =          1
Timings{0}> particleBC.......... Count =          4
Timings{0}> updateParticle...... Count =          4
Timings{0}> locateParticles..... Count =          4
Timings{0}> sendPreprocess...... Count =          4
Timings{0}> particleSend........ Count =          4
Timings{0}> particleRecv........ Count =          4
Timings{0}> particleDestroy..... Count =          4
Timings{0}> particleWait........ Count =          4
Timings{0}> particleFreeBuffers. Count =          4
Timings{0}> particleDeserialize. Count =          4
Timings{0}> particleDeserResize. Count =          4
Timings{0}> particleDeserCopy... Count =          4
Timings{0}> computeMoments...... Count =          5
Timings{0}> TIntegration1....... Count =          1
Timings{0}> TIntegration2....... Count =          1
Timings{0}> External field eval. Count =          1
Timings{0}> Binaryrepart........ Count =          0
Timings{0}> OrbThreader......... Count =          1
Timings{0}> ---------------------------------------------
Timings{0}> ---------------------------------------------
Timings{0}>      Per-occurrence statistics:
Timings{0}> ---------------------------------------------
Timings{0}> mainTimer........... n=    1  mean=   47.2412  std=         0  min=   47.2412  max=   47.2412
Timings{0}> H5 open close....... n=    2  mean=0.00156758  std=0.00136136  min=0.000604958  max=0.00253021
Timings{0}> findInternal........ n=    1  mean= 2.833e-06  std=         0  min= 2.833e-06  max= 2.833e-06
Timings{0}> findPeriodic........ n=    1  mean=  1.67e-07  std=         0  min=  1.67e-07  max=  1.67e-07
Timings{0}> samplingTime........ n=    1  mean=0.000202833  std=         0  min=0.000202833  max=0.000202833
Timings{0}> particleBC.......... n=    4  mean=1.53125e-06  std=1.93299e-06  min=  4.16e-07  max= 4.417e-06
Timings{0}> updateParticle...... n=    4  mean=4.23645e-05  std=2.92498e-05  min=1.9375e-05  max=8.2583e-05
Timings{0}> locateParticles..... n=    4  mean=1.88018e-05  std=9.68089e-06  min=1.0666e-05  max=3.0583e-05
Timings{0}> sendPreprocess...... n=    4  mean=2.76025e-06  std=9.65279e-07  min= 1.708e-06  max= 3.916e-06
Timings{0}> particleSend........ n=    4  mean=1.33325e-06  std=1.00419e-06  min=  4.58e-07  max= 2.417e-06
Timings{0}> particleRecv........ n=    4  mean=9.8975e-07  std=8.23871e-07  min=  3.33e-07  max= 2.042e-06
Timings{0}> particleDestroy..... n=    4  mean=6.4575e-07  std=2.11301e-07  min=  4.58e-07  max=  9.17e-07
Timings{0}> particleWait........ n=    4  mean=4.5825e-07  std=2.47974e-07  min=   2.5e-07  max=  7.92e-07
Timings{0}> particleFreeBuffers. n=    4  mean=2.10425e-06  std=2.16931e-06  min=  3.75e-07  max= 4.917e-06
Timings{0}> particleDeserialize. n=    4  mean=2.1145e-06  std=1.81646e-06  min= 1.042e-06  max= 4.833e-06
Timings{0}> particleDeserResize. n=    4  mean=  1.77e-07  std=3.96905e-08  min=  1.25e-07  max=  2.08e-07
Timings{0}> particleDeserCopy... n=    4  mean=2.2925e-07  std=2.39635e-08  min=  2.08e-07  max=   2.5e-07
Timings{0}> computeMoments...... n=    5  mean=1.80584e-05  std=9.06281e-06  min=1.0834e-05  max=3.0792e-05
Timings{0}> TIntegration1....... n=    1  mean=1.7833e-05  std=         0  min=1.7833e-05  max=1.7833e-05
Timings{0}> TIntegration2....... n=    1  mean=1.3334e-05  std=         0  min=1.3334e-05  max=1.3334e-05
Timings{0}> External field eval. n=    1  mean=2.6958e-05  std=         0  min=2.6958e-05  max=2.6958e-05
Timings{0}> OrbThreader......... n=    1  mean=   47.1714  std=         0  min=   47.1714  max=   47.1714
Timings{0}> ---------------------------------------------
