Ippl[2]> [AutoTune] seeding built-in scatter/gather defaults for Kokkos::OpenMP (set IPPL_AUTO_TUNE=1 to run the sweep instead)
OPAL-X>               ____  _____        _       __   __
OPAL-X> [1;32m
OPAL-X> 
OPAL-X>   ██████  ██████   █████  ██      ██   ██
OPAL-X>  ██    ██ ██   ██ ██   ██ ██       ██ ██
OPAL-X>  ██    ██ ██████  ███████ ██        ███
OPAL-X>  ██    ██ ██      ██   ██ ██       ██ ██
OPAL-X>   ██████  ██      ██   ██ ███████ ██   ██
OPAL-X> 
OPAL-X>          This is OPALX (Object Oriented Parallel Accelerator Library for Exascale)
OPAL-X> 
OPAL-X> [0m
OPAL-X> 
OPAL-X> OPALX is the performance portable version of OPAL :: Version 0.9
OPAL-X>             git rev. 3ef744a461d3991f405e92692a173a5cbcfacaff
OPAL-X> 
OPAL-X> 
OPAL-X>              (c) PSI, https://github.com/OPALX-project/OPALX
OPAL-X> 
OPAL-X> 
OPAL-X> Please send cookies, goodies or other motivations (wine and beer ... ) 
OPAL-X> to the OPAL developers https://github.com/OPALX-project/OPALX/issues
OPAL-X> 
OPAL-X> Time: 08:20:16 date: 05/09/2026
OPAL-X> 
OPAL-X> * Host:   OpenMP
OPAL-X> * Device: OpenMP
OPAL-X> 
OPAL-X> * Reading input stream 'map-2-dba.in'
OPAL-X> * ************* F I E L D S O L V E R ********************************************** 
OPAL-X> * FIELDSOLVER  FS
OPAL-X> * BINS         NONE
OPAL-X> * TYPE         NONE
OPAL-X> * RANKS        1
OPAL-X> * NX           16
OPAL-X> * NY           16
OPAL-X> * NZ           16
OPAL-X> * BBOXINCR     1
OPAL-X> * GREENSF      INTEGRATED
OPAL-X> * XDIM         parallel  
OPAL-X> * YDIM         parallel  
OPAL-X> * ZDIM         parallel  
OPAL-X> * ********************************************************************************** 
OPAL-X> 
OPAL-X> * RUN resolved beams: BEAM1
OPAL-X> * ************* B E A M ************************************************************ 
OPAL-X> * BEAM        BEAM1
OPAL-X> * PARTICLE    ELECTRON
OPAL-X> * REST MASS   0.000510999 [GeV]
OPAL-X> * CHARGE      -e * 1 
OPAL-X> * MOMENTUM    1 [eV/c]
OPAL-X> * MOMENTUM    0 [GeV/c]
OPAL-X> * BCHARGE     1.60218e-19 [C]
OPAL-X> * NALLOC      1
OPAL-X> * ********************************************************************************** 
OPAL-X> 
OPAL-X[2]> * Beam[0] BEAM1 macro charge per particle [C]: -1.60218e-19
OPAL-X[2]> * Beam[0] BEAM1 macro mass per particle [GeV/c^2]: 0.000510999
OPAL-X[2]> * Beam[0] BEAM1 particles per macro particle: 1
OPAL-X> 
OPAL-X> * Creating new file for data: 'map-2-dba.stat'
OPAL-X> * Creating new file for data: 'map-2-dba.lbal'
PartBunch::setSolver[2]> Initializing solver: NONE
PartBunch::setBins[2]> Solver FS has no binning command attached, not using binning.
PartBunch::pre_run[2]> Starting pre_run...
OPAL-X[2]> * BCHandler<3>: [OPEN, OPEN, OPEN]
FromFile::generateParticles> FromFile: Loaded 1 particles from file '../reference-particle.txt'
FromFile::generateParticles> Rank 0: 1 local particles
OPAL-X[2]> * Particle sampling / sampler setup for all emission sources done.
OPAL-X> 
OPAL-X> * ************** B U N C H ********************************************************* 
OPAL-X> * CONTAINER       = 0
OPAL-X> * PARTICLES       = 1
OPAL-X> * CHARGE          = -1.602177e-19 (Cb) 
OPAL-X> * QM STORAGE MODE = SINGLE
OPAL-X> * <EKIN>          = 250.000 [MeV]
OPAL-X> * <dEKIN>         = 0.000 [eV]
OPAL-X> * INTEGRATOR      = LF2
OPAL-X> * LB Threshold    = 5.000000e-02
OPAL-X> * MIN R (origin)  = (      0.00000 ,      0.00000 ,      0.00000 ) [um]
OPAL-X> * MAX R (max ext) = (      0.00000 ,      0.00000 ,      0.00000 ) [um]
OPAL-X> * RMS R           = (      0.00000 ,      0.00000 ,      0.00000 ) [um]
OPAL-X> * RMS P           = ( 0.000000e+00 , 0.000000e+00 , 0.000000e+00 ) [beta gamma]
OPAL-X> * Mean R          = ( 0.000000e+00 , 0.000000e+00 , 0.000000e+00 ) [m]
OPAL-X> * Mean P          = ( 0.000000e+00 , 0.000000e+00 , 4.902368e+02 ) [beta gamma]
OPAL-X> * MESH SPACING    = (      0.00133 ,      0.00133 ,      0.00133 ) [um]
OPAL-X> * COMPDOM INCR    = 1.000000e+00 (%) 
OPAL-X> * FIELD LAYOUT    = Domain = {[0:15:1],[0:15:1],[0:15:1]}
OPAL-X> Total number of boxes = 1
OPAL-X>     Box 0 {[0:15:1],[0:15:1],[0:15:1]}
OPAL-X> 
OPAL-X> * Centroid : 
OPAL-X> * 0.000000e+00 0.000000e+00 0.000000e+00 0.000000e+00 0.000000e+00 4.902368e+02 
OPAL-X> * Cov Matrix : 
OPAL-X> * 0.000000e+00 0.000000e+00 0.000000e+00 0.000000e+00 0.000000e+00 0.000000e+00 
OPAL-X> * 0.000000e+00 0.000000e+00 0.000000e+00 0.000000e+00 0.000000e+00 0.000000e+00 
OPAL-X> * 0.000000e+00 0.000000e+00 0.000000e+00 0.000000e+00 0.000000e+00 0.000000e+00 
OPAL-X> * 0.000000e+00 0.000000e+00 0.000000e+00 0.000000e+00 0.000000e+00 0.000000e+00 
OPAL-X> * 0.000000e+00 0.000000e+00 0.000000e+00 0.000000e+00 0.000000e+00 0.000000e+00 
OPAL-X> * 0.000000e+00 0.000000e+00 0.000000e+00 0.000000e+00 0.000000e+00 0.000000e+00 
OPAL-X> * * ********************************************************************************** 
OPAL-X> 
ParallelTracker::execute[2]> Dump initial phase space done.
OPAL-X> * OrbitThreader dt_m= 3e-12
OPAL-X> * Linear-map integrator: BORIS; Richardson levels: 0; formal differentiation order: 2; rays per segment: 12
OPAL-X> * Linear-map starting perturbations (x,x',y,y',zeta,delta): 3.000000000000e-03 3.000000000000e-03 3.000000000000e-03 3.000000000000e-03 3.000000000000e-03 3.000000000000e-03
OPAL-X> 
OPAL-X> * Combined linear transfer map  (x, x', y, y', zeta, delta):
OPAL-X>     -1.386361641542e+00  -1.278875745592e+00   0.000000000000e+00   0.000000000000e+00   0.000000000000e+00  -1.430515182656e-05
OPAL-X>     -7.209452832345e-01  -1.386360754175e+00   0.000000000000e+00   0.000000000000e+00   0.000000000000e+00  -3.754450609625e-06
OPAL-X>      0.000000000000e+00   0.000000000000e+00   3.851371764219e+00   1.040680666994e+01   0.000000000000e+00   0.000000000000e+00
OPAL-X>      0.000000000000e+00   0.000000000000e+00   1.329232922150e+00   3.851373335482e+00   0.000000000000e+00   0.000000000000e+00
OPAL-X>      3.961444135584e-06   1.441713886752e-05   0.000000000000e+00   0.000000000000e+00   1.000000000000e+00  -9.437055693587e-02
OPAL-X>     -4.316297426947e-13  -2.418495543733e-13   0.000000000000e+00   0.000000000000e+00   0.000000000000e+00   9.999999999999e-01
OPAL-X> * Volume-preservation diagnostic: FAIL
OPAL-X> *   |det(M) - 1| = 1.5880935e-06  (tolerance 1.0000000e-06)
OPAL-X> * Canonical-form symplecticity diagnostic: FAIL
OPAL-X> *   max_ij |(M^T J M - J)_ij| = 2.0656997e-06  (tolerance 1.0000000e-06)
OPAL-X> *   The reported slopes and mechanical momenta are not globally canonical;
OPAL-X> *   this test is diagnostic unless the entrance/exit coordinates are canonical.
OPAL-X> 
OPAL-X> 
OPAL-X> * Size of map 5 sections 
OPAL-X> * Key: (0.000000 - 1.046873) number of overlapping elements 1
OPAL-X> *                            B1
OPAL-X> * Key: (1.046873 - 2.046979) number of overlapping elements 1
OPAL-X> *                            D1
OPAL-X> * Key: (2.046979 - 2.247539) number of overlapping elements 1
OPAL-X> *                            QACH
OPAL-X> * Key: (2.247539 - 3.247645) number of overlapping elements 1
OPAL-X> *                            D2
OPAL-X> * Key: (3.247645 - 4.294395) number of overlapping elements 1
OPAL-X> *                            B2
OPAL-X> 
OPAL-X> * Creating new file for data: 'data/map-2-dba_ElementPositions.sdds'
OPAL-X> * Track start at: 08:20:17, t= 0.000 [fs]; sStart at: 0.000 [um]
OPAL-X> * Initial dt = 3.000 [ps]
OPAL-X> * Max integration steps = 1, next step = 0
OPAL-X>                dt [ns]           sStop [m]        num Steps [1]
OPAL-X> ->         3.000000e-12        4.294395e+00                   1
PartBunch::performBunchSanityChecks[2]> ========= Done performing PartBunch sanity checks... =========
ParallelTracker::execute[2]> Starting track with dt = 3.000 [ps], track steps = 0 to 1.
OPAL-X> * 08:20:17 Step      0 container[0] at 899.375 [um], t= 3.000 [ps], E=250.000 [MeV]
ParallelTracker::execute[2]> Total FieldSolver calls: 0
OPAL-X> 
OPAL-X> * Done executing ParallelTracker at 08:20:17
OPAL-X> 
OPAL-X> * End of input stream 'map-2-dba.in'
Timings> ---------------------------------------------
Timings>      Timing results for 1 rank(s):
Timings> ---------------------------------------------
Timings> mainTimer........... Wall tot =   0.930682
Timings> 
Timings> H5 open close....... Wall max = 0.00280187
Timings>                      Wall avg = 0.00280187
Timings>                      Wall min = 0.00280187
Timings> 
Timings> H5 total step....... Wall max =          0
Timings>                      Wall avg =          0
Timings>                      Wall min =          0
Timings> 
Timings> H5 step header...... Wall max =          0
Timings>                      Wall avg =          0
Timings>                      Wall min =          0
Timings> 
Timings> H5 device host copy. Wall max =          0
Timings>                      Wall avg =          0
Timings>                      Wall min =          0
Timings> 
Timings> H5 dataset write.... Wall max =          0
Timings>                      Wall avg =          0
Timings>                      Wall min =          0
Timings> 
Timings> Write Stat.......... Wall max =          0
Timings>                      Wall avg =          0
Timings>                      Wall min =          0
Timings> 
Timings> samplingTime........ Wall max = 0.000163417
Timings>                      Wall avg = 0.000163417
Timings>                      Wall min = 0.000163417
Timings> 
Timings> particleBC.......... Wall max =  5.293e-06
Timings>                      Wall avg =  5.293e-06
Timings>                      Wall min =  5.293e-06
Timings> 
Timings> updateParticle...... Wall max =    7.5e-07
Timings>                      Wall avg =    7.5e-07
Timings>                      Wall min =    7.5e-07
Timings> 
Timings> computeMoments...... Wall max = 5.4875e-05
Timings>                      Wall avg = 5.4875e-05
Timings>                      Wall min = 5.4875e-05
Timings> 
Timings> TIntegration1....... Wall max = 1.0917e-05
Timings>                      Wall avg = 1.0917e-05
Timings>                      Wall min = 1.0917e-05
Timings> 
Timings> TIntegration2....... Wall max = 1.1583e-05
Timings>                      Wall avg = 1.1583e-05
Timings>                      Wall min = 1.1583e-05
Timings> 
Timings> External field eval. Wall max = 2.4041e-05
Timings>                      Wall avg = 2.4041e-05
Timings>                      Wall min = 2.4041e-05
Timings> 
Timings> Binaryrepart........ Wall max =          0
Timings>                      Wall avg =          0
Timings>                      Wall min =          0
Timings> 
Timings> OrbThreader......... Wall max =   0.900644
Timings>                      Wall avg =   0.900644
Timings>                      Wall min =   0.900644
Timings> 
Timings> ---------------------------------------------
Timings>      Measurement counts:
Timings> ---------------------------------------------
Timings> mainTimer........... Count =          1
Timings> H5 open close....... Count =          2
Timings> H5 total step....... Count =          0
Timings> H5 step header...... Count =          0
Timings> H5 device host copy. Count =          0
Timings> H5 dataset write.... Count =          0
Timings> Write Stat.......... Count =          0
Timings> samplingTime........ Count =          1
Timings> particleBC.......... Count =          4
Timings> updateParticle...... Count =          4
Timings> computeMoments...... Count =          5
Timings> TIntegration1....... Count =          1
Timings> TIntegration2....... Count =          1
Timings> External field eval. Count =          1
Timings> Binaryrepart........ Count =          0
Timings> OrbThreader......... Count =          1
Timings> ---------------------------------------------
Timings> ---------------------------------------------
Timings>      Per-occurrence statistics:
Timings> ---------------------------------------------
Timings> mainTimer........... n=    1  mean=  0.930682  std=         0  min=  0.930682  max=  0.930682
Timings> H5 open close....... n=    2  mean=0.00140094  std=0.00147977  min=0.000354583  max=0.00244729
Timings> samplingTime........ n=    1  mean=0.000163417  std=         0  min=0.000163417  max=0.000163417
Timings> particleBC.......... n=    4  mean=1.32325e-06  std=1.73152e-06  min=  3.75e-07  max= 3.917e-06
Timings> updateParticle...... n=    4  mean= 1.875e-07  std=2.36714e-08  min=  1.67e-07  max=  2.08e-07
Timings> computeMoments...... n=    5  mean=1.0975e-05  std=3.88777e-06  min= 8.208e-06  max=1.7459e-05
Timings> TIntegration1....... n=    1  mean=1.0917e-05  std=         0  min=1.0917e-05  max=1.0917e-05
Timings> TIntegration2....... n=    1  mean=1.1583e-05  std=         0  min=1.1583e-05  max=1.1583e-05
Timings> External field eval. n=    1  mean=2.4041e-05  std=         0  min=2.4041e-05  max=2.4041e-05
Timings> OrbThreader......... n=    1  mean=  0.900644  std=         0  min=  0.900644  max=  0.900644
Timings> ---------------------------------------------
