Ippl{0}[2]> [AutoTune] seeding built-in scatter/gather defaults for Kokkos::OpenMP (set IPPL_AUTO_TUNE=1 to run the sweep instead)
OPAL-X{0}>               ____  _____        _       __   __
OPAL-X{0}> [1;32m
OPAL-X{0}> 
OPAL-X{0}>   ██████  ██████   █████  ██      ██   ██
OPAL-X{0}>  ██    ██ ██   ██ ██   ██ ██       ██ ██
OPAL-X{0}>  ██    ██ ██████  ███████ ██        ███
OPAL-X{0}>  ██    ██ ██      ██   ██ ██       ██ ██
OPAL-X{0}>   ██████  ██      ██   ██ ███████ ██   ██
OPAL-X{0}> 
OPAL-X{0}>          This is OPALX (Object Oriented Parallel Accelerator Library for Exascale)
OPAL-X{0}> 
OPAL-X{0}> [0m
OPAL-X{0}> 
OPAL-X{0}> OPALX is the performance portable version of OPAL :: Version 0.9
OPAL-X{0}>             git rev. 3ef744a461d3991f405e92692a173a5cbcfacaff
OPAL-X{0}> 
OPAL-X{0}> 
OPAL-X{0}>              (c) PSI, https://github.com/OPALX-project/OPALX
OPAL-X{0}> 
OPAL-X{0}> 
OPAL-X{0}> Please send cookies, goodies or other motivations (wine and beer ... ) 
OPAL-X{0}> to the OPAL developers https://github.com/OPALX-project/OPALX/issues
OPAL-X{0}> 
OPAL-X{0}> Time: 00:38:14 date: 05/09/2026
OPAL-X{0}> 
OPAL-X{0}> * Host:   OpenMP
OPAL-X{0}> * Device: OpenMP
OPAL-X{0}> 
OPAL-X{0}> * Reading input stream 'map-2-dba.in'
OPAL-X{0}> * ************* F I E L D S O L V E R ********************************************** 
OPAL-X{0}> * FIELDSOLVER  FS
OPAL-X{0}> * BINS         NONE
OPAL-X{0}> * TYPE         NONE
OPAL-X{0}> * RANKS        2
OPAL-X{0}> * NX           16
OPAL-X{0}> * NY           16
OPAL-X{0}> * NZ           16
OPAL-X{0}> * BBOXINCR     1
OPAL-X{0}> * GREENSF      INTEGRATED
OPAL-X{0}> * XDIM         parallel  
OPAL-X{0}> * YDIM         parallel  
OPAL-X{0}> * ZDIM         parallel  
OPAL-X{0}> * ********************************************************************************** 
OPAL-X{0}> 
OPAL-X{0}> * RUN resolved beams: BEAM1
OPAL-X{0}> * ************* B E A M ************************************************************ 
OPAL-X{0}> * BEAM        BEAM1
OPAL-X{0}> * PARTICLE    ELECTRON
OPAL-X{0}> * REST MASS   0.000510999 [GeV]
OPAL-X{0}> * CHARGE      -e * 1 
OPAL-X{0}> * MOMENTUM    1 [eV/c]
OPAL-X{0}> * MOMENTUM    0 [GeV/c]
OPAL-X{0}> * BCHARGE     1.60218e-19 [C]
OPAL-X{0}> * NALLOC      1
OPAL-X{0}> * ********************************************************************************** 
OPAL-X{0}> 
OPAL-X{0}[2]> * Beam[0] BEAM1 macro charge per particle [C]: -1.60218e-19
OPAL-X{0}[2]> * Beam[0] BEAM1 macro mass per particle [GeV/c^2]: 0.000510999
OPAL-X{0}[2]> * Beam[0] BEAM1 particles per macro particle: 1
OPAL-X{0}> 
OPAL-X{0}> * Creating new file for data: 'map-2-dba.stat'
OPAL-X{0}> * Creating new file for data: 'map-2-dba.lbal'
PartBunch::setSolver{0}[2]> Initializing solver: NONE
PartBunch::setBins{0}[2]> Solver FS has no binning command attached, not using binning.
PartBunch::pre_run{0}[2]> Starting pre_run...
OPAL-X{0}[2]> * BCHandler<3>: [OPEN, OPEN, OPEN]
FromFile::generateParticles{0}> FromFile: Loaded 1 particles from file '../reference-particle.txt'
FromFile::generateParticles{1}> FromFile: Loaded 1 particles from file '../reference-particle.txt'
FromFile::generateParticles{1}> Rank 1: 0 local particles
FromFile::generateParticles{0}> Rank 0: 1 local particles
OPAL-X{0}[2]> * Particle sampling / sampler setup for all emission sources done.
OPAL-X{0}> 
OPAL-X{0}> * ************** B U N C H ********************************************************* 
OPAL-X{0}> * CONTAINER       = 0
OPAL-X{0}> * PARTICLES       = 1
OPAL-X{0}> * CHARGE          = -1.602177e-19 (Cb) 
OPAL-X{0}> * QM STORAGE MODE = SINGLE
OPAL-X{0}> * <EKIN>          = 250.000 [MeV]
OPAL-X{0}> * <dEKIN>         = 0.000 [eV]
OPAL-X{0}> * INTEGRATOR      = LF2
OPAL-X{0}> * LB Threshold    = 5.000000e-02
OPAL-X{0}> * MIN R (origin)  = (      0.00000 ,      0.00000 ,      0.00000 ) [um]
OPAL-X{0}> * MAX R (max ext) = (      0.00000 ,      0.00000 ,      0.00000 ) [um]
OPAL-X{0}> * RMS R           = (      0.00000 ,      0.00000 ,      0.00000 ) [um]
OPAL-X{0}> * RMS P           = ( 0.000000e+00 , 0.000000e+00 , 0.000000e+00 ) [beta gamma]
OPAL-X{0}> * Mean R          = ( 0.000000e+00 , 0.000000e+00 , 0.000000e+00 ) [m]
OPAL-X{0}> * Mean P          = ( 0.000000e+00 , 0.000000e+00 , 4.902368e+02 ) [beta gamma]
OPAL-X{0}> * MESH SPACING    = (      0.00133 ,      0.00133 ,      0.00133 ) [um]
OPAL-X{0}> * COMPDOM INCR    = 1.000000e+00 (%) 
OPAL-X{0}> * FIELD LAYOUT    = Domain = {[0:15:1],[0:15:1],[0:15:1]}
OPAL-X{0}> Total number of boxes = 2
OPAL-X{0}>     Box 0 {[0:7:1],[0:15:1],[0:15:1]}
OPAL-X{0}>     Box 1 {[8:15:1],[0:15:1],[0:15:1]}
OPAL-X{0}> 
OPAL-X{0}> * Centroid : 
OPAL-X{0}> * 0.000000e+00 0.000000e+00 0.000000e+00 0.000000e+00 0.000000e+00 4.902368e+02 
OPAL-X{0}> * Cov Matrix : 
OPAL-X{0}> * 0.000000e+00 0.000000e+00 0.000000e+00 0.000000e+00 0.000000e+00 0.000000e+00 
OPAL-X{0}> * 0.000000e+00 0.000000e+00 0.000000e+00 0.000000e+00 0.000000e+00 0.000000e+00 
OPAL-X{0}> * 0.000000e+00 0.000000e+00 0.000000e+00 0.000000e+00 0.000000e+00 0.000000e+00 
OPAL-X{0}> * 0.000000e+00 0.000000e+00 0.000000e+00 0.000000e+00 0.000000e+00 0.000000e+00 
OPAL-X{0}> * 0.000000e+00 0.000000e+00 0.000000e+00 0.000000e+00 0.000000e+00 0.000000e+00 
OPAL-X{0}> * 0.000000e+00 0.000000e+00 0.000000e+00 0.000000e+00 0.000000e+00 0.000000e+00 
OPAL-X{0}> * * ********************************************************************************** 
OPAL-X{0}> 
ParallelTracker::execute{0}[2]> Dump initial phase space done.
OPAL-X{0}> * OrbitThreader dt_m= 1e-13
OPAL-X{0}> * Linear-map integrator: BORIS; Richardson levels: 0; formal differentiation order: 2; rays per segment: 12
OPAL-X{0}> * Linear-map starting perturbations (x,x',y,y',zeta,delta): 5.000000000000e-04 5.000000000000e-04 5.000000000000e-04 5.000000000000e-04 5.000000000000e-04 5.000000000000e-04
OPAL-X{0}> 
OPAL-X{0}> * Combined linear transfer map  (x, x', y, y', zeta, delta):
OPAL-X{0}>     -1.386352479899e+00  -1.278843137709e+00   0.000000000000e+00   0.000000000000e+00   0.000000000000e+00  -3.398227454761e-07
OPAL-X{0}>     -7.209431752312e-01  -1.386352462752e+00   0.000000000000e+00   0.000000000000e+00   0.000000000000e+00  -8.725519400585e-08
OPAL-X{0}>      0.000000000000e+00   0.000000000000e+00   3.851352714829e+00   1.040676450926e+01   0.000000000000e+00   0.000000000000e+00
OPAL-X{0}>      0.000000000000e+00   0.000000000000e+00   1.329223686249e+00   3.851352756938e+00   0.000000000000e+00   0.000000000000e+00
OPAL-X{0}>      1.013211453698e-07   3.710758260167e-07   0.000000000000e+00   0.000000000000e+00   1.000000000005e+00  -9.437706997860e-02
OPAL-X{0}>     -1.856881990189e-12  -5.277144765160e-12   0.000000000000e+00   0.000000000000e+00   0.000000000000e+00   1.000000000020e+00
OPAL-X{0}> * Volume-preservation diagnostic: PASS
OPAL-X{0}> *   |det(M) - 1| = 4.4279021e-08  (tolerance 1.0000000e-06)
OPAL-X{0}> * Canonical-form symplecticity diagnostic: PASS
OPAL-X{0}> *   max_ij |(M^T J M - J)_ij| = 5.7572861e-08  (tolerance 1.0000000e-06)
OPAL-X{0}> *   The reported slopes and mechanical momenta are not globally canonical;
OPAL-X{0}> *   this test is diagnostic unless the entrance/exit coordinates are canonical.
OPAL-X{0}> 
OPAL-X{0}> 
OPAL-X{0}> * Size of map 5 sections 
OPAL-X{0}> * Key: (0.000000 - 1.047203) number of overlapping elements 1
OPAL-X{0}> *                            B1
OPAL-X{0}> * Key: (1.047203 - 2.047188) number of overlapping elements 1
OPAL-X{0}> *                            D1
OPAL-X{0}> * Key: (2.047188 - 2.247210) number of overlapping elements 1
OPAL-X{0}> *                            QACH
OPAL-X{0}> * Key: (2.247210 - 3.247195) number of overlapping elements 1
OPAL-X{0}> *                            D2
OPAL-X{0}> * Key: (3.247195 - 4.294395) number of overlapping elements 1
OPAL-X{0}> *                            B2
OPAL-X{0}> 
OPAL-X{0}> * Creating new file for data: 'data/map-2-dba_ElementPositions.sdds'
OPAL-X{0}> * Track start at: 00:38:28, t= 0.000 [fs]; sStart at: 0.000 [um]
OPAL-X{0}> * Initial dt = 100.000 [fs]
OPAL-X{0}> * Max integration steps = 1, next step = 0
ParallelTracker::setOptionalVariables{0}[2]> REPARTFREQ 10
OPAL-X{0}>                dt [ns]           sStop [m]        num Steps [1]
OPAL-X{0}> ->         1.000000e-13        4.294395e+00                   1
PartBunch::performBunchSanityChecks{0}[2]> ========= Done performing PartBunch sanity checks... =========
ParallelTracker::execute{0}[2]> Starting track with dt = 100.000 [fs], track steps = 0 to 1.
OPAL-X{0}> * 00:38:28 Step      0 container[0] at 29.979 [um], t= 100.000 [fs], E=250.000 [MeV]
ParallelTracker::execute{0}[2]> Total FieldSolver calls: 0
ParallelTracker::execute{0}[2]> Total binary repartitions: 0
OPAL-X{0}> 
OPAL-X{0}> * Done executing ParallelTracker at 00:38:28
OPAL-X{0}> 
OPAL-X{0}> * End of input stream 'map-2-dba.in'
Timings{0}> ---------------------------------------------
Timings{0}>      Timing results for 2 rank(s):
Timings{0}> ---------------------------------------------
Timings{0}> mainTimer........... Wall tot =    13.2673
Timings{0}> 
Timings{0}> H5 open close....... Wall max = 0.00275104
Timings{0}>                      Wall avg = 0.00273063
Timings{0}>                      Wall min = 0.00271021
Timings{0}> 
Timings{0}> H5 total step....... Wall max =          0
Timings{0}>                      Wall avg =          0
Timings{0}>                      Wall min =          0
Timings{0}> 
Timings{0}> H5 step header...... Wall max =          0
Timings{0}>                      Wall avg =          0
Timings{0}>                      Wall min =          0
Timings{0}> 
Timings{0}> H5 device host copy. Wall max =          0
Timings{0}>                      Wall avg =          0
Timings{0}>                      Wall min =          0
Timings{0}> 
Timings{0}> H5 dataset write.... Wall max =          0
Timings{0}>                      Wall avg =          0
Timings{0}>                      Wall min =          0
Timings{0}> 
Timings{0}> Write Stat.......... Wall max =          0
Timings{0}>                      Wall avg =          0
Timings{0}>                      Wall min =          0
Timings{0}> 
Timings{0}> findInternal........ Wall max =    2.5e-06
Timings{0}>                      Wall avg =  2.458e-06
Timings{0}>                      Wall min =  2.416e-06
Timings{0}> 
Timings{0}> findPeriodic........ Wall max =   1.67e-07
Timings{0}>                      Wall avg =   1.67e-07
Timings{0}>                      Wall min =   1.67e-07
Timings{0}> 
Timings{0}> samplingTime........ Wall max = 0.000172875
Timings{0}>                      Wall avg = 0.000169417
Timings{0}>                      Wall min = 0.000165959
Timings{0}> 
Timings{0}> particleBC.......... Wall max =  6.293e-06
Timings{0}>                      Wall avg =  6.209e-06
Timings{0}>                      Wall min =  6.125e-06
Timings{0}> 
Timings{0}> updateParticle...... Wall max = 0.000182626
Timings{0}>                      Wall avg = 0.00018225
Timings{0}>                      Wall min = 0.000181875
Timings{0}> 
Timings{0}> locateParticles..... Wall max = 7.5334e-05
Timings{0}>                      Wall avg =  7.475e-05
Timings{0}>                      Wall min = 7.4166e-05
Timings{0}> 
Timings{0}> sendPreprocess...... Wall max =  2.825e-05
Timings{0}>                      Wall avg = 2.40415e-05
Timings{0}>                      Wall min = 1.9833e-05
Timings{0}> 
Timings{0}> particleSend........ Wall max =  5.375e-06
Timings{0}>                      Wall avg =  5.292e-06
Timings{0}>                      Wall min =  5.209e-06
Timings{0}> 
Timings{0}> particleRecv........ Wall max =  3.917e-06
Timings{0}>                      Wall avg =  3.854e-06
Timings{0}>                      Wall min =  3.791e-06
Timings{0}> 
Timings{0}> particleDestroy..... Wall max =  3.209e-06
Timings{0}>                      Wall avg = 2.9585e-06
Timings{0}>                      Wall min =  2.708e-06
Timings{0}> 
Timings{0}> particleWait........ Wall max =  1.583e-06
Timings{0}>                      Wall avg = 1.4795e-06
Timings{0}>                      Wall min =  1.376e-06
Timings{0}> 
Timings{0}> particleFreeBuffers. Wall max =  7.333e-06
Timings{0}>                      Wall avg =  7.271e-06
Timings{0}>                      Wall min =  7.209e-06
Timings{0}> 
Timings{0}> particleDeserialize. Wall max =  8.459e-06
Timings{0}>                      Wall avg =  8.313e-06
Timings{0}>                      Wall min =  8.167e-06
Timings{0}> 
Timings{0}> particleDeserResize. Wall max =   7.48e-07
Timings{0}>                      Wall avg =  7.075e-07
Timings{0}>                      Wall min =   6.67e-07
Timings{0}> 
Timings{0}> particleDeserCopy... Wall max =    9.6e-07
Timings{0}>                      Wall avg =  9.385e-07
Timings{0}>                      Wall min =   9.17e-07
Timings{0}> 
Timings{0}> computeMoments...... Wall max = 9.2084e-05
Timings{0}>                      Wall avg = 9.08755e-05
Timings{0}>                      Wall min = 8.9667e-05
Timings{0}> 
Timings{0}> TIntegration1....... Wall max = 1.7667e-05
Timings{0}>                      Wall avg = 1.71875e-05
Timings{0}>                      Wall min = 1.6708e-05
Timings{0}> 
Timings{0}> TIntegration2....... Wall max = 1.4209e-05
Timings{0}>                      Wall avg = 1.37295e-05
Timings{0}>                      Wall min =  1.325e-05
Timings{0}> 
Timings{0}> External field eval. Wall max = 2.7542e-05
Timings{0}>                      Wall avg = 2.72295e-05
Timings{0}>                      Wall min = 2.6917e-05
Timings{0}> 
Timings{0}> Binaryrepart........ Wall max =          0
Timings{0}>                      Wall avg =          0
Timings{0}>                      Wall min =          0
Timings{0}> 
Timings{0}> OrbThreader......... Wall max =    13.2377
Timings{0}>                      Wall avg =    13.2126
Timings{0}>                      Wall min =    13.1876
Timings{0}> 
Timings{0}> ---------------------------------------------
Timings{0}>      Measurement counts:
Timings{0}> ---------------------------------------------
Timings{0}> mainTimer........... Count =          1
Timings{0}> H5 open close....... Count =          2
Timings{0}> H5 total step....... Count =          0
Timings{0}> H5 step header...... Count =          0
Timings{0}> H5 device host copy. Count =          0
Timings{0}> H5 dataset write.... Count =          0
Timings{0}> Write Stat.......... Count =          0
Timings{0}> findInternal........ Count =          1
Timings{0}> findPeriodic........ Count =          1
Timings{0}> samplingTime........ Count =          1
Timings{0}> particleBC.......... Count =          4
Timings{0}> updateParticle...... Count =          4
Timings{0}> locateParticles..... Count =          4
Timings{0}> sendPreprocess...... Count =          4
Timings{0}> particleSend........ Count =          4
Timings{0}> particleRecv........ Count =          4
Timings{0}> particleDestroy..... Count =          4
Timings{0}> particleWait........ Count =          4
Timings{0}> particleFreeBuffers. Count =          4
Timings{0}> particleDeserialize. Count =          4
Timings{0}> particleDeserResize. Count =          4
Timings{0}> particleDeserCopy... Count =          4
Timings{0}> computeMoments...... Count =          5
Timings{0}> TIntegration1....... Count =          1
Timings{0}> TIntegration2....... Count =          1
Timings{0}> External field eval. Count =          1
Timings{0}> Binaryrepart........ Count =          0
Timings{0}> OrbThreader......... Count =          1
Timings{0}> ---------------------------------------------
Timings{0}> ---------------------------------------------
Timings{0}>      Per-occurrence statistics:
Timings{0}> ---------------------------------------------
Timings{0}> mainTimer........... n=    1  mean=   13.2673  std=         0  min=   13.2673  max=   13.2673
Timings{0}> H5 open close....... n=    2  mean= 0.0013551  std=0.00131484  min=0.000425375  max=0.00228483
Timings{0}> findInternal........ n=    1  mean=   2.5e-06  std=         0  min=   2.5e-06  max=   2.5e-06
Timings{0}> findPeriodic........ n=    1  mean=  1.67e-07  std=         0  min=  1.67e-07  max=  1.67e-07
Timings{0}> samplingTime........ n=    1  mean=0.000165959  std=         0  min=0.000165959  max=0.000165959
Timings{0}> particleBC.......... n=    4  mean=1.53125e-06  std=1.53306e-06  min=  4.16e-07  max= 3.709e-06
Timings{0}> updateParticle...... n=    4  mean=4.54687e-05  std=2.78984e-05  min=1.9041e-05  max=7.9959e-05
Timings{0}> locateParticles..... n=    4  mean=1.88335e-05  std=9.87208e-06  min=1.0042e-05  max=3.0209e-05
Timings{0}> sendPreprocess...... n=    4  mean=4.95825e-06  std=4.48486e-06  min= 1.917e-06  max=  1.15e-05
Timings{0}> particleSend........ n=    4  mean=1.34375e-06  std=9.81495e-07  min=     5e-07  max= 2.333e-06
Timings{0}> particleRecv........ n=    4  mean=9.7925e-07  std=7.6524e-07  min=  3.34e-07  max= 1.916e-06
Timings{0}> particleDestroy..... n=    4  mean=8.0225e-07  std=3.06736e-07  min=     5e-07  max= 1.125e-06
Timings{0}> particleWait........ n=    4  mean=  3.44e-07  std=5.24532e-08  min=  2.92e-07  max=  4.17e-07
Timings{0}> particleFreeBuffers. n=    4  mean=1.83325e-06  std=1.8467e-06  min=  4.17e-07  max= 4.333e-06
Timings{0}> particleDeserialize. n=    4  mean=2.11475e-06  std=1.7655e-06  min=     1e-06  max=  4.75e-06
Timings{0}> particleDeserResize. n=    4  mean=  1.87e-07  std=2.42487e-08  min=  1.66e-07  max=  2.08e-07
Timings{0}> particleDeserCopy... n=    4  mean=2.2925e-07  std=5.38354e-08  min=  1.67e-07  max=  2.92e-07
Timings{0}> computeMoments...... n=    5  mean=1.79334e-05  std=6.22203e-06  min=1.0834e-05  max=2.5291e-05
Timings{0}> TIntegration1....... n=    1  mean=1.7667e-05  std=         0  min=1.7667e-05  max=1.7667e-05
Timings{0}> TIntegration2....... n=    1  mean= 1.325e-05  std=         0  min= 1.325e-05  max= 1.325e-05
Timings{0}> External field eval. n=    1  mean=2.7542e-05  std=         0  min=2.7542e-05  max=2.7542e-05
Timings{0}> OrbThreader......... n=    1  mean=   13.2377  std=         0  min=   13.2377  max=   13.2377
Timings{0}> ---------------------------------------------
