Ippl{0}[2]> [AutoTune] seeding built-in scatter/gather defaults for Kokkos::OpenMP (set IPPL_AUTO_TUNE=1 to run the sweep instead)
OPAL-X{0}>               ____  _____        _       __   __
OPAL-X{0}> [1;32m
OPAL-X{0}> 
OPAL-X{0}>   ██████  ██████   █████  ██      ██   ██
OPAL-X{0}>  ██    ██ ██   ██ ██   ██ ██       ██ ██
OPAL-X{0}>  ██    ██ ██████  ███████ ██        ███
OPAL-X{0}>  ██    ██ ██      ██   ██ ██       ██ ██
OPAL-X{0}>   ██████  ██      ██   ██ ███████ ██   ██
OPAL-X{0}> 
OPAL-X{0}>          This is OPALX (Object Oriented Parallel Accelerator Library for Exascale)
OPAL-X{0}> 
OPAL-X{0}> [0m
OPAL-X{0}> 
OPAL-X{0}> OPALX is the performance portable version of OPAL :: Version 0.9
OPAL-X{0}>             git rev. 3ef744a461d3991f405e92692a173a5cbcfacaff
OPAL-X{0}> 
OPAL-X{0}> 
OPAL-X{0}>              (c) PSI, https://github.com/OPALX-project/OPALX
OPAL-X{0}> 
OPAL-X{0}> 
OPAL-X{0}> Please send cookies, goodies or other motivations (wine and beer ... ) 
OPAL-X{0}> to the OPAL developers https://github.com/OPALX-project/OPALX/issues
OPAL-X{0}> 
OPAL-X{0}> Time: 00:59:13 date: 05/09/2026
OPAL-X{0}> 
OPAL-X{0}> * Host:   OpenMP
OPAL-X{0}> * Device: OpenMP
OPAL-X{0}> 
OPAL-X{0}> * Reading input stream 'map-2-dba.in'
OPAL-X{0}> * ************* F I E L D S O L V E R ********************************************** 
OPAL-X{0}> * FIELDSOLVER  FS
OPAL-X{0}> * BINS         NONE
OPAL-X{0}> * TYPE         NONE
OPAL-X{0}> * RANKS        2
OPAL-X{0}> * NX           16
OPAL-X{0}> * NY           16
OPAL-X{0}> * NZ           16
OPAL-X{0}> * BBOXINCR     1
OPAL-X{0}> * GREENSF      INTEGRATED
OPAL-X{0}> * XDIM         parallel  
OPAL-X{0}> * YDIM         parallel  
OPAL-X{0}> * ZDIM         parallel  
OPAL-X{0}> * ********************************************************************************** 
OPAL-X{0}> 
OPAL-X{0}> * RUN resolved beams: BEAM1
OPAL-X{0}> * ************* B E A M ************************************************************ 
OPAL-X{0}> * BEAM        BEAM1
OPAL-X{0}> * PARTICLE    ELECTRON
OPAL-X{0}> * REST MASS   0.000510999 [GeV]
OPAL-X{0}> * CHARGE      -e * 1 
OPAL-X{0}> * MOMENTUM    1 [eV/c]
OPAL-X{0}> * MOMENTUM    0 [GeV/c]
OPAL-X{0}> * BCHARGE     1.60218e-19 [C]
OPAL-X{0}> * NALLOC      1
OPAL-X{0}> * ********************************************************************************** 
OPAL-X{0}> 
OPAL-X{0}[2]> * Beam[0] BEAM1 macro charge per particle [C]: -1.60218e-19
OPAL-X{0}[2]> * Beam[0] BEAM1 macro mass per particle [GeV/c^2]: 0.000510999
OPAL-X{0}[2]> * Beam[0] BEAM1 particles per macro particle: 1
OPAL-X{0}> 
OPAL-X{0}> * Creating new file for data: 'map-2-dba.stat'
OPAL-X{0}> * Creating new file for data: 'map-2-dba.lbal'
PartBunch::setSolver{0}[2]> Initializing solver: NONE
PartBunch::setBins{0}[2]> Solver FS has no binning command attached, not using binning.
PartBunch::pre_run{0}[2]> Starting pre_run...
OPAL-X{0}[2]> * BCHandler<3>: [OPEN, OPEN, OPEN]
FromFile::generateParticles{0}> FromFile: Loaded 1 particles from file '../reference-particle.txt'
FromFile::generateParticles{0}> Rank 0: 1 local particles
FromFile::generateParticles{1}> FromFile: Loaded 1 particles from file '../reference-particle.txt'
FromFile::generateParticles{1}> Rank 1: 0 local particles
OPAL-X{0}[2]> * Particle sampling / sampler setup for all emission sources done.
OPAL-X{0}> 
OPAL-X{0}> * ************** B U N C H ********************************************************* 
OPAL-X{0}> * CONTAINER       = 0
OPAL-X{0}> * PARTICLES       = 1
OPAL-X{0}> * CHARGE          = -1.602177e-19 (Cb) 
OPAL-X{0}> * QM STORAGE MODE = SINGLE
OPAL-X{0}> * <EKIN>          = 250.000 [MeV]
OPAL-X{0}> * <dEKIN>         = 0.000 [eV]
OPAL-X{0}> * INTEGRATOR      = LF2
OPAL-X{0}> * LB Threshold    = 5.000000e-02
OPAL-X{0}> * MIN R (origin)  = (      0.00000 ,      0.00000 ,      0.00000 ) [um]
OPAL-X{0}> * MAX R (max ext) = (      0.00000 ,      0.00000 ,      0.00000 ) [um]
OPAL-X{0}> * RMS R           = (      0.00000 ,      0.00000 ,      0.00000 ) [um]
OPAL-X{0}> * RMS P           = ( 0.000000e+00 , 0.000000e+00 , 0.000000e+00 ) [beta gamma]
OPAL-X{0}> * Mean R          = ( 0.000000e+00 , 0.000000e+00 , 0.000000e+00 ) [m]
OPAL-X{0}> * Mean P          = ( 0.000000e+00 , 0.000000e+00 , 4.902368e+02 ) [beta gamma]
OPAL-X{0}> * MESH SPACING    = (      0.00133 ,      0.00133 ,      0.00133 ) [um]
OPAL-X{0}> * COMPDOM INCR    = 1.000000e+00 (%) 
OPAL-X{0}> * FIELD LAYOUT    = Domain = {[0:15:1],[0:15:1],[0:15:1]}
OPAL-X{0}> Total number of boxes = 2
OPAL-X{0}>     Box 0 {[0:7:1],[0:15:1],[0:15:1]}
OPAL-X{0}>     Box 1 {[8:15:1],[0:15:1],[0:15:1]}
OPAL-X{0}> 
OPAL-X{0}> * Centroid : 
OPAL-X{0}> * 0.000000e+00 0.000000e+00 0.000000e+00 0.000000e+00 0.000000e+00 4.902368e+02 
OPAL-X{0}> * Cov Matrix : 
OPAL-X{0}> * 0.000000e+00 0.000000e+00 0.000000e+00 0.000000e+00 0.000000e+00 0.000000e+00 
OPAL-X{0}> * 0.000000e+00 0.000000e+00 0.000000e+00 0.000000e+00 0.000000e+00 0.000000e+00 
OPAL-X{0}> * 0.000000e+00 0.000000e+00 0.000000e+00 0.000000e+00 0.000000e+00 0.000000e+00 
OPAL-X{0}> * 0.000000e+00 0.000000e+00 0.000000e+00 0.000000e+00 0.000000e+00 0.000000e+00 
OPAL-X{0}> * 0.000000e+00 0.000000e+00 0.000000e+00 0.000000e+00 0.000000e+00 0.000000e+00 
OPAL-X{0}> * 0.000000e+00 0.000000e+00 0.000000e+00 0.000000e+00 0.000000e+00 0.000000e+00 
OPAL-X{0}> * * ********************************************************************************** 
OPAL-X{0}> 
ParallelTracker::execute{0}[2]> Dump initial phase space done.
OPAL-X{0}> * OrbitThreader dt_m= 1e-13
OPAL-X{0}> * Linear-map integrator: BORIS; Richardson levels: 4; formal differentiation order: 10; rays per segment: 60
OPAL-X{0}> * Linear-map starting perturbations (x,x',y,y',zeta,delta): 3.000000000000e-03 3.000000000000e-03 3.000000000000e-03 3.000000000000e-03 3.000000000000e-03 3.000000000000e-03
OPAL-X{0}> 
OPAL-X{0}> * Combined linear transfer map  (x, x', y, y', zeta, delta):
OPAL-X{0}>     -1.386352266312e+00  -1.278842377348e+00   0.000000000000e+00   0.000000000000e+00   0.000000000000e+00  -2.558999183801e-08
OPAL-X{0}>     -7.209431142663e-01  -1.386352266380e+00   0.000000000000e+00   0.000000000000e+00   0.000000000000e+00  -2.682507755609e-10
OPAL-X{0}>      0.000000000000e+00   0.000000000000e+00   3.851352100255e+00   1.040676316120e+01   0.000000000000e+00   0.000000000000e+00
OPAL-X{0}>      0.000000000000e+00   0.000000000000e+00   1.329223389160e+00   3.851352100040e+00   0.000000000000e+00   0.000000000000e+00
OPAL-X{0}>     -1.735868197962e-08   1.802036643899e-08   0.000000000000e+00   0.000000000000e+00   1.000000000003e+00  -9.437729862416e-02
OPAL-X{0}>     -1.814558276333e-11  -2.627735503999e-11   0.000000000000e+00   0.000000000000e+00   0.000000000000e+00   9.999999999377e-01
OPAL-X{0}> * Volume-preservation diagnostic: PASS
OPAL-X{0}> *   |det(M) - 1| = 1.6137025e-10  (tolerance 1.0000000e-06)
OPAL-X{0}> * Canonical-form symplecticity diagnostic: PASS
OPAL-X{0}> *   max_ij |(M^T J M - J)_ij| = 3.5437433e-08  (tolerance 1.0000000e-06)
OPAL-X{0}> *   The reported slopes and mechanical momenta are not globally canonical;
OPAL-X{0}> *   this test is diagnostic unless the entrance/exit coordinates are canonical.
OPAL-X{0}> 
OPAL-X{0}> 
OPAL-X{0}> * Size of map 5 sections 
OPAL-X{0}> * Key: (0.000000 - 1.047203) number of overlapping elements 1
OPAL-X{0}> *                            B1
OPAL-X{0}> * Key: (1.047203 - 2.047188) number of overlapping elements 1
OPAL-X{0}> *                            D1
OPAL-X{0}> * Key: (2.047188 - 2.247210) number of overlapping elements 1
OPAL-X{0}> *                            QACH
OPAL-X{0}> * Key: (2.247210 - 3.247195) number of overlapping elements 1
OPAL-X{0}> *                            D2
OPAL-X{0}> * Key: (3.247195 - 4.294395) number of overlapping elements 1
OPAL-X{0}> *                            B2
OPAL-X{0}> 
OPAL-X{0}> * Creating new file for data: 'data/map-2-dba_ElementPositions.sdds'
OPAL-X{0}> * Track start at: 01:00:22, t= 0.000 [fs]; sStart at: 0.000 [um]
OPAL-X{0}> * Initial dt = 100.000 [fs]
OPAL-X{0}> * Max integration steps = 1, next step = 0
ParallelTracker::setOptionalVariables{0}[2]> REPARTFREQ 10
OPAL-X{0}>                dt [ns]           sStop [m]        num Steps [1]
OPAL-X{0}> ->         1.000000e-13        4.294395e+00                   1
PartBunch::performBunchSanityChecks{0}[2]> ========= Done performing PartBunch sanity checks... =========
ParallelTracker::execute{0}[2]> Starting track with dt = 100.000 [fs], track steps = 0 to 1.
OPAL-X{0}> * 01:00:22 Step      0 container[0] at 29.979 [um], t= 100.000 [fs], E=250.000 [MeV]
ParallelTracker::execute{0}[2]> Total FieldSolver calls: 0
ParallelTracker::execute{0}[2]> Total binary repartitions: 0
OPAL-X{0}> 
OPAL-X{0}> * Done executing ParallelTracker at 01:00:22
OPAL-X{0}> 
OPAL-X{0}> * End of input stream 'map-2-dba.in'
Timings{0}> ---------------------------------------------
Timings{0}>      Timing results for 2 rank(s):
Timings{0}> ---------------------------------------------
Timings{0}> mainTimer........... Wall tot =    68.6391
Timings{0}> 
Timings{0}> H5 open close....... Wall max = 0.00471983
Timings{0}>                      Wall avg = 0.00429898
Timings{0}>                      Wall min = 0.00387813
Timings{0}> 
Timings{0}> H5 total step....... Wall max =          0
Timings{0}>                      Wall avg =          0
Timings{0}>                      Wall min =          0
Timings{0}> 
Timings{0}> H5 step header...... Wall max =          0
Timings{0}>                      Wall avg =          0
Timings{0}>                      Wall min =          0
Timings{0}> 
Timings{0}> H5 device host copy. Wall max =          0
Timings{0}>                      Wall avg =          0
Timings{0}>                      Wall min =          0
Timings{0}> 
Timings{0}> H5 dataset write.... Wall max =          0
Timings{0}>                      Wall avg =          0
Timings{0}>                      Wall min =          0
Timings{0}> 
Timings{0}> Write Stat.......... Wall max =          0
Timings{0}>                      Wall avg =          0
Timings{0}>                      Wall min =          0
Timings{0}> 
Timings{0}> findInternal........ Wall max =  2.833e-06
Timings{0}>                      Wall avg =  2.812e-06
Timings{0}>                      Wall min =  2.791e-06
Timings{0}> 
Timings{0}> findPeriodic........ Wall max =   2.08e-07
Timings{0}>                      Wall avg =  1.875e-07
Timings{0}>                      Wall min =   1.67e-07
Timings{0}> 
Timings{0}> samplingTime........ Wall max = 0.00020375
Timings{0}>                      Wall avg = 0.000196312
Timings{0}>                      Wall min = 0.000188875
Timings{0}> 
Timings{0}> particleBC.......... Wall max =  8.834e-06
Timings{0}>                      Wall avg = 8.6885e-06
Timings{0}>                      Wall min =  8.543e-06
Timings{0}> 
Timings{0}> updateParticle...... Wall max = 0.000877252
Timings{0}>                      Wall avg = 0.00078973
Timings{0}>                      Wall min = 0.000702209
Timings{0}> 
Timings{0}> locateParticles..... Wall max = 0.000149542
Timings{0}>                      Wall avg = 0.000133875
Timings{0}>                      Wall min = 0.000118208
Timings{0}> 
Timings{0}> sendPreprocess...... Wall max = 0.000633917
Timings{0}>                      Wall avg = 0.000530313
Timings{0}>                      Wall min = 0.000426709
Timings{0}> 
Timings{0}> particleSend........ Wall max =  8.415e-06
Timings{0}>                      Wall avg =  7.937e-06
Timings{0}>                      Wall min =  7.459e-06
Timings{0}> 
Timings{0}> particleRecv........ Wall max =  5.834e-06
Timings{0}>                      Wall avg = 5.5005e-06
Timings{0}>                      Wall min =  5.167e-06
Timings{0}> 
Timings{0}> particleDestroy..... Wall max =  8.376e-06
Timings{0}>                      Wall avg =  6.875e-06
Timings{0}>                      Wall min =  5.374e-06
Timings{0}> 
Timings{0}> particleWait........ Wall max =  3.042e-06
Timings{0}>                      Wall avg =  3.041e-06
Timings{0}>                      Wall min =   3.04e-06
Timings{0}> 
Timings{0}> particleFreeBuffers. Wall max = 1.4583e-05
Timings{0}>                      Wall avg = 1.2583e-05
Timings{0}>                      Wall min = 1.0583e-05
Timings{0}> 
Timings{0}> particleDeserialize. Wall max = 1.4626e-05
Timings{0}>                      Wall avg = 1.3688e-05
Timings{0}>                      Wall min =  1.275e-05
Timings{0}> 
Timings{0}> particleDeserResize. Wall max =  1.665e-06
Timings{0}>                      Wall avg = 1.3735e-06
Timings{0}>                      Wall min =  1.082e-06
Timings{0}> 
Timings{0}> particleDeserCopy... Wall max =  1.917e-06
Timings{0}>                      Wall avg =  1.896e-06
Timings{0}>                      Wall min =  1.875e-06
Timings{0}> 
Timings{0}> computeMoments...... Wall max = 0.000551499
Timings{0}>                      Wall avg = 0.000479167
Timings{0}>                      Wall min = 0.000406834
Timings{0}> 
Timings{0}> TIntegration1....... Wall max = 0.000234584
Timings{0}>                      Wall avg = 0.000146646
Timings{0}>                      Wall min = 5.8708e-05
Timings{0}> 
Timings{0}> TIntegration2....... Wall max = 7.9333e-05
Timings{0}>                      Wall avg = 5.98745e-05
Timings{0}>                      Wall min = 4.0416e-05
Timings{0}> 
Timings{0}> External field eval. Wall max = 8.7542e-05
Timings{0}>                      Wall avg = 7.03125e-05
Timings{0}>                      Wall min = 5.3083e-05
Timings{0}> 
Timings{0}> Binaryrepart........ Wall max =          0
Timings{0}>                      Wall avg =          0
Timings{0}>                      Wall min =          0
Timings{0}> 
Timings{0}> OrbThreader......... Wall max =    68.5998
Timings{0}>                      Wall avg =    68.5261
Timings{0}>                      Wall min =    68.4525
Timings{0}> 
Timings{0}> ---------------------------------------------
Timings{0}>      Measurement counts:
Timings{0}> ---------------------------------------------
Timings{0}> mainTimer........... Count =          1
Timings{0}> H5 open close....... Count =          2
Timings{0}> H5 total step....... Count =          0
Timings{0}> H5 step header...... Count =          0
Timings{0}> H5 device host copy. Count =          0
Timings{0}> H5 dataset write.... Count =          0
Timings{0}> Write Stat.......... Count =          0
Timings{0}> findInternal........ Count =          1
Timings{0}> findPeriodic........ Count =          1
Timings{0}> samplingTime........ Count =          1
Timings{0}> particleBC.......... Count =          4
Timings{0}> updateParticle...... Count =          4
Timings{0}> locateParticles..... Count =          4
Timings{0}> sendPreprocess...... Count =          4
Timings{0}> particleSend........ Count =          4
Timings{0}> particleRecv........ Count =          4
Timings{0}> particleDestroy..... Count =          4
Timings{0}> particleWait........ Count =          4
Timings{0}> particleFreeBuffers. Count =          4
Timings{0}> particleDeserialize. Count =          4
Timings{0}> particleDeserResize. Count =          4
Timings{0}> particleDeserCopy... Count =          4
Timings{0}> computeMoments...... Count =          5
Timings{0}> TIntegration1....... Count =          1
Timings{0}> TIntegration2....... Count =          1
Timings{0}> External field eval. Count =          1
Timings{0}> Binaryrepart........ Count =          0
Timings{0}> OrbThreader......... Count =          1
Timings{0}> ---------------------------------------------
Timings{0}> ---------------------------------------------
Timings{0}>      Per-occurrence statistics:
Timings{0}> ---------------------------------------------
Timings{0}> mainTimer........... n=    1  mean=   68.6388  std=         0  min=   68.6388  max=   68.6388
Timings{0}> H5 open close....... n=    2  mean=0.00235992  std=0.00263509  min=0.000496625  max=0.00422321
Timings{0}> findInternal........ n=    1  mean= 2.791e-06  std=         0  min= 2.791e-06  max= 2.791e-06
Timings{0}> findPeriodic........ n=    1  mean=  2.08e-07  std=         0  min=  2.08e-07  max=  2.08e-07
Timings{0}> samplingTime........ n=    1  mean=0.00020375  std=         0  min=0.00020375  max=0.00020375
Timings{0}> particleBC.......... n=    4  mean=2.13575e-06  std=1.85129e-06  min=  6.25e-07  max= 4.834e-06
Timings{0}> updateParticle...... n=    4  mean=0.000219313  std=0.000117985  min=8.8875e-05  max=0.000355334
Timings{0}> locateParticles..... n=    4  mean=2.9552e-05  std=1.15483e-05  min=1.4417e-05  max=4.1792e-05
Timings{0}> sendPreprocess...... n=    4  mean=0.000158479  std=0.000125261  min= 4.209e-06  max=0.000281916
Timings{0}> particleSend........ n=    4  mean=2.10375e-06  std=2.9777e-07  min= 1.666e-06  max= 2.292e-06
Timings{0}> particleRecv........ n=    4  mean=1.4585e-06  std=4.02653e-07  min= 1.125e-06  max= 2.042e-06
Timings{0}> particleDestroy..... n=    4  mean= 2.094e-06  std=1.1841e-06  min= 1.042e-06  max= 3.459e-06
Timings{0}> particleWait........ n=    4  mean= 7.605e-07  std=1.90993e-07  min=  5.41e-07  max=  9.59e-07
Timings{0}> particleFreeBuffers. n=    4  mean=2.64575e-06  std=1.50027e-06  min=  1.25e-06  max=  4.75e-06
Timings{0}> particleDeserialize. n=    4  mean=3.6565e-06  std=1.54338e-06  min= 1.542e-06  max=  5.25e-06
Timings{0}> particleDeserResize. n=    4  mean=4.1625e-07  std=2.65797e-07  min=  1.66e-07  max=  6.66e-07
Timings{0}> particleDeserCopy... n=    4  mean=4.6875e-07  std=2.53145e-07  min=   2.5e-07  max=  7.08e-07
Timings{0}> computeMoments...... n=    5  mean=8.13668e-05  std=6.5564e-05  min=1.8875e-05  max=0.000181583
Timings{0}> TIntegration1....... n=    1  mean=5.8708e-05  std=         0  min=5.8708e-05  max=5.8708e-05
Timings{0}> TIntegration2....... n=    1  mean=7.9333e-05  std=         0  min=7.9333e-05  max=7.9333e-05
Timings{0}> External field eval. n=    1  mean=5.3083e-05  std=         0  min=5.3083e-05  max=5.3083e-05
Timings{0}> OrbThreader......... n=    1  mean=   68.4525  std=         0  min=   68.4525  max=   68.4525
Timings{0}> ---------------------------------------------
