Ippl{0}[2]> [AutoTune] seeding built-in scatter/gather defaults for Kokkos::OpenMP (set IPPL_AUTO_TUNE=1 to run the sweep instead)
OPAL-X{0}>               ____  _____        _       __   __
OPAL-X{0}> [1;32m
OPAL-X{0}> 
OPAL-X{0}>   ██████  ██████   █████  ██      ██   ██
OPAL-X{0}>  ██    ██ ██   ██ ██   ██ ██       ██ ██
OPAL-X{0}>  ██    ██ ██████  ███████ ██        ███
OPAL-X{0}>  ██    ██ ██      ██   ██ ██       ██ ██
OPAL-X{0}>   ██████  ██      ██   ██ ███████ ██   ██
OPAL-X{0}> 
OPAL-X{0}>          This is OPALX (Object Oriented Parallel Accelerator Library for Exascale)
OPAL-X{0}> 
OPAL-X{0}> [0m
OPAL-X{0}> 
OPAL-X{0}> OPALX is the performance portable version of OPAL :: Version 0.9
OPAL-X{0}>             git rev. 3ef744a461d3991f405e92692a173a5cbcfacaff
OPAL-X{0}> 
OPAL-X{0}> 
OPAL-X{0}>              (c) PSI, https://github.com/OPALX-project/OPALX
OPAL-X{0}> 
OPAL-X{0}> 
OPAL-X{0}> Please send cookies, goodies or other motivations (wine and beer ... ) 
OPAL-X{0}> to the OPAL developers https://github.com/OPALX-project/OPALX/issues
OPAL-X{0}> 
OPAL-X{0}> Time: 08:27:49 date: 05/09/2026
OPAL-X{0}> 
OPAL-X{0}> * Host:   OpenMP
OPAL-X{0}> * Device: OpenMP
OPAL-X{0}> 
OPAL-X{0}> * Reading input stream 'map-2-dba.in'
OPAL-X{0}> * ************* F I E L D S O L V E R ********************************************** 
OPAL-X{0}> * FIELDSOLVER  FS
OPAL-X{0}> * BINS         NONE
OPAL-X{0}> * TYPE         NONE
OPAL-X{0}> * RANKS        2
OPAL-X{0}> * NX           16
OPAL-X{0}> * NY           16
OPAL-X{0}> * NZ           16
OPAL-X{0}> * BBOXINCR     1
OPAL-X{0}> * GREENSF      INTEGRATED
OPAL-X{0}> * XDIM         parallel  
OPAL-X{0}> * YDIM         parallel  
OPAL-X{0}> * ZDIM         parallel  
OPAL-X{0}> * ********************************************************************************** 
OPAL-X{0}> 
OPAL-X{0}> * RUN resolved beams: BEAM1
OPAL-X{0}> * ************* B E A M ************************************************************ 
OPAL-X{0}> * BEAM        BEAM1
OPAL-X{0}> * PARTICLE    ELECTRON
OPAL-X{0}> * REST MASS   0.000510999 [GeV]
OPAL-X{0}> * CHARGE      -e * 1 
OPAL-X{0}> * MOMENTUM    1 [eV/c]
OPAL-X{0}> * MOMENTUM    0 [GeV/c]
OPAL-X{0}> * BCHARGE     1.60218e-19 [C]
OPAL-X{0}> * NALLOC      1
OPAL-X{0}> * ********************************************************************************** 
OPAL-X{0}> 
OPAL-X{0}[2]> * Beam[0] BEAM1 macro charge per particle [C]: -1.60218e-19
OPAL-X{0}[2]> * Beam[0] BEAM1 macro mass per particle [GeV/c^2]: 0.000510999
OPAL-X{0}[2]> * Beam[0] BEAM1 particles per macro particle: 1
OPAL-X{0}> 
OPAL-X{0}> * Creating new file for data: 'map-2-dba.stat'
OPAL-X{0}> * Creating new file for data: 'map-2-dba.lbal'
PartBunch::setSolver{0}[2]> Initializing solver: NONE
PartBunch::setBins{0}[2]> Solver FS has no binning command attached, not using binning.
PartBunch::pre_run{0}[2]> Starting pre_run...
OPAL-X{0}[2]> * BCHandler<3>: [OPEN, OPEN, OPEN]
FromFile::generateParticles{0}> FromFile: Loaded 1 particles from file '../reference-particle.txt'
FromFile::generateParticles{0}> Rank 0: 1 local particles
OPAL-X{0}[2]> * Particle sampling / sampler setup for all emission sources done.
FromFile::generateParticles{1}> FromFile: Loaded 1 particles from file '../reference-particle.txt'
FromFile::generateParticles{1}> Rank 1: 0 local particles
OPAL-X{0}> 
OPAL-X{0}> * ************** B U N C H ********************************************************* 
OPAL-X{0}> * CONTAINER       = 0
OPAL-X{0}> * PARTICLES       = 1
OPAL-X{0}> * CHARGE          = -1.602177e-19 (Cb) 
OPAL-X{0}> * QM STORAGE MODE = SINGLE
OPAL-X{0}> * <EKIN>          = 250.000 [MeV]
OPAL-X{0}> * <dEKIN>         = 0.000 [eV]
OPAL-X{0}> * INTEGRATOR      = LF2
OPAL-X{0}> * LB Threshold    = 5.000000e-02
OPAL-X{0}> * MIN R (origin)  = (      0.00000 ,      0.00000 ,      0.00000 ) [um]
OPAL-X{0}> * MAX R (max ext) = (      0.00000 ,      0.00000 ,      0.00000 ) [um]
OPAL-X{0}> * RMS R           = (      0.00000 ,      0.00000 ,      0.00000 ) [um]
OPAL-X{0}> * RMS P           = ( 0.000000e+00 , 0.000000e+00 , 0.000000e+00 ) [beta gamma]
OPAL-X{0}> * Mean R          = ( 0.000000e+00 , 0.000000e+00 , 0.000000e+00 ) [m]
OPAL-X{0}> * Mean P          = ( 0.000000e+00 , 0.000000e+00 , 4.902368e+02 ) [beta gamma]
OPAL-X{0}> * MESH SPACING    = (      0.00133 ,      0.00133 ,      0.00133 ) [um]
OPAL-X{0}> * COMPDOM INCR    = 1.000000e+00 (%) 
OPAL-X{0}> * FIELD LAYOUT    = Domain = {[0:15:1],[0:15:1],[0:15:1]}
OPAL-X{0}> Total number of boxes = 2
OPAL-X{0}>     Box 0 {[0:7:1],[0:15:1],[0:15:1]}
OPAL-X{0}>     Box 1 {[8:15:1],[0:15:1],[0:15:1]}
OPAL-X{0}> 
OPAL-X{0}> * Centroid : 
OPAL-X{0}> * 0.000000e+00 0.000000e+00 0.000000e+00 0.000000e+00 0.000000e+00 4.902368e+02 
OPAL-X{0}> * Cov Matrix : 
OPAL-X{0}> * 0.000000e+00 0.000000e+00 0.000000e+00 0.000000e+00 0.000000e+00 0.000000e+00 
OPAL-X{0}> * 0.000000e+00 0.000000e+00 0.000000e+00 0.000000e+00 0.000000e+00 0.000000e+00 
OPAL-X{0}> * 0.000000e+00 0.000000e+00 0.000000e+00 0.000000e+00 0.000000e+00 0.000000e+00 
OPAL-X{0}> * 0.000000e+00 0.000000e+00 0.000000e+00 0.000000e+00 0.000000e+00 0.000000e+00 
OPAL-X{0}> * 0.000000e+00 0.000000e+00 0.000000e+00 0.000000e+00 0.000000e+00 0.000000e+00 
OPAL-X{0}> * 0.000000e+00 0.000000e+00 0.000000e+00 0.000000e+00 0.000000e+00 0.000000e+00 
OPAL-X{0}> * * ********************************************************************************** 
OPAL-X{0}> 
ParallelTracker::execute{0}[2]> Dump initial phase space done.
OPAL-X{0}> * OrbitThreader dt_m= 1e-13
OPAL-X{0}> * Linear-map integrator: BORIS; Richardson levels: 2; formal differentiation order: 6; rays per segment: 36
OPAL-X{0}> * Linear-map starting perturbations (x,x',y,y',zeta,delta): 1.000000000000e-01 1.000000000000e-01 1.000000000000e-01 1.000000000000e-01 1.000000000000e-01 1.000000000000e-01
OPAL-X{0}> 
OPAL-X{0}> * Combined linear transfer map  (x, x', y, y', zeta, delta):
OPAL-X{0}>     -1.386352280527e+00  -1.278842396701e+00   0.000000000000e+00   0.000000000000e+00   0.000000000000e+00  -3.034550164739e-08
OPAL-X{0}>     -7.209431303107e-01  -1.386352279211e+00   0.000000000000e+00   0.000000000000e+00   0.000000000000e+00  -3.663058712628e-09
OPAL-X{0}>      0.000000000000e+00   0.000000000000e+00   3.851352179409e+00   1.040676332241e+01   0.000000000000e+00   0.000000000000e+00
OPAL-X{0}>      0.000000000000e+00   0.000000000000e+00   1.329223427203e+00   3.851352177585e+00   0.000000000000e+00   0.000000000000e+00
OPAL-X{0}>      1.191877382913e-08   3.477051930138e-08   0.000000000000e+00   0.000000000000e+00   1.000000000000e+00  -9.437721396795e-02
OPAL-X{0}>      3.620334415505e-13   4.016561757189e-13   0.000000000000e+00   0.000000000000e+00   0.000000000000e+00   1.000000000002e+00
OPAL-X{0}> * Volume-preservation diagnostic: PASS
OPAL-X{0}> *   |det(M) - 1| = 3.4488794e-09  (tolerance 1.0000000e-06)
OPAL-X{0}> * Canonical-form symplecticity diagnostic: PASS
OPAL-X{0}> *   max_ij |(M^T J M - J)_ij| = 6.6963720e-09  (tolerance 1.0000000e-06)
OPAL-X{0}> *   The reported slopes and mechanical momenta are not globally canonical;
OPAL-X{0}> *   this test is diagnostic unless the entrance/exit coordinates are canonical.
OPAL-X{0}> 
OPAL-X{0}> 
OPAL-X{0}> * Size of map 5 sections 
OPAL-X{0}> * Key: (0.000000 - 1.047203) number of overlapping elements 1
OPAL-X{0}> *                            B1
OPAL-X{0}> * Key: (1.047203 - 2.047188) number of overlapping elements 1
OPAL-X{0}> *                            D1
OPAL-X{0}> * Key: (2.047188 - 2.247210) number of overlapping elements 1
OPAL-X{0}> *                            QACH
OPAL-X{0}> * Key: (2.247210 - 3.247195) number of overlapping elements 1
OPAL-X{0}> *                            D2
OPAL-X{0}> * Key: (3.247195 - 4.294395) number of overlapping elements 1
OPAL-X{0}> *                            B2
OPAL-X{0}> 
OPAL-X{0}> * Creating new file for data: 'data/map-2-dba_ElementPositions.sdds'
OPAL-X{0}> * Track start at: 08:28:25, t= 0.000 [fs]; sStart at: 0.000 [um]
OPAL-X{0}> * Initial dt = 100.000 [fs]
OPAL-X{0}> * Max integration steps = 1, next step = 0
ParallelTracker::setOptionalVariables{0}[2]> REPARTFREQ 10
OPAL-X{0}>                dt [ns]           sStop [m]        num Steps [1]
OPAL-X{0}> ->         1.000000e-13        4.294395e+00                   1
PartBunch::performBunchSanityChecks{0}[2]> ========= Done performing PartBunch sanity checks... =========
ParallelTracker::execute{0}[2]> Starting track with dt = 100.000 [fs], track steps = 0 to 1.
OPAL-X{0}> * 08:28:25 Step      0 container[0] at 29.979 [um], t= 100.000 [fs], E=250.000 [MeV]
ParallelTracker::execute{0}[2]> Total FieldSolver calls: 0
ParallelTracker::execute{0}[2]> Total binary repartitions: 0
OPAL-X{0}> 
OPAL-X{0}> * Done executing ParallelTracker at 08:28:25
OPAL-X{0}> 
OPAL-X{0}> * End of input stream 'map-2-dba.in'
Timings{0}> ---------------------------------------------
Timings{0}>      Timing results for 2 rank(s):
Timings{0}> ---------------------------------------------
Timings{0}> mainTimer........... Wall tot =     35.858
Timings{0}> 
Timings{0}> H5 open close....... Wall max = 0.00307779
Timings{0}>                      Wall avg =  0.0030559
Timings{0}>                      Wall min =   0.003034
Timings{0}> 
Timings{0}> H5 total step....... Wall max =          0
Timings{0}>                      Wall avg =          0
Timings{0}>                      Wall min =          0
Timings{0}> 
Timings{0}> H5 step header...... Wall max =          0
Timings{0}>                      Wall avg =          0
Timings{0}>                      Wall min =          0
Timings{0}> 
Timings{0}> H5 device host copy. Wall max =          0
Timings{0}>                      Wall avg =          0
Timings{0}>                      Wall min =          0
Timings{0}> 
Timings{0}> H5 dataset write.... Wall max =          0
Timings{0}>                      Wall avg =          0
Timings{0}>                      Wall min =          0
Timings{0}> 
Timings{0}> Write Stat.......... Wall max =          0
Timings{0}>                      Wall avg =          0
Timings{0}>                      Wall min =          0
Timings{0}> 
Timings{0}> findInternal........ Wall max =  2.875e-06
Timings{0}>                      Wall avg = 2.7915e-06
Timings{0}>                      Wall min =  2.708e-06
Timings{0}> 
Timings{0}> findPeriodic........ Wall max =   2.09e-07
Timings{0}>                      Wall avg =  2.085e-07
Timings{0}>                      Wall min =   2.08e-07
Timings{0}> 
Timings{0}> samplingTime........ Wall max = 0.000187708
Timings{0}>                      Wall avg = 0.000183354
Timings{0}>                      Wall min =   0.000179
Timings{0}> 
Timings{0}> particleBC.......... Wall max =  7.084e-06
Timings{0}>                      Wall avg = 6.8545e-06
Timings{0}>                      Wall min =  6.625e-06
Timings{0}> 
Timings{0}> updateParticle...... Wall max = 0.000175083
Timings{0}>                      Wall avg = 0.000170604
Timings{0}>                      Wall min = 0.000166124
Timings{0}> 
Timings{0}> locateParticles..... Wall max = 7.3877e-05
Timings{0}>                      Wall avg = 7.3335e-05
Timings{0}>                      Wall min = 7.2793e-05
Timings{0}> 
Timings{0}> sendPreprocess...... Wall max =  1.525e-05
Timings{0}>                      Wall avg = 1.3396e-05
Timings{0}>                      Wall min = 1.1542e-05
Timings{0}> 
Timings{0}> particleSend........ Wall max =  5.167e-06
Timings{0}>                      Wall avg = 5.1045e-06
Timings{0}>                      Wall min =  5.042e-06
Timings{0}> 
Timings{0}> particleRecv........ Wall max =  4.167e-06
Timings{0}>                      Wall avg =  4.104e-06
Timings{0}>                      Wall min =  4.041e-06
Timings{0}> 
Timings{0}> particleDestroy..... Wall max =  3.001e-06
Timings{0}>                      Wall avg =  2.834e-06
Timings{0}>                      Wall min =  2.667e-06
Timings{0}> 
Timings{0}> particleWait........ Wall max =  1.833e-06
Timings{0}>                      Wall avg = 1.7705e-06
Timings{0}>                      Wall min =  1.708e-06
Timings{0}> 
Timings{0}> particleFreeBuffers. Wall max =  7.667e-06
Timings{0}>                      Wall avg = 7.6465e-06
Timings{0}>                      Wall min =  7.626e-06
Timings{0}> 
Timings{0}> particleDeserialize. Wall max = 1.0167e-05
Timings{0}>                      Wall avg = 9.2705e-06
Timings{0}>                      Wall min =  8.374e-06
Timings{0}> 
Timings{0}> particleDeserResize. Wall max =   8.33e-07
Timings{0}>                      Wall avg =   7.29e-07
Timings{0}>                      Wall min =   6.25e-07
Timings{0}> 
Timings{0}> particleDeserCopy... Wall max =   9.59e-07
Timings{0}>                      Wall avg =   9.38e-07
Timings{0}>                      Wall min =   9.17e-07
Timings{0}> 
Timings{0}> computeMoments...... Wall max = 0.000142876
Timings{0}>                      Wall avg = 0.000136876
Timings{0}>                      Wall min = 0.000130876
Timings{0}> 
Timings{0}> TIntegration1....... Wall max = 1.4708e-05
Timings{0}>                      Wall avg = 1.43335e-05
Timings{0}>                      Wall min = 1.3959e-05
Timings{0}> 
Timings{0}> TIntegration2....... Wall max =   1.45e-05
Timings{0}>                      Wall avg = 1.38125e-05
Timings{0}>                      Wall min = 1.3125e-05
Timings{0}> 
Timings{0}> External field eval. Wall max = 2.7125e-05
Timings{0}>                      Wall avg = 2.66875e-05
Timings{0}>                      Wall min =  2.625e-05
Timings{0}> 
Timings{0}> Binaryrepart........ Wall max =          0
Timings{0}>                      Wall avg =          0
Timings{0}>                      Wall min =          0
Timings{0}> 
Timings{0}> OrbThreader......... Wall max =    35.8265
Timings{0}>                      Wall avg =    35.8025
Timings{0}>                      Wall min =    35.7785
Timings{0}> 
Timings{0}> ---------------------------------------------
Timings{0}>      Measurement counts:
Timings{0}> ---------------------------------------------
Timings{0}> mainTimer........... Count =          1
Timings{0}> H5 open close....... Count =          2
Timings{0}> H5 total step....... Count =          0
Timings{0}> H5 step header...... Count =          0
Timings{0}> H5 device host copy. Count =          0
Timings{0}> H5 dataset write.... Count =          0
Timings{0}> Write Stat.......... Count =          0
Timings{0}> findInternal........ Count =          1
Timings{0}> findPeriodic........ Count =          1
Timings{0}> samplingTime........ Count =          1
Timings{0}> particleBC.......... Count =          4
Timings{0}> updateParticle...... Count =          4
Timings{0}> locateParticles..... Count =          4
Timings{0}> sendPreprocess...... Count =          4
Timings{0}> particleSend........ Count =          4
Timings{0}> particleRecv........ Count =          4
Timings{0}> particleDestroy..... Count =          4
Timings{0}> particleWait........ Count =          4
Timings{0}> particleFreeBuffers. Count =          4
Timings{0}> particleDeserialize. Count =          4
Timings{0}> particleDeserResize. Count =          4
Timings{0}> particleDeserCopy... Count =          4
Timings{0}> computeMoments...... Count =          5
Timings{0}> TIntegration1....... Count =          1
Timings{0}> TIntegration2....... Count =          1
Timings{0}> External field eval. Count =          1
Timings{0}> Binaryrepart........ Count =          0
Timings{0}> OrbThreader......... Count =          1
Timings{0}> ---------------------------------------------
Timings{0}> ---------------------------------------------
Timings{0}>      Per-occurrence statistics:
Timings{0}> ---------------------------------------------
Timings{0}> mainTimer........... n=    1  mean=   35.8578  std=         0  min=   35.8578  max=   35.8578
Timings{0}> H5 open close....... n=    2  mean=  0.001517  std=0.00148121  min=0.000469625  max=0.00256437
Timings{0}> findInternal........ n=    1  mean= 2.875e-06  std=         0  min= 2.875e-06  max= 2.875e-06
Timings{0}> findPeriodic........ n=    1  mean=  2.09e-07  std=         0  min=  2.09e-07  max=  2.09e-07
Timings{0}> samplingTime........ n=    1  mean=  0.000179  std=         0  min=  0.000179  max=  0.000179
Timings{0}> particleBC.......... n=    4  mean=1.65625e-06  std=1.70944e-06  min=  4.58e-07  max= 4.084e-06
Timings{0}> updateParticle...... n=    4  mean=4.1531e-05  std=2.87167e-05  min=1.9041e-05  max=8.0917e-05
Timings{0}> locateParticles..... n=    4  mean=1.84692e-05  std=9.55597e-06  min= 1.025e-05  max=2.9959e-05
Timings{0}> sendPreprocess...... n=    4  mean=2.8855e-06  std=9.90219e-07  min=  1.75e-06  max= 3.958e-06
Timings{0}> particleSend........ n=    4  mean=1.2605e-06  std=9.02561e-07  min=  4.58e-07  max= 2.042e-06
Timings{0}> particleRecv........ n=    4  mean=1.01025e-06  std=8.45376e-07  min=  3.33e-07  max= 2.125e-06
Timings{0}> particleDestroy..... n=    4  mean=7.5025e-07  std=2.65797e-07  min=     5e-07  max=     1e-06
Timings{0}> particleWait........ n=    4  mean=4.5825e-07  std=2.04125e-07  min=  2.91e-07  max=  7.08e-07
Timings{0}> particleFreeBuffers. n=    4  mean=1.91675e-06  std=1.97739e-06  min=  3.75e-07  max= 4.584e-06
Timings{0}> particleDeserialize. n=    4  mean=2.0935e-06  std=1.9116e-06  min= 1.041e-06  max= 4.958e-06
Timings{0}> particleDeserResize. n=    4  mean=2.0825e-07  std=5.84544e-08  min=  1.67e-07  max=  2.91e-07
Timings{0}> particleDeserCopy... n=    4  mean=2.3975e-07  std=6.21685e-08  min=  2.08e-07  max=  3.33e-07
Timings{0}> computeMoments...... n=    5  mean=2.61752e-05  std=2.12904e-05  min=1.0875e-05  max=6.1834e-05
Timings{0}> TIntegration1....... n=    1  mean=1.4708e-05  std=         0  min=1.4708e-05  max=1.4708e-05
Timings{0}> TIntegration2....... n=    1  mean=1.3125e-05  std=         0  min=1.3125e-05  max=1.3125e-05
Timings{0}> External field eval. n=    1  mean=2.7125e-05  std=         0  min=2.7125e-05  max=2.7125e-05
Timings{0}> OrbThreader......... n=    1  mean=   35.8265  std=         0  min=   35.8265  max=   35.8265
Timings{0}> ---------------------------------------------
