Ippl{0}[2]> [AutoTune] seeding built-in scatter/gather defaults for Kokkos::OpenMP (set IPPL_AUTO_TUNE=1 to run the sweep instead)
OPAL-X{0}>               ____  _____        _       __   __
OPAL-X{0}> [1;32m
OPAL-X{0}> 
OPAL-X{0}>   ██████  ██████   █████  ██      ██   ██
OPAL-X{0}>  ██    ██ ██   ██ ██   ██ ██       ██ ██
OPAL-X{0}>  ██    ██ ██████  ███████ ██        ███
OPAL-X{0}>  ██    ██ ██      ██   ██ ██       ██ ██
OPAL-X{0}>   ██████  ██      ██   ██ ███████ ██   ██
OPAL-X{0}> 
OPAL-X{0}>          This is OPALX (Object Oriented Parallel Accelerator Library for Exascale)
OPAL-X{0}> 
OPAL-X{0}> [0m
OPAL-X{0}> 
OPAL-X{0}> OPALX is the performance portable version of OPAL :: Version 0.9
OPAL-X{0}>             git rev. 3ef744a461d3991f405e92692a173a5cbcfacaff
OPAL-X{0}> 
OPAL-X{0}> 
OPAL-X{0}>              (c) PSI, https://github.com/OPALX-project/OPALX
OPAL-X{0}> 
OPAL-X{0}> 
OPAL-X{0}> Please send cookies, goodies or other motivations (wine and beer ... ) 
OPAL-X{0}> to the OPAL developers https://github.com/OPALX-project/OPALX/issues
OPAL-X{0}> 
OPAL-X{0}> Time: 00:54:36 date: 05/09/2026
OPAL-X{0}> 
OPAL-X{0}> * Host:   OpenMP
OPAL-X{0}> * Device: OpenMP
OPAL-X{0}> 
OPAL-X{0}> * Reading input stream 'map-2-dba.in'
OPAL-X{0}> * ************* F I E L D S O L V E R ********************************************** 
OPAL-X{0}> * FIELDSOLVER  FS
OPAL-X{0}> * BINS         NONE
OPAL-X{0}> * TYPE         NONE
OPAL-X{0}> * RANKS        2
OPAL-X{0}> * NX           16
OPAL-X{0}> * NY           16
OPAL-X{0}> * NZ           16
OPAL-X{0}> * BBOXINCR     1
OPAL-X{0}> * GREENSF      INTEGRATED
OPAL-X{0}> * XDIM         parallel  
OPAL-X{0}> * YDIM         parallel  
OPAL-X{0}> * ZDIM         parallel  
OPAL-X{0}> * ********************************************************************************** 
OPAL-X{0}> 
OPAL-X{0}> * RUN resolved beams: BEAM1
OPAL-X{0}> * ************* B E A M ************************************************************ 
OPAL-X{0}> * BEAM        BEAM1
OPAL-X{0}> * PARTICLE    ELECTRON
OPAL-X{0}> * REST MASS   0.000510999 [GeV]
OPAL-X{0}> * CHARGE      -e * 1 
OPAL-X{0}> * MOMENTUM    1 [eV/c]
OPAL-X{0}> * MOMENTUM    0 [GeV/c]
OPAL-X{0}> * BCHARGE     1.60218e-19 [C]
OPAL-X{0}> * NALLOC      1
OPAL-X{0}> * ********************************************************************************** 
OPAL-X{0}> 
OPAL-X{0}[2]> * Beam[0] BEAM1 macro charge per particle [C]: -1.60218e-19
OPAL-X{0}[2]> * Beam[0] BEAM1 macro mass per particle [GeV/c^2]: 0.000510999
OPAL-X{0}[2]> * Beam[0] BEAM1 particles per macro particle: 1
OPAL-X{0}> 
OPAL-X{0}> * Creating new file for data: 'map-2-dba.stat'
OPAL-X{0}> * Creating new file for data: 'map-2-dba.lbal'
PartBunch::setSolver{0}[2]> Initializing solver: NONE
PartBunch::setBins{0}[2]> Solver FS has no binning command attached, not using binning.
PartBunch::pre_run{0}[2]> Starting pre_run...
OPAL-X{0}[2]> * BCHandler<3>: [OPEN, OPEN, OPEN]
FromFile::generateParticles{0}> FromFile: Loaded 1 particles from file '../reference-particle.txt'
FromFile::generateParticles{0}> Rank 0: 1 local particles
FromFile::generateParticles{1}> FromFile: Loaded 1 particles from file '../reference-particle.txt'
FromFile::generateParticles{1}> Rank 1: 0 local particles
OPAL-X{0}[2]> * Particle sampling / sampler setup for all emission sources done.
OPAL-X{0}> 
OPAL-X{0}> * ************** B U N C H ********************************************************* 
OPAL-X{0}> * CONTAINER       = 0
OPAL-X{0}> * PARTICLES       = 1
OPAL-X{0}> * CHARGE          = -1.602177e-19 (Cb) 
OPAL-X{0}> * QM STORAGE MODE = SINGLE
OPAL-X{0}> * <EKIN>          = 250.000 [MeV]
OPAL-X{0}> * <dEKIN>         = 0.000 [eV]
OPAL-X{0}> * INTEGRATOR      = LF2
OPAL-X{0}> * LB Threshold    = 5.000000e-02
OPAL-X{0}> * MIN R (origin)  = (      0.00000 ,      0.00000 ,      0.00000 ) [um]
OPAL-X{0}> * MAX R (max ext) = (      0.00000 ,      0.00000 ,      0.00000 ) [um]
OPAL-X{0}> * RMS R           = (      0.00000 ,      0.00000 ,      0.00000 ) [um]
OPAL-X{0}> * RMS P           = ( 0.000000e+00 , 0.000000e+00 , 0.000000e+00 ) [beta gamma]
OPAL-X{0}> * Mean R          = ( 0.000000e+00 , 0.000000e+00 , 0.000000e+00 ) [m]
OPAL-X{0}> * Mean P          = ( 0.000000e+00 , 0.000000e+00 , 4.902368e+02 ) [beta gamma]
OPAL-X{0}> * MESH SPACING    = (      0.00133 ,      0.00133 ,      0.00133 ) [um]
OPAL-X{0}> * COMPDOM INCR    = 1.000000e+00 (%) 
OPAL-X{0}> * FIELD LAYOUT    = Domain = {[0:15:1],[0:15:1],[0:15:1]}
OPAL-X{0}> Total number of boxes = 2
OPAL-X{0}>     Box 0 {[0:7:1],[0:15:1],[0:15:1]}
OPAL-X{0}>     Box 1 {[8:15:1],[0:15:1],[0:15:1]}
OPAL-X{0}> 
OPAL-X{0}> * Centroid : 
OPAL-X{0}> * 0.000000e+00 0.000000e+00 0.000000e+00 0.000000e+00 0.000000e+00 4.902368e+02 
OPAL-X{0}> * Cov Matrix : 
OPAL-X{0}> * 0.000000e+00 0.000000e+00 0.000000e+00 0.000000e+00 0.000000e+00 0.000000e+00 
OPAL-X{0}> * 0.000000e+00 0.000000e+00 0.000000e+00 0.000000e+00 0.000000e+00 0.000000e+00 
OPAL-X{0}> * 0.000000e+00 0.000000e+00 0.000000e+00 0.000000e+00 0.000000e+00 0.000000e+00 
OPAL-X{0}> * 0.000000e+00 0.000000e+00 0.000000e+00 0.000000e+00 0.000000e+00 0.000000e+00 
OPAL-X{0}> * 0.000000e+00 0.000000e+00 0.000000e+00 0.000000e+00 0.000000e+00 0.000000e+00 
OPAL-X{0}> * 0.000000e+00 0.000000e+00 0.000000e+00 0.000000e+00 0.000000e+00 0.000000e+00 
OPAL-X{0}> * * ********************************************************************************** 
OPAL-X{0}> 
ParallelTracker::execute{0}[2]> Dump initial phase space done.
OPAL-X{0}> * OrbitThreader dt_m= 3e-12
OPAL-X{0}> * Linear-map integrator: BORIS; Richardson levels: 1; formal differentiation order: 4; rays per segment: 24
OPAL-X{0}> * Linear-map starting perturbations (x,x',y,y',zeta,delta): 1.000000000000e-03 1.000000000000e-03 1.000000000000e-03 1.000000000000e-03 1.000000000000e-03 1.000000000000e-03
OPAL-X{0}> 
OPAL-X{0}> * Combined linear transfer map  (x, x', y, y', zeta, delta):
OPAL-X{0}>     -1.386353430022e+00  -1.278846144131e+00   0.000000000000e+00   0.000000000000e+00   0.000000000000e+00  -1.591462798420e-06
OPAL-X{0}>     -7.209435004343e-01  -1.386353417643e+00   0.000000000000e+00   0.000000000000e+00   0.000000000000e+00  -4.809194873280e-07
OPAL-X{0}>      0.000000000000e+00   0.000000000000e+00   3.851349720950e+00   1.040675836636e+01   0.000000000000e+00   0.000000000000e+00
OPAL-X{0}>      0.000000000000e+00   0.000000000000e+00   1.329222231587e+00   3.851349696610e+00   0.000000000000e+00   0.000000000000e+00
OPAL-X{0}>      4.739123885145e-07   1.595488461922e-06   0.000000000000e+00   0.000000000000e+00   1.000000000000e+00  -9.437649216927e-02
OPAL-X{0}>     -1.841263818101e-12  -2.215569230036e-12   0.000000000000e+00   0.000000000000e+00   0.000000000000e+00   1.000000000002e+00
OPAL-X{0}> * Volume-preservation diagnostic: PASS
OPAL-X{0}> *   |det(M) - 1| = 1.0824364e-10  (tolerance 1.0000000e-06)
OPAL-X{0}> * Canonical-form symplecticity diagnostic: PASS
OPAL-X{0}> *   max_ij |(M^T J M - J)_ij| = 6.7181651e-09  (tolerance 1.0000000e-06)
OPAL-X{0}> *   The reported slopes and mechanical momenta are not globally canonical;
OPAL-X{0}> *   this test is diagnostic unless the entrance/exit coordinates are canonical.
OPAL-X{0}> 
OPAL-X{0}> 
OPAL-X{0}> * Size of map 5 sections 
OPAL-X{0}> * Key: (0.000000 - 1.046873) number of overlapping elements 1
OPAL-X{0}> *                            B1
OPAL-X{0}> * Key: (1.046873 - 2.046979) number of overlapping elements 1
OPAL-X{0}> *                            D1
OPAL-X{0}> * Key: (2.046979 - 2.247539) number of overlapping elements 1
OPAL-X{0}> *                            QACH
OPAL-X{0}> * Key: (2.247539 - 3.247645) number of overlapping elements 1
OPAL-X{0}> *                            D2
OPAL-X{0}> * Key: (3.247645 - 4.294395) number of overlapping elements 1
OPAL-X{0}> *                            B2
OPAL-X{0}> 
OPAL-X{0}> * Creating new file for data: 'data/map-2-dba_ElementPositions.sdds'
OPAL-X{0}> * Track start at: 00:54:38, t= 0.000 [fs]; sStart at: 0.000 [um]
OPAL-X{0}> * Initial dt = 3.000 [ps]
OPAL-X{0}> * Max integration steps = 1, next step = 0
ParallelTracker::setOptionalVariables{0}[2]> REPARTFREQ 10
OPAL-X{0}>                dt [ns]           sStop [m]        num Steps [1]
OPAL-X{0}> ->         3.000000e-12        4.294395e+00                   1
PartBunch::performBunchSanityChecks{0}[2]> ========= Done performing PartBunch sanity checks... =========
ParallelTracker::execute{0}[2]> Starting track with dt = 3.000 [ps], track steps = 0 to 1.
OPAL-X{0}> * 00:54:38 Step      0 container[0] at 899.375 [um], t= 3.000 [ps], E=250.000 [MeV]
ParallelTracker::execute{0}[2]> Total FieldSolver calls: 0
ParallelTracker::execute{0}[2]> Total binary repartitions: 0
OPAL-X{0}> 
OPAL-X{0}> * Done executing ParallelTracker at 00:54:38
OPAL-X{0}> 
OPAL-X{0}> * End of input stream 'map-2-dba.in'
Timings{0}> ---------------------------------------------
Timings{0}>      Timing results for 2 rank(s):
Timings{0}> ---------------------------------------------
Timings{0}> mainTimer........... Wall tot =    2.04146
Timings{0}> 
Timings{0}> H5 open close....... Wall max = 0.00373608
Timings{0}>                      Wall avg = 0.00369146
Timings{0}>                      Wall min = 0.00364683
Timings{0}> 
Timings{0}> H5 total step....... Wall max =          0
Timings{0}>                      Wall avg =          0
Timings{0}>                      Wall min =          0
Timings{0}> 
Timings{0}> H5 step header...... Wall max =          0
Timings{0}>                      Wall avg =          0
Timings{0}>                      Wall min =          0
Timings{0}> 
Timings{0}> H5 device host copy. Wall max =          0
Timings{0}>                      Wall avg =          0
Timings{0}>                      Wall min =          0
Timings{0}> 
Timings{0}> H5 dataset write.... Wall max =          0
Timings{0}>                      Wall avg =          0
Timings{0}>                      Wall min =          0
Timings{0}> 
Timings{0}> Write Stat.......... Wall max =          0
Timings{0}>                      Wall avg =          0
Timings{0}>                      Wall min =          0
Timings{0}> 
Timings{0}> findInternal........ Wall max =  2.583e-06
Timings{0}>                      Wall avg =   2.25e-06
Timings{0}>                      Wall min =  1.917e-06
Timings{0}> 
Timings{0}> findPeriodic........ Wall max =   2.09e-07
Timings{0}>                      Wall avg =   1.88e-07
Timings{0}>                      Wall min =   1.67e-07
Timings{0}> 
Timings{0}> samplingTime........ Wall max = 0.000173708
Timings{0}>                      Wall avg = 0.000171916
Timings{0}>                      Wall min = 0.000170125
Timings{0}> 
Timings{0}> particleBC.......... Wall max =  8.542e-06
Timings{0}>                      Wall avg = 8.4995e-06
Timings{0}>                      Wall min =  8.457e-06
Timings{0}> 
Timings{0}> updateParticle...... Wall max = 0.000187708
Timings{0}>                      Wall avg = 0.000185917
Timings{0}>                      Wall min = 0.000184125
Timings{0}> 
Timings{0}> locateParticles..... Wall max = 8.4874e-05
Timings{0}>                      Wall avg =  8.427e-05
Timings{0}>                      Wall min = 8.3666e-05
Timings{0}> 
Timings{0}> sendPreprocess...... Wall max = 1.8001e-05
Timings{0}>                      Wall avg =  1.575e-05
Timings{0}>                      Wall min = 1.3499e-05
Timings{0}> 
Timings{0}> particleSend........ Wall max =  6.458e-06
Timings{0}>                      Wall avg = 6.2505e-06
Timings{0}>                      Wall min =  6.043e-06
Timings{0}> 
Timings{0}> particleRecv........ Wall max =  4.042e-06
Timings{0}>                      Wall avg =  4.021e-06
Timings{0}>                      Wall min =      4e-06
Timings{0}> 
Timings{0}> particleDestroy..... Wall max =  3.292e-06
Timings{0}>                      Wall avg =  3.167e-06
Timings{0}>                      Wall min =  3.042e-06
Timings{0}> 
Timings{0}> particleWait........ Wall max =  1.668e-06
Timings{0}>                      Wall avg = 1.6265e-06
Timings{0}>                      Wall min =  1.585e-06
Timings{0}> 
Timings{0}> particleFreeBuffers. Wall max =  9.249e-06
Timings{0}>                      Wall avg = 9.2075e-06
Timings{0}>                      Wall min =  9.166e-06
Timings{0}> 
Timings{0}> particleDeserialize. Wall max =  8.166e-06
Timings{0}>                      Wall avg = 8.1035e-06
Timings{0}>                      Wall min =  8.041e-06
Timings{0}> 
Timings{0}> particleDeserResize. Wall max =   6.26e-07
Timings{0}>                      Wall avg =   6.25e-07
Timings{0}>                      Wall min =   6.24e-07
Timings{0}> 
Timings{0}> particleDeserCopy... Wall max =   9.59e-07
Timings{0}>                      Wall avg =  9.375e-07
Timings{0}>                      Wall min =   9.16e-07
Timings{0}> 
Timings{0}> computeMoments...... Wall max = 9.6626e-05
Timings{0}>                      Wall avg = 9.64175e-05
Timings{0}>                      Wall min = 9.6209e-05
Timings{0}> 
Timings{0}> TIntegration1....... Wall max = 1.9625e-05
Timings{0}>                      Wall avg = 1.94375e-05
Timings{0}>                      Wall min =  1.925e-05
Timings{0}> 
Timings{0}> TIntegration2....... Wall max = 1.5167e-05
Timings{0}>                      Wall avg = 1.44585e-05
Timings{0}>                      Wall min =  1.375e-05
Timings{0}> 
Timings{0}> External field eval. Wall max = 2.8666e-05
Timings{0}>                      Wall avg = 2.8083e-05
Timings{0}>                      Wall min =   2.75e-05
Timings{0}> 
Timings{0}> Binaryrepart........ Wall max =          0
Timings{0}>                      Wall avg =          0
Timings{0}>                      Wall min =          0
Timings{0}> 
Timings{0}> OrbThreader......... Wall max =    2.00934
Timings{0}>                      Wall avg =    1.99655
Timings{0}>                      Wall min =    1.98376
Timings{0}> 
Timings{0}> ---------------------------------------------
Timings{0}>      Measurement counts:
Timings{0}> ---------------------------------------------
Timings{0}> mainTimer........... Count =          1
Timings{0}> H5 open close....... Count =          2
Timings{0}> H5 total step....... Count =          0
Timings{0}> H5 step header...... Count =          0
Timings{0}> H5 device host copy. Count =          0
Timings{0}> H5 dataset write.... Count =          0
Timings{0}> Write Stat.......... Count =          0
Timings{0}> findInternal........ Count =          1
Timings{0}> findPeriodic........ Count =          1
Timings{0}> samplingTime........ Count =          1
Timings{0}> particleBC.......... Count =          4
Timings{0}> updateParticle...... Count =          4
Timings{0}> locateParticles..... Count =          4
Timings{0}> sendPreprocess...... Count =          4
Timings{0}> particleSend........ Count =          4
Timings{0}> particleRecv........ Count =          4
Timings{0}> particleDestroy..... Count =          4
Timings{0}> particleWait........ Count =          4
Timings{0}> particleFreeBuffers. Count =          4
Timings{0}> particleDeserialize. Count =          4
Timings{0}> particleDeserResize. Count =          4
Timings{0}> particleDeserCopy... Count =          4
Timings{0}> computeMoments...... Count =          5
Timings{0}> TIntegration1....... Count =          1
Timings{0}> TIntegration2....... Count =          1
Timings{0}> External field eval. Count =          1
Timings{0}> Binaryrepart........ Count =          0
Timings{0}> OrbThreader......... Count =          1
Timings{0}> ---------------------------------------------
Timings{0}> ---------------------------------------------
Timings{0}>      Per-occurrence statistics:
Timings{0}> ---------------------------------------------
Timings{0}> mainTimer........... n=    1  mean=   2.04145  std=         0  min=   2.04145  max=   2.04145
Timings{0}> H5 open close....... n=    2  mean=0.00182342  std=0.00176128  min=  0.000578  max=0.00306883
Timings{0}> findInternal........ n=    1  mean= 2.583e-06  std=         0  min= 2.583e-06  max= 2.583e-06
Timings{0}> findPeriodic........ n=    1  mean=  2.09e-07  std=         0  min=  2.09e-07  max=  2.09e-07
Timings{0}> samplingTime........ n=    1  mean=0.000170125  std=         0  min=0.000170125  max=0.000170125
Timings{0}> particleBC.......... n=    4  mean=2.1355e-06  std=2.20081e-06  min=  4.58e-07  max= 5.125e-06
Timings{0}> updateParticle...... n=    4  mean=4.60312e-05  std=3.05686e-05  min=1.8458e-05  max=8.0125e-05
Timings{0}> locateParticles..... n=    4  mean=2.12185e-05  std=1.22536e-05  min= 9.958e-06  max=3.2375e-05
Timings{0}> sendPreprocess...... n=    4  mean=3.37475e-06  std=1.69302e-06  min= 1.833e-06  max= 5.583e-06
Timings{0}> particleSend........ n=    4  mean=1.51075e-06  std=1.32599e-06  min=  4.59e-07  max= 3.292e-06
Timings{0}> particleRecv........ n=    4  mean=1.0105e-06  std=7.87105e-07  min=  2.92e-07  max= 1.792e-06
Timings{0}> particleDestroy..... n=    4  mean=  8.23e-07  std=4.46925e-07  min=  4.58e-07  max= 1.417e-06
Timings{0}> particleWait........ n=    4  mean=3.9625e-07  std=1.25056e-07  min=  2.92e-07  max=  5.42e-07
Timings{0}> particleFreeBuffers. n=    4  mean=2.2915e-06  std=2.16573e-06  min=  4.16e-07  max= 4.542e-06
Timings{0}> particleDeserialize. n=    4  mean=2.01025e-06  std=1.77476e-06  min=  9.58e-07  max= 4.666e-06
Timings{0}> particleDeserResize. n=    4  mean=  1.56e-07  std=3.96905e-08  min=  1.25e-07  max=  2.08e-07
Timings{0}> particleDeserCopy... n=    4  mean=  2.29e-07  std=5.42218e-08  min=  1.66e-07  max=  2.92e-07
Timings{0}> computeMoments...... n=    5  mean=1.92418e-05  std=1.09414e-05  min=1.1208e-05  max=3.6834e-05
Timings{0}> TIntegration1....... n=    1  mean= 1.925e-05  std=         0  min= 1.925e-05  max= 1.925e-05
Timings{0}> TIntegration2....... n=    1  mean= 1.375e-05  std=         0  min= 1.375e-05  max= 1.375e-05
Timings{0}> External field eval. n=    1  mean=2.8666e-05  std=         0  min=2.8666e-05  max=2.8666e-05
Timings{0}> OrbThreader......... n=    1  mean=   2.00934  std=         0  min=   2.00934  max=   2.00934
Timings{0}> ---------------------------------------------
