Ippl{0}[2]> [AutoTune] seeding built-in scatter/gather defaults for Kokkos::OpenMP (set IPPL_AUTO_TUNE=1 to run the sweep instead)
OPAL-X{0}>               ____  _____        _       __   __
OPAL-X{0}> [1;32m
OPAL-X{0}> 
OPAL-X{0}>   ██████  ██████   █████  ██      ██   ██
OPAL-X{0}>  ██    ██ ██   ██ ██   ██ ██       ██ ██
OPAL-X{0}>  ██    ██ ██████  ███████ ██        ███
OPAL-X{0}>  ██    ██ ██      ██   ██ ██       ██ ██
OPAL-X{0}>   ██████  ██      ██   ██ ███████ ██   ██
OPAL-X{0}> 
OPAL-X{0}>          This is OPALX (Object Oriented Parallel Accelerator Library for Exascale)
OPAL-X{0}> 
OPAL-X{0}> [0m
OPAL-X{0}> 
OPAL-X{0}> OPALX is the performance portable version of OPAL :: Version 0.9
OPAL-X{0}>             git rev. 3ef744a461d3991f405e92692a173a5cbcfacaff
OPAL-X{0}> 
OPAL-X{0}> 
OPAL-X{0}>              (c) PSI, https://github.com/OPALX-project/OPALX
OPAL-X{0}> 
OPAL-X{0}> 
OPAL-X{0}> Please send cookies, goodies or other motivations (wine and beer ... ) 
OPAL-X{0}> to the OPAL developers https://github.com/OPALX-project/OPALX/issues
OPAL-X{0}> 
OPAL-X{0}> Time: 08:26:50 date: 05/09/2026
OPAL-X{0}> 
OPAL-X{0}> * Host:   OpenMP
OPAL-X{0}> * Device: OpenMP
OPAL-X{0}> 
OPAL-X{0}> * Reading input stream 'map-2-dba.in'
OPAL-X{0}> * ************* F I E L D S O L V E R ********************************************** 
OPAL-X{0}> * FIELDSOLVER  FS
OPAL-X{0}> * BINS         NONE
OPAL-X{0}> * TYPE         NONE
OPAL-X{0}> * RANKS        2
OPAL-X{0}> * NX           16
OPAL-X{0}> * NY           16
OPAL-X{0}> * NZ           16
OPAL-X{0}> * BBOXINCR     1
OPAL-X{0}> * GREENSF      INTEGRATED
OPAL-X{0}> * XDIM         parallel  
OPAL-X{0}> * YDIM         parallel  
OPAL-X{0}> * ZDIM         parallel  
OPAL-X{0}> * ********************************************************************************** 
OPAL-X{0}> 
OPAL-X{0}> * RUN resolved beams: BEAM1
OPAL-X{0}> * ************* B E A M ************************************************************ 
OPAL-X{0}> * BEAM        BEAM1
OPAL-X{0}> * PARTICLE    ELECTRON
OPAL-X{0}> * REST MASS   0.000510999 [GeV]
OPAL-X{0}> * CHARGE      -e * 1 
OPAL-X{0}> * MOMENTUM    1 [eV/c]
OPAL-X{0}> * MOMENTUM    0 [GeV/c]
OPAL-X{0}> * BCHARGE     1.60218e-19 [C]
OPAL-X{0}> * NALLOC      1
OPAL-X{0}> * ********************************************************************************** 
OPAL-X{0}> 
OPAL-X{0}[2]> * Beam[0] BEAM1 macro charge per particle [C]: -1.60218e-19
OPAL-X{0}[2]> * Beam[0] BEAM1 macro mass per particle [GeV/c^2]: 0.000510999
OPAL-X{0}[2]> * Beam[0] BEAM1 particles per macro particle: 1
OPAL-X{0}> 
OPAL-X{0}> * Creating new file for data: 'map-2-dba.stat'
OPAL-X{0}> * Creating new file for data: 'map-2-dba.lbal'
PartBunch::setSolver{0}[2]> Initializing solver: NONE
PartBunch::setBins{0}[2]> Solver FS has no binning command attached, not using binning.
PartBunch::pre_run{0}[2]> Starting pre_run...
OPAL-X{0}[2]> * BCHandler<3>: [OPEN, OPEN, OPEN]
FromFile::generateParticles{0}> FromFile: Loaded 1 particles from file '../reference-particle.txt'
FromFile::generateParticles{0}> Rank 0: 1 local particles
FromFile::generateParticles{1}> FromFile: Loaded 1 particles from file '../reference-particle.txt'
FromFile::generateParticles{1}> Rank 1: 0 local particles
OPAL-X{0}[2]> * Particle sampling / sampler setup for all emission sources done.
OPAL-X{0}> 
OPAL-X{0}> * ************** B U N C H ********************************************************* 
OPAL-X{0}> * CONTAINER       = 0
OPAL-X{0}> * PARTICLES       = 1
OPAL-X{0}> * CHARGE          = -1.602177e-19 (Cb) 
OPAL-X{0}> * QM STORAGE MODE = SINGLE
OPAL-X{0}> * <EKIN>          = 250.000 [MeV]
OPAL-X{0}> * <dEKIN>         = 0.000 [eV]
OPAL-X{0}> * INTEGRATOR      = LF2
OPAL-X{0}> * LB Threshold    = 5.000000e-02
OPAL-X{0}> * MIN R (origin)  = (      0.00000 ,      0.00000 ,      0.00000 ) [um]
OPAL-X{0}> * MAX R (max ext) = (      0.00000 ,      0.00000 ,      0.00000 ) [um]
OPAL-X{0}> * RMS R           = (      0.00000 ,      0.00000 ,      0.00000 ) [um]
OPAL-X{0}> * RMS P           = ( 0.000000e+00 , 0.000000e+00 , 0.000000e+00 ) [beta gamma]
OPAL-X{0}> * Mean R          = ( 0.000000e+00 , 0.000000e+00 , 0.000000e+00 ) [m]
OPAL-X{0}> * Mean P          = ( 0.000000e+00 , 0.000000e+00 , 4.902368e+02 ) [beta gamma]
OPAL-X{0}> * MESH SPACING    = (      0.00133 ,      0.00133 ,      0.00133 ) [um]
OPAL-X{0}> * COMPDOM INCR    = 1.000000e+00 (%) 
OPAL-X{0}> * FIELD LAYOUT    = Domain = {[0:15:1],[0:15:1],[0:15:1]}
OPAL-X{0}> Total number of boxes = 2
OPAL-X{0}>     Box 0 {[0:7:1],[0:15:1],[0:15:1]}
OPAL-X{0}>     Box 1 {[8:15:1],[0:15:1],[0:15:1]}
OPAL-X{0}> 
OPAL-X{0}> * Centroid : 
OPAL-X{0}> * 0.000000e+00 0.000000e+00 0.000000e+00 0.000000e+00 0.000000e+00 4.902368e+02 
OPAL-X{0}> * Cov Matrix : 
OPAL-X{0}> * 0.000000e+00 0.000000e+00 0.000000e+00 0.000000e+00 0.000000e+00 0.000000e+00 
OPAL-X{0}> * 0.000000e+00 0.000000e+00 0.000000e+00 0.000000e+00 0.000000e+00 0.000000e+00 
OPAL-X{0}> * 0.000000e+00 0.000000e+00 0.000000e+00 0.000000e+00 0.000000e+00 0.000000e+00 
OPAL-X{0}> * 0.000000e+00 0.000000e+00 0.000000e+00 0.000000e+00 0.000000e+00 0.000000e+00 
OPAL-X{0}> * 0.000000e+00 0.000000e+00 0.000000e+00 0.000000e+00 0.000000e+00 0.000000e+00 
OPAL-X{0}> * 0.000000e+00 0.000000e+00 0.000000e+00 0.000000e+00 0.000000e+00 0.000000e+00 
OPAL-X{0}> * * ********************************************************************************** 
OPAL-X{0}> 
ParallelTracker::execute{0}[2]> Dump initial phase space done.
OPAL-X{0}> * OrbitThreader dt_m= 1e-13
OPAL-X{0}> * Linear-map integrator: BORIS; Richardson levels: 4; formal differentiation order: 10; rays per segment: 60
OPAL-X{0}> * Linear-map starting perturbations (x,x',y,y',zeta,delta): 3.000000000000e-03 3.000000000000e-03 3.000000000000e-03 3.000000000000e-03 3.000000000000e-03 3.000000000000e-03
OPAL-X{0}> 
OPAL-X{0}> * Combined linear transfer map  (x, x', y, y', zeta, delta):
OPAL-X{0}>     -1.386352258014e+00  -1.278842329255e+00   0.000000000000e+00   0.000000000000e+00   0.000000000000e+00  -6.712585162803e-09
OPAL-X{0}>     -7.209431233620e-01  -1.386352257894e+00   0.000000000000e+00   0.000000000000e+00   0.000000000000e+00  -1.993429514569e-09
OPAL-X{0}>      0.000000000000e+00   0.000000000000e+00   3.851352100163e+00   1.040676316098e+01   0.000000000000e+00   0.000000000000e+00
OPAL-X{0}>      0.000000000000e+00   0.000000000000e+00   1.329223389156e+00   3.851352100046e+00   0.000000000000e+00   0.000000000000e+00
OPAL-X{0}>      2.042397274994e-09   6.731853509059e-09   0.000000000000e+00   0.000000000000e+00   1.000000000000e+00  -9.437723015576e-02
OPAL-X{0}>      5.756725146465e-12  -4.270724076373e-11   0.000000000000e+00   0.000000000000e+00   0.000000000000e+00   9.999999999803e-01
OPAL-X{0}> * Volume-preservation diagnostic: PASS
OPAL-X{0}> *   |det(M) - 1| = 2.6100677e-11  (tolerance 1.0000000e-06)
OPAL-X{0}> * Canonical-form symplecticity diagnostic: PASS
OPAL-X{0}> *   max_ij |(M^T J M - J)_ij| = 4.2707241e-11  (tolerance 1.0000000e-06)
OPAL-X{0}> *   The reported slopes and mechanical momenta are not globally canonical;
OPAL-X{0}> *   this test is diagnostic unless the entrance/exit coordinates are canonical.
OPAL-X{0}> 
OPAL-X{0}> 
OPAL-X{0}> * Size of map 5 sections 
OPAL-X{0}> * Key: (0.000000 - 1.047203) number of overlapping elements 1
OPAL-X{0}> *                            B1
OPAL-X{0}> * Key: (1.047203 - 2.047188) number of overlapping elements 1
OPAL-X{0}> *                            D1
OPAL-X{0}> * Key: (2.047188 - 2.247210) number of overlapping elements 1
OPAL-X{0}> *                            QACH
OPAL-X{0}> * Key: (2.247210 - 3.247195) number of overlapping elements 1
OPAL-X{0}> *                            D2
OPAL-X{0}> * Key: (3.247195 - 4.294395) number of overlapping elements 1
OPAL-X{0}> *                            B2
OPAL-X{0}> 
OPAL-X{0}> * Creating new file for data: 'data/map-2-dba_ElementPositions.sdds'
OPAL-X{0}> * Track start at: 08:27:49, t= 0.000 [fs]; sStart at: 0.000 [um]
OPAL-X{0}> * Initial dt = 100.000 [fs]
OPAL-X{0}> * Max integration steps = 1, next step = 0
ParallelTracker::setOptionalVariables{0}[2]> REPARTFREQ 10
OPAL-X{0}>                dt [ns]           sStop [m]        num Steps [1]
OPAL-X{0}> ->         1.000000e-13        4.294395e+00                   1
PartBunch::performBunchSanityChecks{0}[2]> ========= Done performing PartBunch sanity checks... =========
ParallelTracker::execute{0}[2]> Starting track with dt = 100.000 [fs], track steps = 0 to 1.
OPAL-X{0}> * 08:27:49 Step      0 container[0] at 29.979 [um], t= 100.000 [fs], E=250.000 [MeV]
ParallelTracker::execute{0}[2]> Total FieldSolver calls: 0
ParallelTracker::execute{0}[2]> Total binary repartitions: 0
OPAL-X{0}> 
OPAL-X{0}> * Done executing ParallelTracker at 08:27:49
OPAL-X{0}> 
OPAL-X{0}> * End of input stream 'map-2-dba.in'
Timings{0}> ---------------------------------------------
Timings{0}>      Timing results for 2 rank(s):
Timings{0}> ---------------------------------------------
Timings{0}> mainTimer........... Wall tot =    58.7954
Timings{0}> 
Timings{0}> H5 open close....... Wall max = 0.00304867
Timings{0}>                      Wall avg =  0.0030045
Timings{0}>                      Wall min = 0.00296033
Timings{0}> 
Timings{0}> H5 total step....... Wall max =          0
Timings{0}>                      Wall avg =          0
Timings{0}>                      Wall min =          0
Timings{0}> 
Timings{0}> H5 step header...... Wall max =          0
Timings{0}>                      Wall avg =          0
Timings{0}>                      Wall min =          0
Timings{0}> 
Timings{0}> H5 device host copy. Wall max =          0
Timings{0}>                      Wall avg =          0
Timings{0}>                      Wall min =          0
Timings{0}> 
Timings{0}> H5 dataset write.... Wall max =          0
Timings{0}>                      Wall avg =          0
Timings{0}>                      Wall min =          0
Timings{0}> 
Timings{0}> Write Stat.......... Wall max =          0
Timings{0}>                      Wall avg =          0
Timings{0}>                      Wall min =          0
Timings{0}> 
Timings{0}> findInternal........ Wall max =  2.708e-06
Timings{0}>                      Wall avg =  2.604e-06
Timings{0}>                      Wall min =    2.5e-06
Timings{0}> 
Timings{0}> findPeriodic........ Wall max =   2.09e-07
Timings{0}>                      Wall avg =  2.085e-07
Timings{0}>                      Wall min =   2.08e-07
Timings{0}> 
Timings{0}> samplingTime........ Wall max = 0.000187666
Timings{0}>                      Wall avg = 0.000184041
Timings{0}>                      Wall min = 0.000180417
Timings{0}> 
Timings{0}> particleBC.......... Wall max =  6.751e-06
Timings{0}>                      Wall avg = 6.6465e-06
Timings{0}>                      Wall min =  6.542e-06
Timings{0}> 
Timings{0}> updateParticle...... Wall max = 0.000486125
Timings{0}>                      Wall avg = 0.000412895
Timings{0}>                      Wall min = 0.000339666
Timings{0}> 
Timings{0}> locateParticles..... Wall max = 7.8458e-05
Timings{0}>                      Wall avg = 7.8229e-05
Timings{0}>                      Wall min =    7.8e-05
Timings{0}> 
Timings{0}> sendPreprocess...... Wall max = 0.000201124
Timings{0}>                      Wall avg = 0.000167166
Timings{0}>                      Wall min = 0.000133208
Timings{0}> 
Timings{0}> particleSend........ Wall max =  9.209e-06
Timings{0}>                      Wall avg = 7.1465e-06
Timings{0}>                      Wall min =  5.084e-06
Timings{0}> 
Timings{0}> particleRecv........ Wall max = 7.6708e-05
Timings{0}>                      Wall avg =  4.025e-05
Timings{0}>                      Wall min =  3.792e-06
Timings{0}> 
Timings{0}> particleDestroy..... Wall max = 1.0625e-05
Timings{0}>                      Wall avg = 6.7295e-06
Timings{0}>                      Wall min =  2.834e-06
Timings{0}> 
Timings{0}> particleWait........ Wall max =  3.749e-06
Timings{0}>                      Wall avg =  2.646e-06
Timings{0}>                      Wall min =  1.543e-06
Timings{0}> 
Timings{0}> particleFreeBuffers. Wall max = 1.0792e-05
Timings{0}>                      Wall avg = 8.7295e-06
Timings{0}>                      Wall min =  6.667e-06
Timings{0}> 
Timings{0}> particleDeserialize. Wall max = 1.7874e-05
Timings{0}>                      Wall avg = 1.2999e-05
Timings{0}>                      Wall min =  8.124e-06
Timings{0}> 
Timings{0}> particleDeserResize. Wall max =  2.084e-06
Timings{0}>                      Wall avg =  1.396e-06
Timings{0}>                      Wall min =   7.08e-07
Timings{0}> 
Timings{0}> particleDeserCopy... Wall max =  2.833e-06
Timings{0}>                      Wall avg =  1.875e-06
Timings{0}>                      Wall min =   9.17e-07
Timings{0}> 
Timings{0}> computeMoments...... Wall max = 0.00075525
Timings{0}>                      Wall avg = 0.000654396
Timings{0}>                      Wall min = 0.000553542
Timings{0}> 
Timings{0}> TIntegration1....... Wall max = 3.3166e-05
Timings{0}>                      Wall avg = 2.8125e-05
Timings{0}>                      Wall min = 2.3084e-05
Timings{0}> 
Timings{0}> TIntegration2....... Wall max = 9.7667e-05
Timings{0}>                      Wall avg = 7.24375e-05
Timings{0}>                      Wall min = 4.7208e-05
Timings{0}> 
Timings{0}> External field eval. Wall max = 0.000109291
Timings{0}>                      Wall avg = 8.4312e-05
Timings{0}>                      Wall min = 5.9333e-05
Timings{0}> 
Timings{0}> Binaryrepart........ Wall max =          0
Timings{0}>                      Wall avg =          0
Timings{0}>                      Wall min =          0
Timings{0}> 
Timings{0}> OrbThreader......... Wall max =    58.7628
Timings{0}>                      Wall avg =    58.7593
Timings{0}>                      Wall min =    58.7558
Timings{0}> 
Timings{0}> ---------------------------------------------
Timings{0}>      Measurement counts:
Timings{0}> ---------------------------------------------
Timings{0}> mainTimer........... Count =          1
Timings{0}> H5 open close....... Count =          2
Timings{0}> H5 total step....... Count =          0
Timings{0}> H5 step header...... Count =          0
Timings{0}> H5 device host copy. Count =          0
Timings{0}> H5 dataset write.... Count =          0
Timings{0}> Write Stat.......... Count =          0
Timings{0}> findInternal........ Count =          1
Timings{0}> findPeriodic........ Count =          1
Timings{0}> samplingTime........ Count =          1
Timings{0}> particleBC.......... Count =          4
Timings{0}> updateParticle...... Count =          4
Timings{0}> locateParticles..... Count =          4
Timings{0}> sendPreprocess...... Count =          4
Timings{0}> particleSend........ Count =          4
Timings{0}> particleRecv........ Count =          4
Timings{0}> particleDestroy..... Count =          4
Timings{0}> particleWait........ Count =          4
Timings{0}> particleFreeBuffers. Count =          4
Timings{0}> particleDeserialize. Count =          4
Timings{0}> particleDeserResize. Count =          4
Timings{0}> particleDeserCopy... Count =          4
Timings{0}> computeMoments...... Count =          5
Timings{0}> TIntegration1....... Count =          1
Timings{0}> TIntegration2....... Count =          1
Timings{0}> External field eval. Count =          1
Timings{0}> Binaryrepart........ Count =          0
Timings{0}> OrbThreader......... Count =          1
Timings{0}> ---------------------------------------------
Timings{0}> ---------------------------------------------
Timings{0}>      Per-occurrence statistics:
Timings{0}> ---------------------------------------------
Timings{0}> mainTimer........... n=    1  mean=   58.7954  std=         0  min=   58.7954  max=   58.7954
Timings{0}> H5 open close....... n=    2  mean=0.00148017  std=0.00136955  min=0.00051175  max=0.00244858
Timings{0}> findInternal........ n=    1  mean= 2.708e-06  std=         0  min= 2.708e-06  max= 2.708e-06
Timings{0}> findPeriodic........ n=    1  mean=  2.09e-07  std=         0  min=  2.09e-07  max=  2.09e-07
Timings{0}> samplingTime........ n=    1  mean=0.000180417  std=         0  min=0.000180417  max=0.000180417
Timings{0}> particleBC.......... n=    4  mean=1.68775e-06  std=1.70609e-06  min=  5.42e-07  max= 4.167e-06
Timings{0}> updateParticle...... n=    4  mean=8.49165e-05  std=4.00977e-05  min=  4.55e-05  max=0.000140708
Timings{0}> locateParticles..... n=    4  mean=1.96145e-05  std=9.02964e-06  min=   1.2e-05  max=3.0916e-05
Timings{0}> sendPreprocess...... n=    4  mean=3.3302e-05  std=5.76654e-05  min= 3.875e-06  max=0.000119792
Timings{0}> particleSend........ n=    4  mean= 1.271e-06  std=8.03237e-07  min=     5e-07  max= 2.083e-06
Timings{0}> particleRecv........ n=    4  mean=  9.48e-07  std=7.43815e-07  min=  3.33e-07  max= 1.834e-06
Timings{0}> particleDestroy..... n=    4  mean= 7.085e-07  std=2.56526e-07  min=  5.42e-07  max= 1.083e-06
Timings{0}> particleWait........ n=    4  mean=3.8575e-07  std=1.9061e-07  min=   2.5e-07  max=  6.67e-07
Timings{0}> particleFreeBuffers. n=    4  mean=1.66675e-06  std=1.40137e-06  min=  4.59e-07  max= 3.375e-06
Timings{0}> particleDeserialize. n=    4  mean= 2.031e-06  std=1.73169e-06  min= 1.041e-06  max= 4.625e-06
Timings{0}> particleDeserResize. n=    4  mean=  1.77e-07  std=2.0672e-08  min=  1.66e-07  max=  2.08e-07
Timings{0}> particleDeserCopy... n=    4  mean=2.2925e-07  std=2.39635e-08  min=  2.08e-07  max=   2.5e-07
Timings{0}> computeMoments...... n=    5  mean=0.00015105  std=0.000110535  min=   2.3e-05  max=0.000302417
Timings{0}> TIntegration1....... n=    1  mean=2.3084e-05  std=         0  min=2.3084e-05  max=2.3084e-05
Timings{0}> TIntegration2....... n=    1  mean=9.7667e-05  std=         0  min=9.7667e-05  max=9.7667e-05
Timings{0}> External field eval. n=    1  mean=5.9333e-05  std=         0  min=5.9333e-05  max=5.9333e-05
Timings{0}> OrbThreader......... n=    1  mean=   58.7628  std=         0  min=   58.7628  max=   58.7628
Timings{0}> ---------------------------------------------
