Ippl{0}[2]> [AutoTune] seeding built-in scatter/gather defaults for Kokkos::OpenMP (set IPPL_AUTO_TUNE=1 to run the sweep instead)
OPAL-X{0}>               ____  _____        _       __   __
OPAL-X{0}> [1;32m
OPAL-X{0}> 
OPAL-X{0}>   ██████  ██████   █████  ██      ██   ██
OPAL-X{0}>  ██    ██ ██   ██ ██   ██ ██       ██ ██
OPAL-X{0}>  ██    ██ ██████  ███████ ██        ███
OPAL-X{0}>  ██    ██ ██      ██   ██ ██       ██ ██
OPAL-X{0}>   ██████  ██      ██   ██ ███████ ██   ██
OPAL-X{0}> 
OPAL-X{0}>          This is OPALX (Object Oriented Parallel Accelerator Library for Exascale)
OPAL-X{0}> 
OPAL-X{0}> [0m
OPAL-X{0}> 
OPAL-X{0}> OPALX is the performance portable version of OPAL :: Version 0.9
OPAL-X{0}>             git rev. 3ef744a461d3991f405e92692a173a5cbcfacaff
OPAL-X{0}> 
OPAL-X{0}> 
OPAL-X{0}>              (c) PSI, https://github.com/OPALX-project/OPALX
OPAL-X{0}> 
OPAL-X{0}> 
OPAL-X{0}> Please send cookies, goodies or other motivations (wine and beer ... ) 
OPAL-X{0}> to the OPAL developers https://github.com/OPALX-project/OPALX/issues
OPAL-X{0}> 
OPAL-X{0}> Time: 00:54:39 date: 05/09/2026
OPAL-X{0}> 
OPAL-X{0}> * Host:   OpenMP
OPAL-X{0}> * Device: OpenMP
OPAL-X{0}> 
OPAL-X{0}> * Reading input stream 'map-2-dba.in'
OPAL-X{0}> * ************* F I E L D S O L V E R ********************************************** 
OPAL-X{0}> * FIELDSOLVER  FS
OPAL-X{0}> * BINS         NONE
OPAL-X{0}> * TYPE         NONE
OPAL-X{0}> * RANKS        2
OPAL-X{0}> * NX           16
OPAL-X{0}> * NY           16
OPAL-X{0}> * NZ           16
OPAL-X{0}> * BBOXINCR     1
OPAL-X{0}> * GREENSF      INTEGRATED
OPAL-X{0}> * XDIM         parallel  
OPAL-X{0}> * YDIM         parallel  
OPAL-X{0}> * ZDIM         parallel  
OPAL-X{0}> * ********************************************************************************** 
OPAL-X{0}> 
OPAL-X{0}> * RUN resolved beams: BEAM1
OPAL-X{0}> * ************* B E A M ************************************************************ 
OPAL-X{0}> * BEAM        BEAM1
OPAL-X{0}> * PARTICLE    ELECTRON
OPAL-X{0}> * REST MASS   0.000510999 [GeV]
OPAL-X{0}> * CHARGE      -e * 1 
OPAL-X{0}> * MOMENTUM    1 [eV/c]
OPAL-X{0}> * MOMENTUM    0 [GeV/c]
OPAL-X{0}> * BCHARGE     1.60218e-19 [C]
OPAL-X{0}> * NALLOC      1
OPAL-X{0}> * ********************************************************************************** 
OPAL-X{0}> 
OPAL-X{0}[2]> * Beam[0] BEAM1 macro charge per particle [C]: -1.60218e-19
OPAL-X{0}[2]> * Beam[0] BEAM1 macro mass per particle [GeV/c^2]: 0.000510999
OPAL-X{0}[2]> * Beam[0] BEAM1 particles per macro particle: 1
OPAL-X{0}> 
OPAL-X{0}> * Creating new file for data: 'map-2-dba.stat'
OPAL-X{0}> * Creating new file for data: 'map-2-dba.lbal'
PartBunch::setSolver{0}[2]> Initializing solver: NONE
PartBunch::setBins{0}[2]> Solver FS has no binning command attached, not using binning.
PartBunch::pre_run{0}[2]> Starting pre_run...
OPAL-X{0}[2]> * BCHandler<3>: [OPEN, OPEN, OPEN]
FromFile::generateParticles{0}> FromFile: Loaded 1 particles from file '../reference-particle.txt'
FromFile::generateParticles{0}> Rank 0: 1 local particles
OPAL-X{0}[2]> * Particle sampling / sampler setup for all emission sources done.
FromFile::generateParticles{1}> FromFile: Loaded 1 particles from file '../reference-particle.txt'
FromFile::generateParticles{1}> Rank 1: 0 local particles
OPAL-X{0}> 
OPAL-X{0}> * ************** B U N C H ********************************************************* 
OPAL-X{0}> * CONTAINER       = 0
OPAL-X{0}> * PARTICLES       = 1
OPAL-X{0}> * CHARGE          = -1.602177e-19 (Cb) 
OPAL-X{0}> * QM STORAGE MODE = SINGLE
OPAL-X{0}> * <EKIN>          = 250.000 [MeV]
OPAL-X{0}> * <dEKIN>         = 0.000 [eV]
OPAL-X{0}> * INTEGRATOR      = LF2
OPAL-X{0}> * LB Threshold    = 5.000000e-02
OPAL-X{0}> * MIN R (origin)  = (      0.00000 ,      0.00000 ,      0.00000 ) [um]
OPAL-X{0}> * MAX R (max ext) = (      0.00000 ,      0.00000 ,      0.00000 ) [um]
OPAL-X{0}> * RMS R           = (      0.00000 ,      0.00000 ,      0.00000 ) [um]
OPAL-X{0}> * RMS P           = ( 0.000000e+00 , 0.000000e+00 , 0.000000e+00 ) [beta gamma]
OPAL-X{0}> * Mean R          = ( 0.000000e+00 , 0.000000e+00 , 0.000000e+00 ) [m]
OPAL-X{0}> * Mean P          = ( 0.000000e+00 , 0.000000e+00 , 4.902368e+02 ) [beta gamma]
OPAL-X{0}> * MESH SPACING    = (      0.00133 ,      0.00133 ,      0.00133 ) [um]
OPAL-X{0}> * COMPDOM INCR    = 1.000000e+00 (%) 
OPAL-X{0}> * FIELD LAYOUT    = Domain = {[0:15:1],[0:15:1],[0:15:1]}
OPAL-X{0}> Total number of boxes = 2
OPAL-X{0}>     Box 0 {[0:7:1],[0:15:1],[0:15:1]}
OPAL-X{0}>     Box 1 {[8:15:1],[0:15:1],[0:15:1]}
OPAL-X{0}> 
OPAL-X{0}> * Centroid : 
OPAL-X{0}> * 0.000000e+00 0.000000e+00 0.000000e+00 0.000000e+00 0.000000e+00 4.902368e+02 
OPAL-X{0}> * Cov Matrix : 
OPAL-X{0}> * 0.000000e+00 0.000000e+00 0.000000e+00 0.000000e+00 0.000000e+00 0.000000e+00 
OPAL-X{0}> * 0.000000e+00 0.000000e+00 0.000000e+00 0.000000e+00 0.000000e+00 0.000000e+00 
OPAL-X{0}> * 0.000000e+00 0.000000e+00 0.000000e+00 0.000000e+00 0.000000e+00 0.000000e+00 
OPAL-X{0}> * 0.000000e+00 0.000000e+00 0.000000e+00 0.000000e+00 0.000000e+00 0.000000e+00 
OPAL-X{0}> * 0.000000e+00 0.000000e+00 0.000000e+00 0.000000e+00 0.000000e+00 0.000000e+00 
OPAL-X{0}> * 0.000000e+00 0.000000e+00 0.000000e+00 0.000000e+00 0.000000e+00 0.000000e+00 
OPAL-X{0}> * * ********************************************************************************** 
OPAL-X{0}> 
ParallelTracker::execute{0}[2]> Dump initial phase space done.
OPAL-X{0}> * OrbitThreader dt_m= 3e-12
OPAL-X{0}> * Linear-map integrator: BORIS; Richardson levels: 2; formal differentiation order: 6; rays per segment: 36
OPAL-X{0}> * Linear-map starting perturbations (x,x',y,y',zeta,delta): 1.000000000000e-03 1.000000000000e-03 1.000000000000e-03 1.000000000000e-03 1.000000000000e-03 1.000000000000e-03
OPAL-X{0}> 
OPAL-X{0}> * Combined linear transfer map  (x, x', y, y', zeta, delta):
OPAL-X{0}>     -1.386353429522e+00  -1.278846144244e+00   0.000000000000e+00   0.000000000000e+00   0.000000000000e+00  -1.591889357659e-06
OPAL-X{0}>     -7.209435000154e-01  -1.386353417553e+00   0.000000000000e+00   0.000000000000e+00   0.000000000000e+00  -4.809058403636e-07
OPAL-X{0}>      0.000000000000e+00   0.000000000000e+00   3.851349720951e+00   1.040675836625e+01   0.000000000000e+00   0.000000000000e+00
OPAL-X{0}>      0.000000000000e+00   0.000000000000e+00   1.329222231587e+00   3.851349696544e+00   0.000000000000e+00   0.000000000000e+00
OPAL-X{0}>      4.656616856967e-07   1.600482540991e-06   0.000000000000e+00   0.000000000000e+00   1.000000000000e+00  -9.437648715671e-02
OPAL-X{0}>     -4.802629500340e-12  -3.442942616137e-12   0.000000000000e+00   0.000000000000e+00   0.000000000000e+00   9.999999999993e-01
OPAL-X{0}> * Volume-preservation diagnostic: PASS
OPAL-X{0}> *   |det(M) - 1| = 3.7192804e-10  (tolerance 1.0000000e-06)
OPAL-X{0}> * Canonical-form symplecticity diagnostic: PASS
OPAL-X{0}> *   max_ij |(M^T J M - J)_ij| = 1.5295592e-08  (tolerance 1.0000000e-06)
OPAL-X{0}> *   The reported slopes and mechanical momenta are not globally canonical;
OPAL-X{0}> *   this test is diagnostic unless the entrance/exit coordinates are canonical.
OPAL-X{0}> 
OPAL-X{0}> 
OPAL-X{0}> * Size of map 5 sections 
OPAL-X{0}> * Key: (0.000000 - 1.046873) number of overlapping elements 1
OPAL-X{0}> *                            B1
OPAL-X{0}> * Key: (1.046873 - 2.046979) number of overlapping elements 1
OPAL-X{0}> *                            D1
OPAL-X{0}> * Key: (2.046979 - 2.247539) number of overlapping elements 1
OPAL-X{0}> *                            QACH
OPAL-X{0}> * Key: (2.247539 - 3.247645) number of overlapping elements 1
OPAL-X{0}> *                            D2
OPAL-X{0}> * Key: (3.247645 - 4.294395) number of overlapping elements 1
OPAL-X{0}> *                            B2
OPAL-X{0}> 
OPAL-X{0}> * Creating new file for data: 'data/map-2-dba_ElementPositions.sdds'
OPAL-X{0}> * Track start at: 00:54:42, t= 0.000 [fs]; sStart at: 0.000 [um]
OPAL-X{0}> * Initial dt = 3.000 [ps]
OPAL-X{0}> * Max integration steps = 1, next step = 0
ParallelTracker::setOptionalVariables{0}[2]> REPARTFREQ 10
OPAL-X{0}>                dt [ns]           sStop [m]        num Steps [1]
OPAL-X{0}> ->         3.000000e-12        4.294395e+00                   1
PartBunch::performBunchSanityChecks{0}[2]> ========= Done performing PartBunch sanity checks... =========
ParallelTracker::execute{0}[2]> Starting track with dt = 3.000 [ps], track steps = 0 to 1.
OPAL-X{0}> * 00:54:42 Step      0 container[0] at 899.375 [um], t= 3.000 [ps], E=250.000 [MeV]
ParallelTracker::execute{0}[2]> Total FieldSolver calls: 0
ParallelTracker::execute{0}[2]> Total binary repartitions: 0
OPAL-X{0}> 
OPAL-X{0}> * Done executing ParallelTracker at 00:54:42
OPAL-X{0}> 
OPAL-X{0}> * End of input stream 'map-2-dba.in'
Timings{0}> ---------------------------------------------
Timings{0}>      Timing results for 2 rank(s):
Timings{0}> ---------------------------------------------
Timings{0}> mainTimer........... Wall tot =    3.17531
Timings{0}> 
Timings{0}> H5 open close....... Wall max = 0.00303963
Timings{0}>                      Wall avg = 0.00302152
Timings{0}>                      Wall min = 0.00300342
Timings{0}> 
Timings{0}> H5 total step....... Wall max =          0
Timings{0}>                      Wall avg =          0
Timings{0}>                      Wall min =          0
Timings{0}> 
Timings{0}> H5 step header...... Wall max =          0
Timings{0}>                      Wall avg =          0
Timings{0}>                      Wall min =          0
Timings{0}> 
Timings{0}> H5 device host copy. Wall max =          0
Timings{0}>                      Wall avg =          0
Timings{0}>                      Wall min =          0
Timings{0}> 
Timings{0}> H5 dataset write.... Wall max =          0
Timings{0}>                      Wall avg =          0
Timings{0}>                      Wall min =          0
Timings{0}> 
Timings{0}> Write Stat.......... Wall max =          0
Timings{0}>                      Wall avg =          0
Timings{0}>                      Wall min =          0
Timings{0}> 
Timings{0}> findInternal........ Wall max =   2.75e-06
Timings{0}>                      Wall avg =  2.708e-06
Timings{0}>                      Wall min =  2.666e-06
Timings{0}> 
Timings{0}> findPeriodic........ Wall max =   2.08e-07
Timings{0}>                      Wall avg =   1.87e-07
Timings{0}>                      Wall min =   1.66e-07
Timings{0}> 
Timings{0}> samplingTime........ Wall max = 0.00017075
Timings{0}>                      Wall avg = 0.000164854
Timings{0}>                      Wall min = 0.000158959
Timings{0}> 
Timings{0}> particleBC.......... Wall max = 1.1209e-05
Timings{0}>                      Wall avg =  9.146e-06
Timings{0}>                      Wall min =  7.083e-06
Timings{0}> 
Timings{0}> updateParticle...... Wall max = 0.000250708
Timings{0}>                      Wall avg = 0.000232209
Timings{0}>                      Wall min = 0.000213709
Timings{0}> 
Timings{0}> locateParticles..... Wall max = 8.9375e-05
Timings{0}>                      Wall avg =   8.75e-05
Timings{0}>                      Wall min = 8.5625e-05
Timings{0}> 
Timings{0}> sendPreprocess...... Wall max = 7.7126e-05
Timings{0}>                      Wall avg = 5.75625e-05
Timings{0}>                      Wall min = 3.7999e-05
Timings{0}> 
Timings{0}> particleSend........ Wall max =      6e-06
Timings{0}>                      Wall avg = 5.7915e-06
Timings{0}>                      Wall min =  5.583e-06
Timings{0}> 
Timings{0}> particleRecv........ Wall max =    4.5e-06
Timings{0}>                      Wall avg = 4.4995e-06
Timings{0}>                      Wall min =  4.499e-06
Timings{0}> 
Timings{0}> particleDestroy..... Wall max =   3.25e-06
Timings{0}>                      Wall avg = 3.1875e-06
Timings{0}>                      Wall min =  3.125e-06
Timings{0}> 
Timings{0}> particleWait........ Wall max =  1.875e-06
Timings{0}>                      Wall avg = 1.7715e-06
Timings{0}>                      Wall min =  1.668e-06
Timings{0}> 
Timings{0}> particleFreeBuffers. Wall max =  8.832e-06
Timings{0}>                      Wall avg = 8.6865e-06
Timings{0}>                      Wall min =  8.541e-06
Timings{0}> 
Timings{0}> particleDeserialize. Wall max =  8.833e-06
Timings{0}>                      Wall avg =  8.833e-06
Timings{0}>                      Wall min =  8.833e-06
Timings{0}> 
Timings{0}> particleDeserResize. Wall max =   7.91e-07
Timings{0}>                      Wall avg =   7.71e-07
Timings{0}>                      Wall min =   7.51e-07
Timings{0}> 
Timings{0}> particleDeserCopy... Wall max =  1.126e-06
Timings{0}>                      Wall avg = 1.1045e-06
Timings{0}>                      Wall min =  1.083e-06
Timings{0}> 
Timings{0}> computeMoments...... Wall max = 0.000149666
Timings{0}>                      Wall avg = 0.000148083
Timings{0}>                      Wall min =  0.0001465
Timings{0}> 
Timings{0}> TIntegration1....... Wall max =      2e-05
Timings{0}>                      Wall avg = 1.99375e-05
Timings{0}>                      Wall min = 1.9875e-05
Timings{0}> 
Timings{0}> TIntegration2....... Wall max = 2.0666e-05
Timings{0}>                      Wall avg = 1.88535e-05
Timings{0}>                      Wall min = 1.7041e-05
Timings{0}> 
Timings{0}> External field eval. Wall max = 3.3417e-05
Timings{0}>                      Wall avg = 3.1979e-05
Timings{0}>                      Wall min = 3.0541e-05
Timings{0}> 
Timings{0}> Binaryrepart........ Wall max =          0
Timings{0}>                      Wall avg =          0
Timings{0}>                      Wall min =          0
Timings{0}> 
Timings{0}> OrbThreader......... Wall max =    3.14399
Timings{0}>                      Wall avg =    3.14297
Timings{0}>                      Wall min =    3.14195
Timings{0}> 
Timings{0}> ---------------------------------------------
Timings{0}>      Measurement counts:
Timings{0}> ---------------------------------------------
Timings{0}> mainTimer........... Count =          1
Timings{0}> H5 open close....... Count =          2
Timings{0}> H5 total step....... Count =          0
Timings{0}> H5 step header...... Count =          0
Timings{0}> H5 device host copy. Count =          0
Timings{0}> H5 dataset write.... Count =          0
Timings{0}> Write Stat.......... Count =          0
Timings{0}> findInternal........ Count =          1
Timings{0}> findPeriodic........ Count =          1
Timings{0}> samplingTime........ Count =          1
Timings{0}> particleBC.......... Count =          4
Timings{0}> updateParticle...... Count =          4
Timings{0}> locateParticles..... Count =          4
Timings{0}> sendPreprocess...... Count =          4
Timings{0}> particleSend........ Count =          4
Timings{0}> particleRecv........ Count =          4
Timings{0}> particleDestroy..... Count =          4
Timings{0}> particleWait........ Count =          4
Timings{0}> particleFreeBuffers. Count =          4
Timings{0}> particleDeserialize. Count =          4
Timings{0}> particleDeserResize. Count =          4
Timings{0}> particleDeserCopy... Count =          4
Timings{0}> computeMoments...... Count =          5
Timings{0}> TIntegration1....... Count =          1
Timings{0}> TIntegration2....... Count =          1
Timings{0}> External field eval. Count =          1
Timings{0}> Binaryrepart........ Count =          0
Timings{0}> OrbThreader......... Count =          1
Timings{0}> ---------------------------------------------
Timings{0}> ---------------------------------------------
Timings{0}>      Per-occurrence statistics:
Timings{0}> ---------------------------------------------
Timings{0}> mainTimer........... n=    1  mean=   3.17531  std=         0  min=   3.17531  max=   3.17531
Timings{0}> H5 open close....... n=    2  mean=0.00150171  std=0.00138239  min=0.000524208  max=0.00247921
Timings{0}> findInternal........ n=    1  mean= 2.666e-06  std=         0  min= 2.666e-06  max= 2.666e-06
Timings{0}> findPeriodic........ n=    1  mean=  2.08e-07  std=         0  min=  2.08e-07  max=  2.08e-07
Timings{0}> samplingTime........ n=    1  mean=0.000158959  std=         0  min=0.000158959  max=0.000158959
Timings{0}> particleBC.......... n=    4  mean=1.77075e-06  std=1.63337e-06  min=     5e-07  max= 4.083e-06
Timings{0}> updateParticle...... n=    4  mean=6.2677e-05  std=5.64397e-05  min=2.3583e-05  max=0.000145375
Timings{0}> locateParticles..... n=    4  mean=2.23437e-05  std=9.80712e-06  min=1.2791e-05  max=3.4417e-05
Timings{0}> sendPreprocess...... n=    4  mean=1.92815e-05  std=3.06078e-05  min= 2.542e-06  max=6.5125e-05
Timings{0}> particleSend........ n=    4  mean=   1.5e-06  std=1.02961e-06  min=     5e-07  max= 2.583e-06
Timings{0}> particleRecv........ n=    4  mean=1.12475e-06  std=9.8459e-07  min=  4.16e-07  max= 2.542e-06
Timings{0}> particleDestroy..... n=    4  mean= 8.125e-07  std=2.67213e-07  min=  5.83e-07  max= 1.084e-06
Timings{0}> particleWait........ n=    4  mean=4.6875e-07  std=1.24272e-07  min=  3.34e-07  max=  6.25e-07
Timings{0}> particleFreeBuffers. n=    4  mean=2.13525e-06  std=2.05034e-06  min=  4.58e-07  max= 4.833e-06
Timings{0}> particleDeserialize. n=    4  mean=2.20825e-06  std=1.72964e-06  min= 1.125e-06  max= 4.792e-06
Timings{0}> particleDeserResize. n=    4  mean=1.8775e-07  std=2.39635e-08  min=  1.67e-07  max=  2.09e-07
Timings{0}> particleDeserCopy... n=    4  mean= 2.815e-07  std=6.23351e-08  min=  2.09e-07  max=  3.34e-07
Timings{0}> computeMoments...... n=    5  mean=2.99332e-05  std=1.87923e-05  min=1.4541e-05  max=5.4417e-05
Timings{0}> TIntegration1....... n=    1  mean=1.9875e-05  std=         0  min=1.9875e-05  max=1.9875e-05
Timings{0}> TIntegration2....... n=    1  mean=1.7041e-05  std=         0  min=1.7041e-05  max=1.7041e-05
Timings{0}> External field eval. n=    1  mean=3.3417e-05  std=         0  min=3.3417e-05  max=3.3417e-05
Timings{0}> OrbThreader......... n=    1  mean=   3.14195  std=         0  min=   3.14195  max=   3.14195
Timings{0}> ---------------------------------------------
