This is LuaHBTeX, Version 1.24.0 (TeX Live 2026)  (format=lualatex 2026.3.31)  7 JUL 2026 10:34
 restricted system commands enabled.
 file:line:error style messages enabled.
**msol_field_movies.tex
(./msol_field_movies.tex
LaTeX2e <2025-11-01>
L3 programming layer <2026-01-19>
Lua module: luaotfload 2024-12-03 v3.29 Lua based OpenType font support
Lua module: lualibs 2023-07-13 v2.76 ConTeXt Lua standard libraries.
Lua module: lualibs-extended 2023-07-13 v2.76 ConTeXt Lua libraries -- extended 
collection.
luaotfload | conf : Root cache directory is "/Users/adelmann/Library/texlive/202
6/texmf-var/luatex-cache/generic/names".
luaotfload | init : Loading fontloader "fontloader-2023-12-28.lua" from kpse-res
olved path "/usr/local/texlive/2026/texmf-dist/tex/luatex/luaotfload/fontloader-
2023-12-28.lua".
Lua-only attribute luaotfload@noligature = 1
luaotfload | init : Context OpenType loader version 3.134
Inserting `luaotfload.node_processor' in `pre_linebreak_filter'.
Inserting `luaotfload.node_processor' in `hpack_filter'.
Inserting `luaotfload.glyph_stream' in `glyph_stream_provider'.
Inserting `luaotfload.define_font' in `define_font'.
Lua-only attribute luaotfload_color_attribute = 2
luaotfload | conf : Root cache directory is "/Users/adelmann/Library/texlive/202
6/texmf-var/luatex-cache/generic/names".
Inserting `luaotfload.harf.strip_prefix' in `find_opentype_file'.
Inserting `luaotfload.harf.strip_prefix' in `find_truetype_file'.
Removing  `luaotfload.glyph_stream' from `glyph_stream_provider'.
Inserting `luaotfload.harf.glyphstream' in `glyph_stream_provider'.
Inserting `luaotfload.harf.finalize_vlist' in `post_linebreak_filter'.
Inserting `luaotfload.harf.finalize_hlist' in `hpack_filter'.
Inserting `luaotfload.cleanup_files' in `wrapup_run'.
Inserting `luaotfload.harf.finalize_unicode' in `finish_pdffile'.
Inserting `luaotfload.glyphinfo' in `glyph_info'.
Lua-only attribute luaotfload.letterspace_done = 3
Inserting `luaotfload.aux.set_sscale_dimens' in `luaotfload.patch_font'.
Inserting `luaotfload.aux.set_font_index' in `luaotfload.patch_font'.
Inserting `luaotfload.aux.patch_cambria_domh' in `luaotfload.patch_font'.
Inserting `luaotfload.aux.fixup_fontdata' in `luaotfload.patch_font_unsafe'.
Inserting `luaotfload.aux.set_capheight' in `luaotfload.patch_font'.
Inserting `luaotfload.aux.set_xheight' in `luaotfload.patch_font'.
Inserting `luaotfload.rewrite_fontname' in `luaotfload.patch_font'.
Inserting `tracingstacklevels' in `input_level_string'. (/usr/local/texlive/202
6/texmf-dist/tex/latex/base/article.cls
Document Class: article 2025/01/22 v1.4n Standard LaTeX document class
(/usr/local/texlive/2026/texmf-dist/tex/latex/base/size11.clo
File: size11.clo 2025/01/22 v1.4n Standard LaTeX file (size option)
luaotfload | db : Font names database loaded from /Users/adelmann/Library/texliv
e/2026/texmf-var/luatex-cache/generic/names/luaotfload-names.luc.gz)
\c@part=\count273
\c@section=\count274
\c@subsection=\count275
\c@subsubsection=\count276
\c@paragraph=\count277
\c@subparagraph=\count278
\c@figure=\count279
\c@table=\count280
\abovecaptionskip=\skip49
\belowcaptionskip=\skip50
\bibindent=\dimen147
)
(/usr/local/texlive/2026/texmf-dist/tex/latex/geometry/geometry.sty
Package: geometry 2026/03/07 v6.0 Page Geometry

(/usr/local/texlive/2026/texmf-dist/tex/latex/graphics/keyval.sty
Package: keyval 2022/05/29 v1.15 key=value parser (DPC)
\KV@toks@=\toks17
)
(/usr/local/texlive/2026/texmf-dist/tex/generic/iftex/ifvtex.sty
Package: ifvtex 2019/10/25 v1.7 ifvtex legacy package. Use iftex instead.

(/usr/local/texlive/2026/texmf-dist/tex/generic/iftex/iftex.sty
Package: iftex 2024/12/12 v1.0g TeX engine tests
))
\Gm@cnth=\count281
\Gm@cntv=\count282
\c@Gm@tempcnt=\count283
\Gm@bindingoffset=\dimen148
\Gm@wd@mp=\dimen149
\Gm@odd@mp=\dimen150
\Gm@even@mp=\dimen151
\Gm@layoutwidth=\dimen152
\Gm@layoutheight=\dimen153
\Gm@layouthoffset=\dimen154
\Gm@layoutvoffset=\dimen155
\Gm@dimlist=\toks18
)
(/usr/local/texlive/2026/texmf-dist/tex/latex/animate/animate.sty
Package: animate 2024/10/14 PDF & SVG animations from files and inline graphics


(/usr/local/texlive/2026/texmf-dist/tex/latex/base/ifthen.sty
Package: ifthen 2024/03/16 v1.1e Standard LaTeX ifthen package (DPC)
)
(/usr/local/texlive/2026/texmf-dist/tex/latex/oberdiek/ifdraft.sty
Package: ifdraft 2016/05/16 v1.4 Detect class options draft and final (HO)
)
(/usr/local/texlive/2026/texmf-dist/tex/latex/tools/calc.sty
Package: calc 2025/03/01 v4.3b Infix arithmetic (KKT,FJ)
\calc@Acount=\count284
\calc@Bcount=\count285
\calc@Adimen=\dimen156
\calc@Bdimen=\dimen157
\calc@Askip=\skip51
\calc@Bskip=\skip52
LaTeX Info: Redefining \setlength on input line 86.
LaTeX Info: Redefining \addtolength on input line 87.
\calc@Ccount=\count286
\calc@Cskip=\skip53
)
(/usr/local/texlive/2026/texmf-dist/tex/latex/media9/pdfbase.sty
Package: pdfbase 2024/09/16 v0.59 driver independent access to low-level PDF fe
atures

(/usr/local/texlive/2026/texmf-dist/tex/latex/l3backend/l3backend-luatex.def
File: l3backend-luatex.def 2025-10-09 L3 backend support: PDF output (LuaTeX)
\l__color_backend_stack_int=\count287
Inserting `l3color' in `luaotfload.parse_color'.)
\g_pbs_page_int=\count288
\g_pbs_oc_int=\count289
)
(/usr/local/texlive/2026/texmf-dist/tex/latex/graphics/graphics.sty
Package: graphics 2024/08/06 v1.4g Standard LaTeX Graphics (DPC,SPQR)

(/usr/local/texlive/2026/texmf-dist/tex/latex/graphics/trig.sty
Package: trig 2023/12/02 v1.11 sin cos tan (DPC)
)
(/usr/local/texlive/2026/texmf-dist/tex/latex/graphics-cfg/graphics.cfg
File: graphics.cfg 2016/06/04 v1.11 sample graphics configuration
)
Package graphics Info: Driver file: luatex.def on input line 106.

(/usr/local/texlive/2026/texmf-dist/tex/latex/graphics-def/luatex.def
File: luatex.def 2025/09/29 v1.2f Graphics/color driver for luatex
))
(/usr/local/texlive/2026/texmf-dist/tex/latex/zref/zref-abspage.sty
Package: zref-abspage 2026-03-07 v2.37 Module abspage for zref (HO)

(/usr/local/texlive/2026/texmf-dist/tex/latex/zref/zref-base.sty
Package: zref-base 2026-03-07 v2.37 Module base for zref (HO)

(/usr/local/texlive/2026/texmf-dist/tex/generic/ltxcmds/ltxcmds.sty
Package: ltxcmds 2023-12-04 v1.26 LaTeX kernel commands for general use (HO)
)
(/usr/local/texlive/2026/texmf-dist/tex/generic/infwarerr/infwarerr.sty
Package: infwarerr 2019/12/03 v1.5 Providing info/warning/error messages (HO)
)
(/usr/local/texlive/2026/texmf-dist/tex/latex/kvsetkeys/kvsetkeys.sty
Package: kvsetkeys 2022-10-05 v1.19 Key value parser (HO)
)
(/usr/local/texlive/2026/texmf-dist/tex/generic/kvdefinekeys/kvdefinekeys.sty
Package: kvdefinekeys 2019-12-19 v1.6 Define keys (HO)
)
(/usr/local/texlive/2026/texmf-dist/tex/generic/pdftexcmds/pdftexcmds.sty
Package: pdftexcmds 2020-06-27 v0.33 Utility functions of pdfTeX for LuaTeX (HO
)
Package pdftexcmds Info: \pdf@primitive is available.
Package pdftexcmds Info: \pdf@ifprimitive is available.
Package pdftexcmds Info: \pdfdraftmode found.
\pdftexcmds@toks=\toks19
)
(/usr/local/texlive/2026/texmf-dist/tex/generic/etexcmds/etexcmds.sty
Package: etexcmds 2019/12/15 v1.7 Avoid name clashes with e-TeX commands (HO)
)
(/usr/local/texlive/2026/texmf-dist/tex/latex/auxhook/auxhook.sty
Package: auxhook 2019-12-17 v1.6 Hooks for auxiliary files (HO)
)
Package zref Info: New property list: main on input line 767.
Package zref Info: New property: default on input line 768.
Package zref Info: New property: page on input line 769.
)
\c@abspage=\count290
Package zref Info: New property: abspage on input line 67.
)
(/usr/local/texlive/2026/texmf-dist/tex/latex/ocgx2/ocgbase.sty
Package: ocgbase 2024/09/15 v0.24 support package for ocgx2.sty
)
\@anim@box=\box53
\@anim@measbox=\box54
\@anim@tmpdima=\dimen158
\@anim@tmpdimb=\dimen159
\@anim@num=\count291
\@anim@curframe=\count292
\@anim@curframe@zb=\count293
\@anim@resizeflags=\count294
\@anim@skipfram=\count295
\@anim@mulframecnt=\count296
\@anim@@tmlnfile=\read2
\@anim@tmpcnt=\count297
\c@@anim@ltxcnt=\count298
\@anim@curlayer=\count299
\@anim@lineno=\count300
\@anim@curfield=\count301
\@anim@@resizeflags=\count302
)
(/usr/local/texlive/2026/texmf-dist/tex/latex/graphics/graphicx.sty
Package: graphicx 2024/12/31 v1.2e Enhanced LaTeX Graphics (DPC,SPQR)
\Gin@req@height=\dimen160
\Gin@req@width=\dimen161
)
(/usr/local/texlive/2026/texmf-dist/tex/latex/hyperref/hyperref.sty
Package: hyperref 2026-01-29 v7.01p Hypertext links for LaTeX

(/usr/local/texlive/2026/texmf-dist/tex/generic/pdfescape/pdfescape.sty
Package: pdfescape 2019/12/09 v1.15 Implements pdfTeX's escape features (HO)
)
(/usr/local/texlive/2026/texmf-dist/tex/latex/hycolor/hycolor.sty
Package: hycolor 2020-01-27 v1.10 Color options for hyperref/bookmark (HO)
)
(/usr/local/texlive/2026/texmf-dist/tex/latex/hyperref/nameref.sty
Package: nameref 2026-01-29 v2.58 Cross-referencing by name of section

(/usr/local/texlive/2026/texmf-dist/tex/latex/refcount/refcount.sty
Package: refcount 2019/12/15 v3.6 Data extraction from label references (HO)
)
(/usr/local/texlive/2026/texmf-dist/tex/generic/gettitlestring/gettitlestring.s
ty
Package: gettitlestring 2019/12/15 v1.6 Cleanup title references (HO)
 (/usr/local/texlive/2026/texmf-dist/tex/latex/kvoptions/kvoptions.sty
Package: kvoptions 2022-06-15 v3.15 Key value format for package options (HO)
))
\c@section@level=\count303
)
(/usr/local/texlive/2026/texmf-dist/tex/latex/etoolbox/etoolbox.sty
Package: etoolbox 2025/10/02 v2.5m e-TeX tools for LaTeX (JAW)
\etb@tempcnta=\count304
)
(/usr/local/texlive/2026/texmf-dist/tex/generic/stringenc/stringenc.sty
Package: stringenc 2019/11/29 v1.12 Convert strings between diff. encodings (HO
)
)
\@linkdim=\dimen162
\Hy@linkcounter=\count305
\Hy@pagecounter=\count306

(/usr/local/texlive/2026/texmf-dist/tex/latex/hyperref/pd1enc.def
File: pd1enc.def 2026-01-29 v7.01p Hyperref: PDFDocEncoding definition (HO)
)
(/usr/local/texlive/2026/texmf-dist/tex/generic/intcalc/intcalc.sty
Package: intcalc 2019/12/15 v1.3 Expandable calculations with integers (HO)
)
\Hy@SavedSpaceFactor=\count307

(/usr/local/texlive/2026/texmf-dist/tex/latex/hyperref/puenc.def
File: puenc.def 2026-01-29 v7.01p Hyperref: PDF Unicode definition (HO)
)
Package hyperref Info: Hyper figures OFF on input line 4201.
Package hyperref Info: Link nesting OFF on input line 4206.
Package hyperref Info: Hyper index ON on input line 4209.
Package hyperref Info: Plain pages OFF on input line 4216.
Package hyperref Info: Backreferencing OFF on input line 4221.
Package hyperref Info: Implicit mode ON; LaTeX internals redefined.
Package hyperref Info: Bookmarks ON on input line 4468.
\c@Hy@tempcnt=\count308

(/usr/local/texlive/2026/texmf-dist/tex/latex/url/url.sty
\Urlmuskip=\muskip17
Package: url 2013/09/16  ver 3.4  Verb mode for urls, etc.
)
LaTeX Info: Redefining \url on input line 4807.
\XeTeXLinkMargin=\dimen163

(/usr/local/texlive/2026/texmf-dist/tex/generic/bitset/bitset.sty
Package: bitset 2019/12/09 v1.3 Handle bit-vector datatype (HO)

(/usr/local/texlive/2026/texmf-dist/tex/generic/bigintcalc/bigintcalc.sty
Package: bigintcalc 2019/12/15 v1.5 Expandable calculations on big integers (HO
)
))
\Fld@menulength=\count309
\Field@Width=\dimen164
\Fld@charsize=\dimen165
Package hyperref Info: Hyper figures OFF on input line 6084.
Package hyperref Info: Link nesting OFF on input line 6089.
Package hyperref Info: Hyper index ON on input line 6092.
Package hyperref Info: backreferencing OFF on input line 6099.
Package hyperref Info: Link coloring OFF on input line 6104.
Package hyperref Info: Link coloring with OCG OFF on input line 6109.
Package hyperref Info: PDF/A mode OFF on input line 6114.
\Hy@abspage=\count310
\c@Item=\count311
\c@Hfootnote=\count312
)
Package hyperref Info: Driver (autodetected): hluatex.

(/usr/local/texlive/2026/texmf-dist/tex/latex/hyperref/hluatex.def
File: hluatex.def 2026-01-29 v7.01p Hyperref driver for luaTeX
\HyAnn@Count=\count313
\Fld@listcount=\count314
\c@bookmark@seq@number=\count315

(/usr/local/texlive/2026/texmf-dist/tex/latex/rerunfilecheck/rerunfilecheck.sty
Package: rerunfilecheck 2025-06-21 v1.11 Rerun checks for auxiliary files (HO)

(/usr/local/texlive/2026/texmf-dist/tex/generic/uniquecounter/uniquecounter.sty
Package: uniquecounter 2019/12/15 v1.4 Provide unlimited unique counter (HO)
)
Package uniquecounter Info: New unique counter `rerunfilecheck' on input line 2
84.
)
\Hy@SectionHShift=\skip54
) (./msol_field_movies.aux)
\openout1 = msol_field_movies.aux

LaTeX Font Info:    Checking defaults for OML/cmm/m/it on input line 11.
LaTeX Font Info:    ... okay on input line 11.
LaTeX Font Info:    Checking defaults for OMS/cmsy/m/n on input line 11.
LaTeX Font Info:    ... okay on input line 11.
LaTeX Font Info:    Checking defaults for OT1/cmr/m/n on input line 11.
LaTeX Font Info:    ... okay on input line 11.
LaTeX Font Info:    Checking defaults for T1/cmr/m/n on input line 11.
LaTeX Font Info:    ... okay on input line 11.
LaTeX Font Info:    Checking defaults for TS1/cmr/m/n on input line 11.
LaTeX Font Info:    ... okay on input line 11.
LaTeX Font Info:    Checking defaults for TU/lmr/m/n on input line 11.
LaTeX Font Info:    ... okay on input line 11.
LaTeX Font Info:    Checking defaults for OMX/cmex/m/n on input line 11.
LaTeX Font Info:    ... okay on input line 11.
LaTeX Font Info:    Checking defaults for U/cmr/m/n on input line 11.
LaTeX Font Info:    ... okay on input line 11.
LaTeX Font Info:    Checking defaults for PD1/pdf/m/n on input line 11.
LaTeX Font Info:    ... okay on input line 11.
LaTeX Font Info:    Checking defaults for PU/pdf/m/n on input line 11.
LaTeX Font Info:    ... okay on input line 11.

*geometry* driver: auto-detecting
*geometry* detected driver: luatex
*geometry* verbose mode - [ preamble ] result:
* driver: luatex
* paper: <default>
* layout: <same size as paper>
* layoutoffset:(h,v)=(0.0pt,0.0pt)
* modes: 
* h-part:(L,W,R)=(57.81621pt, 498.66258pt, 57.81621pt)
* v-part:(T,H,B)=(57.81621pt, 679.33757pt, 57.81621pt)
* \paperwidth=614.295pt
* \paperheight=794.96999pt
* \textwidth=498.66258pt
* \textheight=679.33757pt
* \oddsidemargin=-14.45378pt
* \evensidemargin=-14.45378pt
* \topmargin=-51.45378pt
* \headheight=12.0pt
* \headsep=25.0pt
* \topskip=11.0pt
* \footskip=30.0pt
* \marginparwidth=59.0pt
* \marginparsep=10.0pt
* \columnsep=10.0pt
* \skip\footins=10.0pt plus 4.0pt minus 2.0pt
* \hoffset=0.0pt
* \voffset=0.0pt
* \mag=1000
* \@twocolumnfalse
* \@twosidefalse
* \@mparswitchfalse
* \@reversemarginfalse
* (1in=72.27pt=25.4mm, 1cm=28.453pt)

(/usr/local/texlive/2026/texmf-dist/tex/context/base/mkii/supp-pdf.mkii
[Loading MPS to PDF converter (version 2006.09.02).]
\scratchcounter=\count316
\scratchdimen=\dimen166
\scratchbox=\box55
\nofMPsegments=\count317
\nofMParguments=\count318
\everyMPshowfont=\toks20
\MPscratchCnt=\count319
\MPscratchDim=\dimen167
\MPnumerator=\count320
\makeMPintoPDFobject=\count321
\everyMPtoPDFconversion=\toks21
) (/usr/local/texlive/2026/texmf-dist/tex/latex/epstopdf-pkg/epstopdf-base.sty
Package: epstopdf-base 2020-01-24 v2.11 Base part for package epstopdf
Package epstopdf-base Info: Redefining graphics rule for `.eps' on input line 4
85.

(/usr/local/texlive/2026/texmf-dist/tex/latex/latexconfig/epstopdf-sys.cfg
File: epstopdf-sys.cfg 2010/07/13 v1.3 Configuration of (r)epstopdf for TeX Liv
e
))
Package hyperref Info: Link coloring OFF on input line 11.

(./msol_field_movies.out) (./msol_field_movies.out)
\@outlinefile=\write3

\openout3 = msol_field_movies.out
LaTeX Font Info:    External font `cmex10' loaded for size
(Font)              <12> on input line 13.
LaTeX Font Info:    External font `cmex10' loaded for size
(Font)              <8> on input line 13.
LaTeX Font Info:    External font `cmex10' loaded for size
(Font)              <6> on input line 13.
LaTeX Font Info:    External font `cmex10' loaded for size
(Font)              <10.95> on input line 15.
LaTeX Font Info:    External font `cmex10' loaded for size
(Font)              <14.4> on input line 18.
LaTeX Font Info:    External font `cmex10' loaded for size
(Font)              <7> on input line 18.
<movie_frames/xy/msol-edot-xy-0000.png, id=4, 635.976pt x 578.16pt>
File: movie_frames/xy/msol-edot-xy-0000.png Graphic file (type png)
<use movie_frames/xy/msol-edot-xy-0000.png>
Package luatex.def Info: movie_frames/xy/msol-edot-xy-0000.png  used on input l
ine 26.
(luatex.def)             Requested size: 635.97444pt x 578.15858pt.
<./movie_frames/xy/msol-edot-xy-0000.png> <a0,fr0>
<movie_frames/xy/msol-edot-xy-0001.png, id=8, 635.976pt x 578.16pt>
File: movie_frames/xy/msol-edot-xy-0001.png Graphic file (type png)
<use movie_frames/xy/msol-edot-xy-0001.png>
Package luatex.def Info: movie_frames/xy/msol-edot-xy-0001.png  used on input l
ine 26.
(luatex.def)             Requested size: 635.97444pt x 578.15858pt.
<./movie_frames/xy/msol-edot-xy-0001.png> <a0,fr1>
<movie_frames/xy/msol-edot-xy-0002.png, id=12, 635.976pt x 578.16pt>
File: movie_frames/xy/msol-edot-xy-0002.png Graphic file (type png)
<use movie_frames/xy/msol-edot-xy-0002.png>
Package luatex.def Info: movie_frames/xy/msol-edot-xy-0002.png  used on input l
ine 26.
(luatex.def)             Requested size: 635.97444pt x 578.15858pt.
<./movie_frames/xy/msol-edot-xy-0002.png> <a0,fr2>
<movie_frames/xy/msol-edot-xy-0003.png, id=16, 635.976pt x 578.16pt>
File: movie_frames/xy/msol-edot-xy-0003.png Graphic file (type png)
<use movie_frames/xy/msol-edot-xy-0003.png>
Package luatex.def Info: movie_frames/xy/msol-edot-xy-0003.png  used on input l
ine 26.
(luatex.def)             Requested size: 635.97444pt x 578.15858pt.
<./movie_frames/xy/msol-edot-xy-0003.png> <a0,fr3>
<movie_frames/xy/msol-edot-xy-0004.png, id=20, 635.976pt x 578.16pt>
File: movie_frames/xy/msol-edot-xy-0004.png Graphic file (type png)
<use movie_frames/xy/msol-edot-xy-0004.png>
Package luatex.def Info: movie_frames/xy/msol-edot-xy-0004.png  used on input l
ine 26.
(luatex.def)             Requested size: 635.97444pt x 578.15858pt.
<./movie_frames/xy/msol-edot-xy-0004.png> <a0,fr4>
<movie_frames/xy/msol-edot-xy-0005.png, id=24, 635.976pt x 578.16pt>
File: movie_frames/xy/msol-edot-xy-0005.png Graphic file (type png)
<use movie_frames/xy/msol-edot-xy-0005.png>
Package luatex.def Info: movie_frames/xy/msol-edot-xy-0005.png  used on input l
ine 26.
(luatex.def)             Requested size: 635.97444pt x 578.15858pt.
<./movie_frames/xy/msol-edot-xy-0005.png> <a0,fr5>
<movie_frames/xy/msol-edot-xy-0006.png, id=28, 635.976pt x 578.16pt>
File: movie_frames/xy/msol-edot-xy-0006.png Graphic file (type png)
<use movie_frames/xy/msol-edot-xy-0006.png>
Package luatex.def Info: movie_frames/xy/msol-edot-xy-0006.png  used on input l
ine 26.
(luatex.def)             Requested size: 635.97444pt x 578.15858pt.
<./movie_frames/xy/msol-edot-xy-0006.png>
<a0,fr6>
<movie_frames/xy/msol-edot-xy-0007.png, id=32, 635.976pt x 578.16pt>
File: movie_frames/xy/msol-edot-xy-0007.png Graphic file (type png)
<use movie_frames/xy/msol-edot-xy-0007.png>
Package luatex.def Info: movie_frames/xy/msol-edot-xy-0007.png  used on input l
ine 26.
(luatex.def)             Requested size: 635.97444pt x 578.15858pt.
<./movie_frames/xy/msol-edot-xy-0007.png> <a0,fr7>
<movie_frames/xy/msol-edot-xy-0008.png, id=36, 635.976pt x 578.16pt>
File: movie_frames/xy/msol-edot-xy-0008.png Graphic file (type png)
<use movie_frames/xy/msol-edot-xy-0008.png>
Package luatex.def Info: movie_frames/xy/msol-edot-xy-0008.png  used on input l
ine 26.
(luatex.def)             Requested size: 635.97444pt x 578.15858pt.
<./movie_frames/xy/msol-edot-xy-0008.png> <a0,fr8>
<movie_frames/xy/msol-edot-xy-0009.png, id=40, 635.976pt x 578.16pt>
File: movie_frames/xy/msol-edot-xy-0009.png Graphic file (type png)
<use movie_frames/xy/msol-edot-xy-0009.png>
Package luatex.def Info: movie_frames/xy/msol-edot-xy-0009.png  used on input l
ine 26.
(luatex.def)             Requested size: 635.97444pt x 578.15858pt.
<./movie_frames/xy/msol-edot-xy-0009.png>
<a0,fr9>
<movie_frames/xy/msol-edot-xy-0010.png, id=44, 635.976pt x 578.16pt>
File: movie_frames/xy/msol-edot-xy-0010.png Graphic file (type png)
<use movie_frames/xy/msol-edot-xy-0010.png>
Package luatex.def Info: movie_frames/xy/msol-edot-xy-0010.png  used on input l
ine 26.
(luatex.def)             Requested size: 635.97444pt x 578.15858pt.
<./movie_frames/xy/msol-edot-xy-0010.png> <a0,fr10>
<movie_frames/xy/msol-edot-xy-0011.png, id=48, 635.976pt x 578.16pt>
File: movie_frames/xy/msol-edot-xy-0011.png Graphic file (type png)
<use movie_frames/xy/msol-edot-xy-0011.png>
Package luatex.def Info: movie_frames/xy/msol-edot-xy-0011.png  used on input l
ine 26.
(luatex.def)             Requested size: 635.97444pt x 578.15858pt.
<./movie_frames/xy/msol-edot-xy-0011.png> <a0,fr11>
<movie_frames/xy/msol-edot-xy-0012.png, id=52, 635.976pt x 578.16pt>
File: movie_frames/xy/msol-edot-xy-0012.png Graphic file (type png)
<use movie_frames/xy/msol-edot-xy-0012.png>
Package luatex.def Info: movie_frames/xy/msol-edot-xy-0012.png  used on input l
ine 26.
(luatex.def)             Requested size: 635.97444pt x 578.15858pt.
<./movie_frames/xy/msol-edot-xy-0012.png>
<a0,fr12>
<movie_frames/xy/msol-edot-xy-0013.png, id=56, 635.976pt x 578.16pt>
File: movie_frames/xy/msol-edot-xy-0013.png Graphic file (type png)
<use movie_frames/xy/msol-edot-xy-0013.png>
Package luatex.def Info: movie_frames/xy/msol-edot-xy-0013.png  used on input l
ine 26.
(luatex.def)             Requested size: 635.97444pt x 578.15858pt.
<./movie_frames/xy/msol-edot-xy-0013.png> <a0,fr13>
<movie_frames/xy/msol-edot-xy-0014.png, id=60, 635.976pt x 578.16pt>
File: movie_frames/xy/msol-edot-xy-0014.png Graphic file (type png)
<use movie_frames/xy/msol-edot-xy-0014.png>
Package luatex.def Info: movie_frames/xy/msol-edot-xy-0014.png  used on input l
ine 26.
(luatex.def)             Requested size: 635.97444pt x 578.15858pt.
<./movie_frames/xy/msol-edot-xy-0014.png> <a0,fr14>
<movie_frames/xy/msol-edot-xy-0015.png, id=64, 635.976pt x 578.16pt>
File: movie_frames/xy/msol-edot-xy-0015.png Graphic file (type png)
<use movie_frames/xy/msol-edot-xy-0015.png>
Package luatex.def Info: movie_frames/xy/msol-edot-xy-0015.png  used on input l
ine 26.
(luatex.def)             Requested size: 635.97444pt x 578.15858pt.
<./movie_frames/xy/msol-edot-xy-0015.png>
<a0,fr15>
<movie_frames/xy/msol-edot-xy-0016.png, id=68, 635.976pt x 578.16pt>
File: movie_frames/xy/msol-edot-xy-0016.png Graphic file (type png)
<use movie_frames/xy/msol-edot-xy-0016.png>
Package luatex.def Info: movie_frames/xy/msol-edot-xy-0016.png  used on input l
ine 26.
(luatex.def)             Requested size: 635.97444pt x 578.15858pt.
<./movie_frames/xy/msol-edot-xy-0016.png> <a0,fr16>
<movie_frames/xy/msol-edot-xy-0017.png, id=72, 635.976pt x 578.16pt>
File: movie_frames/xy/msol-edot-xy-0017.png Graphic file (type png)
<use movie_frames/xy/msol-edot-xy-0017.png>
Package luatex.def Info: movie_frames/xy/msol-edot-xy-0017.png  used on input l
ine 26.
(luatex.def)             Requested size: 635.97444pt x 578.15858pt.
<./movie_frames/xy/msol-edot-xy-0017.png> <a0,fr17>
<movie_frames/xy/msol-edot-xy-0018.png, id=76, 635.976pt x 578.16pt>
File: movie_frames/xy/msol-edot-xy-0018.png Graphic file (type png)
<use movie_frames/xy/msol-edot-xy-0018.png>
Package luatex.def Info: movie_frames/xy/msol-edot-xy-0018.png  used on input l
ine 26.
(luatex.def)             Requested size: 635.97444pt x 578.15858pt.
<./movie_frames/xy/msol-edot-xy-0018.png>
<a0,fr18>
<movie_frames/xy/msol-edot-xy-0019.png, id=80, 635.976pt x 578.16pt>
File: movie_frames/xy/msol-edot-xy-0019.png Graphic file (type png)
<use movie_frames/xy/msol-edot-xy-0019.png>
Package luatex.def Info: movie_frames/xy/msol-edot-xy-0019.png  used on input l
ine 26.
(luatex.def)             Requested size: 635.97444pt x 578.15858pt.
<./movie_frames/xy/msol-edot-xy-0019.png> <a0,fr19>
<movie_frames/xy/msol-edot-xy-0020.png, id=84, 635.976pt x 578.16pt>
File: movie_frames/xy/msol-edot-xy-0020.png Graphic file (type png)
<use movie_frames/xy/msol-edot-xy-0020.png>
Package luatex.def Info: movie_frames/xy/msol-edot-xy-0020.png  used on input l
ine 26.
(luatex.def)             Requested size: 635.97444pt x 578.15858pt.
<./movie_frames/xy/msol-edot-xy-0020.png> <a0,fr20>
<movie_frames/xy/msol-edot-xy-0021.png, id=88, 635.976pt x 578.16pt>
File: movie_frames/xy/msol-edot-xy-0021.png Graphic file (type png)
<use movie_frames/xy/msol-edot-xy-0021.png>
Package luatex.def Info: movie_frames/xy/msol-edot-xy-0021.png  used on input l
ine 26.
(luatex.def)             Requested size: 635.97444pt x 578.15858pt.
<./movie_frames/xy/msol-edot-xy-0021.png>
<a0,fr21>
<movie_frames/xy/msol-edot-xy-0022.png, id=92, 635.976pt x 578.16pt>
File: movie_frames/xy/msol-edot-xy-0022.png Graphic file (type png)
<use movie_frames/xy/msol-edot-xy-0022.png>
Package luatex.def Info: movie_frames/xy/msol-edot-xy-0022.png  used on input l
ine 26.
(luatex.def)             Requested size: 635.97444pt x 578.15858pt.
<./movie_frames/xy/msol-edot-xy-0022.png> <a0,fr22>
<movie_frames/xy/msol-edot-xy-0023.png, id=96, 635.976pt x 578.16pt>
File: movie_frames/xy/msol-edot-xy-0023.png Graphic file (type png)
<use movie_frames/xy/msol-edot-xy-0023.png>
Package luatex.def Info: movie_frames/xy/msol-edot-xy-0023.png  used on input l
ine 26.
(luatex.def)             Requested size: 635.97444pt x 578.15858pt.
<./movie_frames/xy/msol-edot-xy-0023.png> <a0,fr23>
<movie_frames/xy/msol-edot-xy-0024.png, id=100, 635.976pt x 578.16pt>
File: movie_frames/xy/msol-edot-xy-0024.png Graphic file (type png)
<use movie_frames/xy/msol-edot-xy-0024.png>
Package luatex.def Info: movie_frames/xy/msol-edot-xy-0024.png  used on input l
ine 26.
(luatex.def)             Requested size: 635.97444pt x 578.15858pt.
<./movie_frames/xy/msol-edot-xy-0024.png>
<a0,fr24>
<movie_frames/xy/msol-edot-xy-0025.png, id=104, 635.976pt x 578.16pt>
File: movie_frames/xy/msol-edot-xy-0025.png Graphic file (type png)
<use movie_frames/xy/msol-edot-xy-0025.png>
Package luatex.def Info: movie_frames/xy/msol-edot-xy-0025.png  used on input l
ine 26.
(luatex.def)             Requested size: 635.97444pt x 578.15858pt.
<./movie_frames/xy/msol-edot-xy-0025.png> <a0,fr25>
<movie_frames/xy/msol-edot-xy-0026.png, id=108, 635.976pt x 578.16pt>
File: movie_frames/xy/msol-edot-xy-0026.png Graphic file (type png)
<use movie_frames/xy/msol-edot-xy-0026.png>
Package luatex.def Info: movie_frames/xy/msol-edot-xy-0026.png  used on input l
ine 26.
(luatex.def)             Requested size: 635.97444pt x 578.15858pt.
<./movie_frames/xy/msol-edot-xy-0026.png> <a0,fr26>
<movie_frames/xy/msol-edot-xy-0027.png, id=112, 635.976pt x 578.16pt>
File: movie_frames/xy/msol-edot-xy-0027.png Graphic file (type png)
<use movie_frames/xy/msol-edot-xy-0027.png>
Package luatex.def Info: movie_frames/xy/msol-edot-xy-0027.png  used on input l
ine 26.
(luatex.def)             Requested size: 635.97444pt x 578.15858pt.
<./movie_frames/xy/msol-edot-xy-0027.png>
<a0,fr27>
<movie_frames/xy/msol-edot-xy-0028.png, id=116, 635.976pt x 578.16pt>
File: movie_frames/xy/msol-edot-xy-0028.png Graphic file (type png)
<use movie_frames/xy/msol-edot-xy-0028.png>
Package luatex.def Info: movie_frames/xy/msol-edot-xy-0028.png  used on input l
ine 26.
(luatex.def)             Requested size: 635.97444pt x 578.15858pt.
<./movie_frames/xy/msol-edot-xy-0028.png> <a0,fr28>
<movie_frames/xy/msol-edot-xy-0029.png, id=120, 635.976pt x 578.16pt>
File: movie_frames/xy/msol-edot-xy-0029.png Graphic file (type png)
<use movie_frames/xy/msol-edot-xy-0029.png>
Package luatex.def Info: movie_frames/xy/msol-edot-xy-0029.png  used on input l
ine 26.
(luatex.def)             Requested size: 635.97444pt x 578.15858pt.
<./movie_frames/xy/msol-edot-xy-0029.png> <a0,fr29>
<movie_frames/xy/msol-edot-xy-0030.png, id=124, 635.976pt x 578.16pt>
File: movie_frames/xy/msol-edot-xy-0030.png Graphic file (type png)
<use movie_frames/xy/msol-edot-xy-0030.png>
Package luatex.def Info: movie_frames/xy/msol-edot-xy-0030.png  used on input l
ine 26.
(luatex.def)             Requested size: 635.97444pt x 578.15858pt.
<./movie_frames/xy/msol-edot-xy-0030.png>
<a0,fr30>
<movie_frames/xy/msol-edot-xy-0031.png, id=128, 635.976pt x 578.16pt>
File: movie_frames/xy/msol-edot-xy-0031.png Graphic file (type png)
<use movie_frames/xy/msol-edot-xy-0031.png>
Package luatex.def Info: movie_frames/xy/msol-edot-xy-0031.png  used on input l
ine 26.
(luatex.def)             Requested size: 635.97444pt x 578.15858pt.
<./movie_frames/xy/msol-edot-xy-0031.png> <a0,fr31>
<movie_frames/xy/msol-edot-xy-0032.png, id=132, 635.976pt x 578.16pt>
File: movie_frames/xy/msol-edot-xy-0032.png Graphic file (type png)
<use movie_frames/xy/msol-edot-xy-0032.png>
Package luatex.def Info: movie_frames/xy/msol-edot-xy-0032.png  used on input l
ine 26.
(luatex.def)             Requested size: 635.97444pt x 578.15858pt.
<./movie_frames/xy/msol-edot-xy-0032.png> <a0,fr32>
<movie_frames/xy/msol-edot-xy-0033.png, id=136, 635.976pt x 578.16pt>
File: movie_frames/xy/msol-edot-xy-0033.png Graphic file (type png)
<use movie_frames/xy/msol-edot-xy-0033.png>
Package luatex.def Info: movie_frames/xy/msol-edot-xy-0033.png  used on input l
ine 26.
(luatex.def)             Requested size: 635.97444pt x 578.15858pt.
<./movie_frames/xy/msol-edot-xy-0033.png>
<a0,fr33>
<movie_frames/xy/msol-edot-xy-0034.png, id=140, 635.976pt x 578.16pt>
File: movie_frames/xy/msol-edot-xy-0034.png Graphic file (type png)
<use movie_frames/xy/msol-edot-xy-0034.png>
Package luatex.def Info: movie_frames/xy/msol-edot-xy-0034.png  used on input l
ine 26.
(luatex.def)             Requested size: 635.97444pt x 578.15858pt.
<./movie_frames/xy/msol-edot-xy-0034.png> <a0,fr34>
<movie_frames/xy/msol-edot-xy-0035.png, id=144, 635.976pt x 578.16pt>
File: movie_frames/xy/msol-edot-xy-0035.png Graphic file (type png)
<use movie_frames/xy/msol-edot-xy-0035.png>
Package luatex.def Info: movie_frames/xy/msol-edot-xy-0035.png  used on input l
ine 26.
(luatex.def)             Requested size: 635.97444pt x 578.15858pt.
<./movie_frames/xy/msol-edot-xy-0035.png> <a0,fr35>
<movie_frames/xy/msol-edot-xy-0036.png, id=148, 635.976pt x 578.16pt>
File: movie_frames/xy/msol-edot-xy-0036.png Graphic file (type png)
<use movie_frames/xy/msol-edot-xy-0036.png>
Package luatex.def Info: movie_frames/xy/msol-edot-xy-0036.png  used on input l
ine 26.
(luatex.def)             Requested size: 635.97444pt x 578.15858pt.
<./movie_frames/xy/msol-edot-xy-0036.png>
<a0,fr36>
<movie_frames/xy/msol-edot-xy-0037.png, id=152, 635.976pt x 578.16pt>
File: movie_frames/xy/msol-edot-xy-0037.png Graphic file (type png)
<use movie_frames/xy/msol-edot-xy-0037.png>
Package luatex.def Info: movie_frames/xy/msol-edot-xy-0037.png  used on input l
ine 26.
(luatex.def)             Requested size: 635.97444pt x 578.15858pt.
<./movie_frames/xy/msol-edot-xy-0037.png> <a0,fr37>
<movie_frames/xy/msol-edot-xy-0038.png, id=156, 635.976pt x 578.16pt>
File: movie_frames/xy/msol-edot-xy-0038.png Graphic file (type png)
<use movie_frames/xy/msol-edot-xy-0038.png>
Package luatex.def Info: movie_frames/xy/msol-edot-xy-0038.png  used on input l
ine 26.
(luatex.def)             Requested size: 635.97444pt x 578.15858pt.
<./movie_frames/xy/msol-edot-xy-0038.png> <a0,fr38>
<movie_frames/xy/msol-edot-xy-0039.png, id=160, 635.976pt x 578.16pt>
File: movie_frames/xy/msol-edot-xy-0039.png Graphic file (type png)
<use movie_frames/xy/msol-edot-xy-0039.png>
Package luatex.def Info: movie_frames/xy/msol-edot-xy-0039.png  used on input l
ine 26.
(luatex.def)             Requested size: 635.97444pt x 578.15858pt.
<./movie_frames/xy/msol-edot-xy-0039.png>
<a0,fr39>
<movie_frames/xy/msol-edot-xy-0040.png, id=164, 635.976pt x 578.16pt>
File: movie_frames/xy/msol-edot-xy-0040.png Graphic file (type png)
<use movie_frames/xy/msol-edot-xy-0040.png>
Package luatex.def Info: movie_frames/xy/msol-edot-xy-0040.png  used on input l
ine 26.
(luatex.def)             Requested size: 635.97444pt x 578.15858pt.
<./movie_frames/xy/msol-edot-xy-0040.png> <a0,fr40>
<movie_frames/xy/msol-edot-xy-0041.png, id=168, 635.976pt x 578.16pt>
File: movie_frames/xy/msol-edot-xy-0041.png Graphic file (type png)
<use movie_frames/xy/msol-edot-xy-0041.png>
Package luatex.def Info: movie_frames/xy/msol-edot-xy-0041.png  used on input l
ine 26.
(luatex.def)             Requested size: 635.97444pt x 578.15858pt.
<./movie_frames/xy/msol-edot-xy-0041.png> <a0,fr41>
<movie_frames/xy/msol-edot-xy-0042.png, id=172, 635.976pt x 578.16pt>
File: movie_frames/xy/msol-edot-xy-0042.png Graphic file (type png)
<use movie_frames/xy/msol-edot-xy-0042.png>
Package luatex.def Info: movie_frames/xy/msol-edot-xy-0042.png  used on input l
ine 26.
(luatex.def)             Requested size: 635.97444pt x 578.15858pt.
<./movie_frames/xy/msol-edot-xy-0042.png>
<a0,fr42>
<movie_frames/xy/msol-edot-xy-0043.png, id=176, 635.976pt x 578.16pt>
File: movie_frames/xy/msol-edot-xy-0043.png Graphic file (type png)
<use movie_frames/xy/msol-edot-xy-0043.png>
Package luatex.def Info: movie_frames/xy/msol-edot-xy-0043.png  used on input l
ine 26.
(luatex.def)             Requested size: 635.97444pt x 578.15858pt.
<./movie_frames/xy/msol-edot-xy-0043.png> <a0,fr43>
<movie_frames/xy/msol-edot-xy-0044.png, id=180, 635.976pt x 578.16pt>
File: movie_frames/xy/msol-edot-xy-0044.png Graphic file (type png)
<use movie_frames/xy/msol-edot-xy-0044.png>
Package luatex.def Info: movie_frames/xy/msol-edot-xy-0044.png  used on input l
ine 26.
(luatex.def)             Requested size: 635.97444pt x 578.15858pt.
<./movie_frames/xy/msol-edot-xy-0044.png> <a0,fr44>
<movie_frames/xy/msol-edot-xy-0045.png, id=184, 635.976pt x 578.16pt>
File: movie_frames/xy/msol-edot-xy-0045.png Graphic file (type png)
<use movie_frames/xy/msol-edot-xy-0045.png>
Package luatex.def Info: movie_frames/xy/msol-edot-xy-0045.png  used on input l
ine 26.
(luatex.def)             Requested size: 635.97444pt x 578.15858pt.
<./movie_frames/xy/msol-edot-xy-0045.png>
<a0,fr45>
<movie_frames/xy/msol-edot-xy-0046.png, id=188, 635.976pt x 578.16pt>
File: movie_frames/xy/msol-edot-xy-0046.png Graphic file (type png)
<use movie_frames/xy/msol-edot-xy-0046.png>
Package luatex.def Info: movie_frames/xy/msol-edot-xy-0046.png  used on input l
ine 26.
(luatex.def)             Requested size: 635.97444pt x 578.15858pt.
<./movie_frames/xy/msol-edot-xy-0046.png> <a0,fr46>
<movie_frames/xy/msol-edot-xy-0047.png, id=192, 635.976pt x 578.16pt>
File: movie_frames/xy/msol-edot-xy-0047.png Graphic file (type png)
<use movie_frames/xy/msol-edot-xy-0047.png>
Package luatex.def Info: movie_frames/xy/msol-edot-xy-0047.png  used on input l
ine 26.
(luatex.def)             Requested size: 635.97444pt x 578.15858pt.
<./movie_frames/xy/msol-edot-xy-0047.png> <a0,fr47>
<movie_frames/xy/msol-edot-xy-0048.png, id=196, 635.976pt x 578.16pt>
File: movie_frames/xy/msol-edot-xy-0048.png Graphic file (type png)
<use movie_frames/xy/msol-edot-xy-0048.png>
Package luatex.def Info: movie_frames/xy/msol-edot-xy-0048.png  used on input l
ine 26.
(luatex.def)             Requested size: 635.97444pt x 578.15858pt.
<./movie_frames/xy/msol-edot-xy-0048.png>
<a0,fr48>
<movie_frames/xy/msol-edot-xy-0049.png, id=200, 635.976pt x 578.16pt>
File: movie_frames/xy/msol-edot-xy-0049.png Graphic file (type png)
<use movie_frames/xy/msol-edot-xy-0049.png>
Package luatex.def Info: movie_frames/xy/msol-edot-xy-0049.png  used on input l
ine 26.
(luatex.def)             Requested size: 635.97444pt x 578.15858pt.
<./movie_frames/xy/msol-edot-xy-0049.png> <a0,fr49>
<movie_frames/xy/msol-edot-xy-0050.png, id=204, 635.976pt x 578.16pt>
File: movie_frames/xy/msol-edot-xy-0050.png Graphic file (type png)
<use movie_frames/xy/msol-edot-xy-0050.png>
Package luatex.def Info: movie_frames/xy/msol-edot-xy-0050.png  used on input l
ine 26.
(luatex.def)             Requested size: 635.97444pt x 578.15858pt.
<./movie_frames/xy/msol-edot-xy-0050.png> <a0,fr50>
<movie_frames/xy/msol-edot-xy-0051.png, id=208, 635.976pt x 578.16pt>
File: movie_frames/xy/msol-edot-xy-0051.png Graphic file (type png)
<use movie_frames/xy/msol-edot-xy-0051.png>
Package luatex.def Info: movie_frames/xy/msol-edot-xy-0051.png  used on input l
ine 26.
(luatex.def)             Requested size: 635.97444pt x 578.15858pt.
<./movie_frames/xy/msol-edot-xy-0051.png>
<a0,fr51>
<movie_frames/xy/msol-edot-xy-0052.png, id=212, 635.976pt x 578.16pt>
File: movie_frames/xy/msol-edot-xy-0052.png Graphic file (type png)
<use movie_frames/xy/msol-edot-xy-0052.png>
Package luatex.def Info: movie_frames/xy/msol-edot-xy-0052.png  used on input l
ine 26.
(luatex.def)             Requested size: 635.97444pt x 578.15858pt.
<./movie_frames/xy/msol-edot-xy-0052.png> <a0,fr52>
<movie_frames/xy/msol-edot-xy-0053.png, id=216, 635.976pt x 578.16pt>
File: movie_frames/xy/msol-edot-xy-0053.png Graphic file (type png)
<use movie_frames/xy/msol-edot-xy-0053.png>
Package luatex.def Info: movie_frames/xy/msol-edot-xy-0053.png  used on input l
ine 26.
(luatex.def)             Requested size: 635.97444pt x 578.15858pt.
<./movie_frames/xy/msol-edot-xy-0053.png> <a0,fr53>
<movie_frames/xy/msol-edot-xy-0054.png, id=220, 635.976pt x 578.16pt>
File: movie_frames/xy/msol-edot-xy-0054.png Graphic file (type png)
<use movie_frames/xy/msol-edot-xy-0054.png>
Package luatex.def Info: movie_frames/xy/msol-edot-xy-0054.png  used on input l
ine 26.
(luatex.def)             Requested size: 635.97444pt x 578.15858pt.
<./movie_frames/xy/msol-edot-xy-0054.png>
<a0,fr54>
<movie_frames/xy/msol-edot-xy-0055.png, id=224, 635.976pt x 578.16pt>
File: movie_frames/xy/msol-edot-xy-0055.png Graphic file (type png)
<use movie_frames/xy/msol-edot-xy-0055.png>
Package luatex.def Info: movie_frames/xy/msol-edot-xy-0055.png  used on input l
ine 26.
(luatex.def)             Requested size: 635.97444pt x 578.15858pt.
<./movie_frames/xy/msol-edot-xy-0055.png> <a0,fr55>
<movie_frames/xy/msol-edot-xy-0056.png, id=228, 635.976pt x 578.16pt>
File: movie_frames/xy/msol-edot-xy-0056.png Graphic file (type png)
<use movie_frames/xy/msol-edot-xy-0056.png>
Package luatex.def Info: movie_frames/xy/msol-edot-xy-0056.png  used on input l
ine 26.
(luatex.def)             Requested size: 635.97444pt x 578.15858pt.
<./movie_frames/xy/msol-edot-xy-0056.png> <a0,fr56>
<movie_frames/xy/msol-edot-xy-0057.png, id=232, 635.976pt x 578.16pt>
File: movie_frames/xy/msol-edot-xy-0057.png Graphic file (type png)
<use movie_frames/xy/msol-edot-xy-0057.png>
Package luatex.def Info: movie_frames/xy/msol-edot-xy-0057.png  used on input l
ine 26.
(luatex.def)             Requested size: 635.97444pt x 578.15858pt.
<./movie_frames/xy/msol-edot-xy-0057.png>
<a0,fr57>
<movie_frames/xy/msol-edot-xy-0058.png, id=236, 635.976pt x 578.16pt>
File: movie_frames/xy/msol-edot-xy-0058.png Graphic file (type png)
<use movie_frames/xy/msol-edot-xy-0058.png>
Package luatex.def Info: movie_frames/xy/msol-edot-xy-0058.png  used on input l
ine 26.
(luatex.def)             Requested size: 635.97444pt x 578.15858pt.
<./movie_frames/xy/msol-edot-xy-0058.png> <a0,fr58>
<movie_frames/xy/msol-edot-xy-0059.png, id=240, 635.976pt x 578.16pt>
File: movie_frames/xy/msol-edot-xy-0059.png Graphic file (type png)
<use movie_frames/xy/msol-edot-xy-0059.png>
Package luatex.def Info: movie_frames/xy/msol-edot-xy-0059.png  used on input l
ine 26.
(luatex.def)             Requested size: 635.97444pt x 578.15858pt.
<./movie_frames/xy/msol-edot-xy-0059.png> <a0,fr59>
<movie_frames/xy/msol-edot-xy-0060.png, id=244, 635.976pt x 578.16pt>
File: movie_frames/xy/msol-edot-xy-0060.png Graphic file (type png)
<use movie_frames/xy/msol-edot-xy-0060.png>
Package luatex.def Info: movie_frames/xy/msol-edot-xy-0060.png  used on input l
ine 26.
(luatex.def)             Requested size: 635.97444pt x 578.15858pt.
<./movie_frames/xy/msol-edot-xy-0060.png>
<a0,fr60>
<movie_frames/xy/msol-edot-xy-0061.png, id=248, 635.976pt x 578.16pt>
File: movie_frames/xy/msol-edot-xy-0061.png Graphic file (type png)
<use movie_frames/xy/msol-edot-xy-0061.png>
Package luatex.def Info: movie_frames/xy/msol-edot-xy-0061.png  used on input l
ine 26.
(luatex.def)             Requested size: 635.97444pt x 578.15858pt.
<./movie_frames/xy/msol-edot-xy-0061.png> <a0,fr61>
<movie_frames/xy/msol-edot-xy-0062.png, id=252, 635.976pt x 578.16pt>
File: movie_frames/xy/msol-edot-xy-0062.png Graphic file (type png)
<use movie_frames/xy/msol-edot-xy-0062.png>
Package luatex.def Info: movie_frames/xy/msol-edot-xy-0062.png  used on input l
ine 26.
(luatex.def)             Requested size: 635.97444pt x 578.15858pt.
<./movie_frames/xy/msol-edot-xy-0062.png> <a0,fr62>
<movie_frames/xy/msol-edot-xy-0063.png, id=256, 635.976pt x 578.16pt>
File: movie_frames/xy/msol-edot-xy-0063.png Graphic file (type png)
<use movie_frames/xy/msol-edot-xy-0063.png>
Package luatex.def Info: movie_frames/xy/msol-edot-xy-0063.png  used on input l
ine 26.
(luatex.def)             Requested size: 635.97444pt x 578.15858pt.
<./movie_frames/xy/msol-edot-xy-0063.png>
<a0,fr63>
<movie_frames/xy/msol-edot-xy-0064.png, id=260, 635.976pt x 578.16pt>
File: movie_frames/xy/msol-edot-xy-0064.png Graphic file (type png)
<use movie_frames/xy/msol-edot-xy-0064.png>
Package luatex.def Info: movie_frames/xy/msol-edot-xy-0064.png  used on input l
ine 26.
(luatex.def)             Requested size: 635.97444pt x 578.15858pt.
<./movie_frames/xy/msol-edot-xy-0064.png> <a0,fr64>
<movie_frames/xy/msol-edot-xy-0065.png, id=264, 635.976pt x 578.16pt>
File: movie_frames/xy/msol-edot-xy-0065.png Graphic file (type png)
<use movie_frames/xy/msol-edot-xy-0065.png>
Package luatex.def Info: movie_frames/xy/msol-edot-xy-0065.png  used on input l
ine 26.
(luatex.def)             Requested size: 635.97444pt x 578.15858pt.
<./movie_frames/xy/msol-edot-xy-0065.png> <a0,fr65>
<movie_frames/xy/msol-edot-xy-0066.png, id=268, 635.976pt x 578.16pt>
File: movie_frames/xy/msol-edot-xy-0066.png Graphic file (type png)
<use movie_frames/xy/msol-edot-xy-0066.png>
Package luatex.def Info: movie_frames/xy/msol-edot-xy-0066.png  used on input l
ine 26.
(luatex.def)             Requested size: 635.97444pt x 578.15858pt.
<./movie_frames/xy/msol-edot-xy-0066.png>
<a0,fr66>
<movie_frames/xy/msol-edot-xy-0067.png, id=272, 635.976pt x 578.16pt>
File: movie_frames/xy/msol-edot-xy-0067.png Graphic file (type png)
<use movie_frames/xy/msol-edot-xy-0067.png>
Package luatex.def Info: movie_frames/xy/msol-edot-xy-0067.png  used on input l
ine 26.
(luatex.def)             Requested size: 635.97444pt x 578.15858pt.
<./movie_frames/xy/msol-edot-xy-0067.png> <a0,fr67>
<movie_frames/xy/msol-edot-xy-0068.png, id=276, 635.976pt x 578.16pt>
File: movie_frames/xy/msol-edot-xy-0068.png Graphic file (type png)
<use movie_frames/xy/msol-edot-xy-0068.png>
Package luatex.def Info: movie_frames/xy/msol-edot-xy-0068.png  used on input l
ine 26.
(luatex.def)             Requested size: 635.97444pt x 578.15858pt.
<./movie_frames/xy/msol-edot-xy-0068.png> <a0,fr68>
<movie_frames/xy/msol-edot-xy-0069.png, id=280, 635.976pt x 578.16pt>
File: movie_frames/xy/msol-edot-xy-0069.png Graphic file (type png)
<use movie_frames/xy/msol-edot-xy-0069.png>
Package luatex.def Info: movie_frames/xy/msol-edot-xy-0069.png  used on input l
ine 26.
(luatex.def)             Requested size: 635.97444pt x 578.15858pt.
<./movie_frames/xy/msol-edot-xy-0069.png>
<a0,fr69>
<movie_frames/xy/msol-edot-xy-0070.png, id=284, 635.976pt x 578.16pt>
File: movie_frames/xy/msol-edot-xy-0070.png Graphic file (type png)
<use movie_frames/xy/msol-edot-xy-0070.png>
Package luatex.def Info: movie_frames/xy/msol-edot-xy-0070.png  used on input l
ine 26.
(luatex.def)             Requested size: 635.97444pt x 578.15858pt.
<./movie_frames/xy/msol-edot-xy-0070.png> <a0,fr70>
<movie_frames/xy/msol-edot-xy-0071.png, id=288, 635.976pt x 578.16pt>
File: movie_frames/xy/msol-edot-xy-0071.png Graphic file (type png)
<use movie_frames/xy/msol-edot-xy-0071.png>
Package luatex.def Info: movie_frames/xy/msol-edot-xy-0071.png  used on input l
ine 26.
(luatex.def)             Requested size: 635.97444pt x 578.15858pt.
<./movie_frames/xy/msol-edot-xy-0071.png> <a0,fr71>
<movie_frames/xy/msol-edot-xy-0072.png, id=292, 635.976pt x 578.16pt>
File: movie_frames/xy/msol-edot-xy-0072.png Graphic file (type png)
<use movie_frames/xy/msol-edot-xy-0072.png>
Package luatex.def Info: movie_frames/xy/msol-edot-xy-0072.png  used on input l
ine 26.
(luatex.def)             Requested size: 635.97444pt x 578.15858pt.
<./movie_frames/xy/msol-edot-xy-0072.png>
<a0,fr72>
<movie_frames/xy/msol-edot-xy-0073.png, id=296, 635.976pt x 578.16pt>
File: movie_frames/xy/msol-edot-xy-0073.png Graphic file (type png)
<use movie_frames/xy/msol-edot-xy-0073.png>
Package luatex.def Info: movie_frames/xy/msol-edot-xy-0073.png  used on input l
ine 26.
(luatex.def)             Requested size: 635.97444pt x 578.15858pt.
<./movie_frames/xy/msol-edot-xy-0073.png> <a0,fr73>
<movie_frames/xy/msol-edot-xy-0074.png, id=300, 635.976pt x 578.16pt>
File: movie_frames/xy/msol-edot-xy-0074.png Graphic file (type png)
<use movie_frames/xy/msol-edot-xy-0074.png>
Package luatex.def Info: movie_frames/xy/msol-edot-xy-0074.png  used on input l
ine 26.
(luatex.def)             Requested size: 635.97444pt x 578.15858pt.
<./movie_frames/xy/msol-edot-xy-0074.png> <a0,fr74>
<movie_frames/xy/msol-edot-xy-0075.png, id=304, 635.976pt x 578.16pt>
File: movie_frames/xy/msol-edot-xy-0075.png Graphic file (type png)
<use movie_frames/xy/msol-edot-xy-0075.png>
Package luatex.def Info: movie_frames/xy/msol-edot-xy-0075.png  used on input l
ine 26.
(luatex.def)             Requested size: 635.97444pt x 578.15858pt.
<./movie_frames/xy/msol-edot-xy-0075.png>
<a0,fr75>
<movie_frames/zr/msol-edot-zr-0000.png, id=414, 679.338pt x 549.252pt>
File: movie_frames/zr/msol-edot-zr-0000.png Graphic file (type png)
<use movie_frames/zr/msol-edot-zr-0000.png>
Package luatex.def Info: movie_frames/zr/msol-edot-zr-0000.png  used on input l
ine 37.
(luatex.def)             Requested size: 679.33633pt x 549.25066pt.
<./movie_frames/zr/msol-edot-zr-0000.png> <a1,fr0>
<movie_frames/zr/msol-edot-zr-0001.png, id=418, 679.338pt x 549.252pt>
File: movie_frames/zr/msol-edot-zr-0001.png Graphic file (type png)
<use movie_frames/zr/msol-edot-zr-0001.png>
Package luatex.def Info: movie_frames/zr/msol-edot-zr-0001.png  used on input l
ine 37.
(luatex.def)             Requested size: 679.33633pt x 549.25066pt.
<./movie_frames/zr/msol-edot-zr-0001.png> <a1,fr1>
<movie_frames/zr/msol-edot-zr-0002.png, id=422, 679.338pt x 549.252pt>
File: movie_frames/zr/msol-edot-zr-0002.png Graphic file (type png)
<use movie_frames/zr/msol-edot-zr-0002.png>
Package luatex.def Info: movie_frames/zr/msol-edot-zr-0002.png  used on input l
ine 37.
(luatex.def)             Requested size: 679.33633pt x 549.25066pt.
<./movie_frames/zr/msol-edot-zr-0002.png>
<a1,fr2>
<movie_frames/zr/msol-edot-zr-0003.png, id=426, 679.338pt x 549.252pt>
File: movie_frames/zr/msol-edot-zr-0003.png Graphic file (type png)
<use movie_frames/zr/msol-edot-zr-0003.png>
Package luatex.def Info: movie_frames/zr/msol-edot-zr-0003.png  used on input l
ine 37.
(luatex.def)             Requested size: 679.33633pt x 549.25066pt.
<./movie_frames/zr/msol-edot-zr-0003.png> <a1,fr3>
<movie_frames/zr/msol-edot-zr-0004.png, id=430, 679.338pt x 549.252pt>
File: movie_frames/zr/msol-edot-zr-0004.png Graphic file (type png)
<use movie_frames/zr/msol-edot-zr-0004.png>
Package luatex.def Info: movie_frames/zr/msol-edot-zr-0004.png  used on input l
ine 37.
(luatex.def)             Requested size: 679.33633pt x 549.25066pt.
<./movie_frames/zr/msol-edot-zr-0004.png> <a1,fr4>
<movie_frames/zr/msol-edot-zr-0005.png, id=434, 679.338pt x 549.252pt>
File: movie_frames/zr/msol-edot-zr-0005.png Graphic file (type png)
<use movie_frames/zr/msol-edot-zr-0005.png>
Package luatex.def Info: movie_frames/zr/msol-edot-zr-0005.png  used on input l
ine 37.
(luatex.def)             Requested size: 679.33633pt x 549.25066pt.
<./movie_frames/zr/msol-edot-zr-0005.png>
<a1,fr5>
<movie_frames/zr/msol-edot-zr-0006.png, id=438, 679.338pt x 549.252pt>
File: movie_frames/zr/msol-edot-zr-0006.png Graphic file (type png)
<use movie_frames/zr/msol-edot-zr-0006.png>
Package luatex.def Info: movie_frames/zr/msol-edot-zr-0006.png  used on input l
ine 37.
(luatex.def)             Requested size: 679.33633pt x 549.25066pt.
<./movie_frames/zr/msol-edot-zr-0006.png> <a1,fr6>
<movie_frames/zr/msol-edot-zr-0007.png, id=442, 679.338pt x 549.252pt>
File: movie_frames/zr/msol-edot-zr-0007.png Graphic file (type png)
<use movie_frames/zr/msol-edot-zr-0007.png>
Package luatex.def Info: movie_frames/zr/msol-edot-zr-0007.png  used on input l
ine 37.
(luatex.def)             Requested size: 679.33633pt x 549.25066pt.
<./movie_frames/zr/msol-edot-zr-0007.png> <a1,fr7>
<movie_frames/zr/msol-edot-zr-0008.png, id=446, 679.338pt x 549.252pt>
File: movie_frames/zr/msol-edot-zr-0008.png Graphic file (type png)
<use movie_frames/zr/msol-edot-zr-0008.png>
Package luatex.def Info: movie_frames/zr/msol-edot-zr-0008.png  used on input l
ine 37.
(luatex.def)             Requested size: 679.33633pt x 549.25066pt.
<./movie_frames/zr/msol-edot-zr-0008.png>
<a1,fr8>
<movie_frames/zr/msol-edot-zr-0009.png, id=450, 679.338pt x 549.252pt>
File: movie_frames/zr/msol-edot-zr-0009.png Graphic file (type png)
<use movie_frames/zr/msol-edot-zr-0009.png>
Package luatex.def Info: movie_frames/zr/msol-edot-zr-0009.png  used on input l
ine 37.
(luatex.def)             Requested size: 679.33633pt x 549.25066pt.
<./movie_frames/zr/msol-edot-zr-0009.png> <a1,fr9>
<movie_frames/zr/msol-edot-zr-0010.png, id=454, 679.338pt x 549.252pt>
File: movie_frames/zr/msol-edot-zr-0010.png Graphic file (type png)
<use movie_frames/zr/msol-edot-zr-0010.png>
Package luatex.def Info: movie_frames/zr/msol-edot-zr-0010.png  used on input l
ine 37.
(luatex.def)             Requested size: 679.33633pt x 549.25066pt.
<./movie_frames/zr/msol-edot-zr-0010.png> <a1,fr10>
<movie_frames/zr/msol-edot-zr-0011.png, id=458, 679.338pt x 549.252pt>
File: movie_frames/zr/msol-edot-zr-0011.png Graphic file (type png)
<use movie_frames/zr/msol-edot-zr-0011.png>
Package luatex.def Info: movie_frames/zr/msol-edot-zr-0011.png  used on input l
ine 37.
(luatex.def)             Requested size: 679.33633pt x 549.25066pt.
<./movie_frames/zr/msol-edot-zr-0011.png>
<a1,fr11>
<movie_frames/zr/msol-edot-zr-0012.png, id=462, 679.338pt x 549.252pt>
File: movie_frames/zr/msol-edot-zr-0012.png Graphic file (type png)
<use movie_frames/zr/msol-edot-zr-0012.png>
Package luatex.def Info: movie_frames/zr/msol-edot-zr-0012.png  used on input l
ine 37.
(luatex.def)             Requested size: 679.33633pt x 549.25066pt.
<./movie_frames/zr/msol-edot-zr-0012.png> <a1,fr12>
<movie_frames/zr/msol-edot-zr-0013.png, id=466, 679.338pt x 549.252pt>
File: movie_frames/zr/msol-edot-zr-0013.png Graphic file (type png)
<use movie_frames/zr/msol-edot-zr-0013.png>
Package luatex.def Info: movie_frames/zr/msol-edot-zr-0013.png  used on input l
ine 37.
(luatex.def)             Requested size: 679.33633pt x 549.25066pt.
<./movie_frames/zr/msol-edot-zr-0013.png> <a1,fr13>
<movie_frames/zr/msol-edot-zr-0014.png, id=470, 679.338pt x 549.252pt>
File: movie_frames/zr/msol-edot-zr-0014.png Graphic file (type png)
<use movie_frames/zr/msol-edot-zr-0014.png>
Package luatex.def Info: movie_frames/zr/msol-edot-zr-0014.png  used on input l
ine 37.
(luatex.def)             Requested size: 679.33633pt x 549.25066pt.
<./movie_frames/zr/msol-edot-zr-0014.png>
<a1,fr14>
<movie_frames/zr/msol-edot-zr-0015.png, id=474, 679.338pt x 549.252pt>
File: movie_frames/zr/msol-edot-zr-0015.png Graphic file (type png)
<use movie_frames/zr/msol-edot-zr-0015.png>
Package luatex.def Info: movie_frames/zr/msol-edot-zr-0015.png  used on input l
ine 37.
(luatex.def)             Requested size: 679.33633pt x 549.25066pt.
<./movie_frames/zr/msol-edot-zr-0015.png> <a1,fr15>
<movie_frames/zr/msol-edot-zr-0016.png, id=478, 679.338pt x 549.252pt>
File: movie_frames/zr/msol-edot-zr-0016.png Graphic file (type png)
<use movie_frames/zr/msol-edot-zr-0016.png>
Package luatex.def Info: movie_frames/zr/msol-edot-zr-0016.png  used on input l
ine 37.
(luatex.def)             Requested size: 679.33633pt x 549.25066pt.
<./movie_frames/zr/msol-edot-zr-0016.png> <a1,fr16>
<movie_frames/zr/msol-edot-zr-0017.png, id=482, 679.338pt x 549.252pt>
File: movie_frames/zr/msol-edot-zr-0017.png Graphic file (type png)
<use movie_frames/zr/msol-edot-zr-0017.png>
Package luatex.def Info: movie_frames/zr/msol-edot-zr-0017.png  used on input l
ine 37.
(luatex.def)             Requested size: 679.33633pt x 549.25066pt.
<./movie_frames/zr/msol-edot-zr-0017.png>
<a1,fr17>
<movie_frames/zr/msol-edot-zr-0018.png, id=486, 679.338pt x 549.252pt>
File: movie_frames/zr/msol-edot-zr-0018.png Graphic file (type png)
<use movie_frames/zr/msol-edot-zr-0018.png>
Package luatex.def Info: movie_frames/zr/msol-edot-zr-0018.png  used on input l
ine 37.
(luatex.def)             Requested size: 679.33633pt x 549.25066pt.
<./movie_frames/zr/msol-edot-zr-0018.png> <a1,fr18>
<movie_frames/zr/msol-edot-zr-0019.png, id=490, 679.338pt x 549.252pt>
File: movie_frames/zr/msol-edot-zr-0019.png Graphic file (type png)
<use movie_frames/zr/msol-edot-zr-0019.png>
Package luatex.def Info: movie_frames/zr/msol-edot-zr-0019.png  used on input l
ine 37.
(luatex.def)             Requested size: 679.33633pt x 549.25066pt.
<./movie_frames/zr/msol-edot-zr-0019.png> <a1,fr19>
<movie_frames/zr/msol-edot-zr-0020.png, id=494, 679.338pt x 549.252pt>
File: movie_frames/zr/msol-edot-zr-0020.png Graphic file (type png)
<use movie_frames/zr/msol-edot-zr-0020.png>
Package luatex.def Info: movie_frames/zr/msol-edot-zr-0020.png  used on input l
ine 37.
(luatex.def)             Requested size: 679.33633pt x 549.25066pt.
<./movie_frames/zr/msol-edot-zr-0020.png>
<a1,fr20>
<movie_frames/zr/msol-edot-zr-0021.png, id=498, 679.338pt x 549.252pt>
File: movie_frames/zr/msol-edot-zr-0021.png Graphic file (type png)
<use movie_frames/zr/msol-edot-zr-0021.png>
Package luatex.def Info: movie_frames/zr/msol-edot-zr-0021.png  used on input l
ine 37.
(luatex.def)             Requested size: 679.33633pt x 549.25066pt.
<./movie_frames/zr/msol-edot-zr-0021.png> <a1,fr21>
<movie_frames/zr/msol-edot-zr-0022.png, id=502, 679.338pt x 549.252pt>
File: movie_frames/zr/msol-edot-zr-0022.png Graphic file (type png)
<use movie_frames/zr/msol-edot-zr-0022.png>
Package luatex.def Info: movie_frames/zr/msol-edot-zr-0022.png  used on input l
ine 37.
(luatex.def)             Requested size: 679.33633pt x 549.25066pt.
<./movie_frames/zr/msol-edot-zr-0022.png> <a1,fr22>
<movie_frames/zr/msol-edot-zr-0023.png, id=507, 679.338pt x 549.252pt>
File: movie_frames/zr/msol-edot-zr-0023.png Graphic file (type png)
<use movie_frames/zr/msol-edot-zr-0023.png>
Package luatex.def Info: movie_frames/zr/msol-edot-zr-0023.png  used on input l
ine 37.
(luatex.def)             Requested size: 679.33633pt x 549.25066pt.
<./movie_frames/zr/msol-edot-zr-0023.png>
<a1,fr23>
<movie_frames/zr/msol-edot-zr-0024.png, id=511, 679.338pt x 549.252pt>
File: movie_frames/zr/msol-edot-zr-0024.png Graphic file (type png)
<use movie_frames/zr/msol-edot-zr-0024.png>
Package luatex.def Info: movie_frames/zr/msol-edot-zr-0024.png  used on input l
ine 37.
(luatex.def)             Requested size: 679.33633pt x 549.25066pt.
<./movie_frames/zr/msol-edot-zr-0024.png> <a1,fr24>
<movie_frames/zr/msol-edot-zr-0025.png, id=515, 679.338pt x 549.252pt>
File: movie_frames/zr/msol-edot-zr-0025.png Graphic file (type png)
<use movie_frames/zr/msol-edot-zr-0025.png>
Package luatex.def Info: movie_frames/zr/msol-edot-zr-0025.png  used on input l
ine 37.
(luatex.def)             Requested size: 679.33633pt x 549.25066pt.
<./movie_frames/zr/msol-edot-zr-0025.png> <a1,fr25>
<movie_frames/zr/msol-edot-zr-0026.png, id=519, 679.338pt x 549.252pt>
File: movie_frames/zr/msol-edot-zr-0026.png Graphic file (type png)
<use movie_frames/zr/msol-edot-zr-0026.png>
Package luatex.def Info: movie_frames/zr/msol-edot-zr-0026.png  used on input l
ine 37.
(luatex.def)             Requested size: 679.33633pt x 549.25066pt.
<./movie_frames/zr/msol-edot-zr-0026.png>
<a1,fr26>
<movie_frames/zr/msol-edot-zr-0027.png, id=523, 679.338pt x 549.252pt>
File: movie_frames/zr/msol-edot-zr-0027.png Graphic file (type png)
<use movie_frames/zr/msol-edot-zr-0027.png>
Package luatex.def Info: movie_frames/zr/msol-edot-zr-0027.png  used on input l
ine 37.
(luatex.def)             Requested size: 679.33633pt x 549.25066pt.
<./movie_frames/zr/msol-edot-zr-0027.png> <a1,fr27>
<movie_frames/zr/msol-edot-zr-0028.png, id=527, 679.338pt x 549.252pt>
File: movie_frames/zr/msol-edot-zr-0028.png Graphic file (type png)
<use movie_frames/zr/msol-edot-zr-0028.png>
Package luatex.def Info: movie_frames/zr/msol-edot-zr-0028.png  used on input l
ine 37.
(luatex.def)             Requested size: 679.33633pt x 549.25066pt.
<./movie_frames/zr/msol-edot-zr-0028.png> <a1,fr28>
<movie_frames/zr/msol-edot-zr-0029.png, id=531, 679.338pt x 549.252pt>
File: movie_frames/zr/msol-edot-zr-0029.png Graphic file (type png)
<use movie_frames/zr/msol-edot-zr-0029.png>
Package luatex.def Info: movie_frames/zr/msol-edot-zr-0029.png  used on input l
ine 37.
(luatex.def)             Requested size: 679.33633pt x 549.25066pt.
<./movie_frames/zr/msol-edot-zr-0029.png>
<a1,fr29>
<movie_frames/zr/msol-edot-zr-0030.png, id=535, 679.338pt x 549.252pt>
File: movie_frames/zr/msol-edot-zr-0030.png Graphic file (type png)
<use movie_frames/zr/msol-edot-zr-0030.png>
Package luatex.def Info: movie_frames/zr/msol-edot-zr-0030.png  used on input l
ine 37.
(luatex.def)             Requested size: 679.33633pt x 549.25066pt.
<./movie_frames/zr/msol-edot-zr-0030.png> <a1,fr30>
<movie_frames/zr/msol-edot-zr-0031.png, id=539, 679.338pt x 549.252pt>
File: movie_frames/zr/msol-edot-zr-0031.png Graphic file (type png)
<use movie_frames/zr/msol-edot-zr-0031.png>
Package luatex.def Info: movie_frames/zr/msol-edot-zr-0031.png  used on input l
ine 37.
(luatex.def)             Requested size: 679.33633pt x 549.25066pt.
<./movie_frames/zr/msol-edot-zr-0031.png> <a1,fr31>
<movie_frames/zr/msol-edot-zr-0032.png, id=543, 679.338pt x 549.252pt>
File: movie_frames/zr/msol-edot-zr-0032.png Graphic file (type png)
<use movie_frames/zr/msol-edot-zr-0032.png>
Package luatex.def Info: movie_frames/zr/msol-edot-zr-0032.png  used on input l
ine 37.
(luatex.def)             Requested size: 679.33633pt x 549.25066pt.
<./movie_frames/zr/msol-edot-zr-0032.png>
<a1,fr32>
<movie_frames/zr/msol-edot-zr-0033.png, id=547, 679.338pt x 549.252pt>
File: movie_frames/zr/msol-edot-zr-0033.png Graphic file (type png)
<use movie_frames/zr/msol-edot-zr-0033.png>
Package luatex.def Info: movie_frames/zr/msol-edot-zr-0033.png  used on input l
ine 37.
(luatex.def)             Requested size: 679.33633pt x 549.25066pt.
<./movie_frames/zr/msol-edot-zr-0033.png> <a1,fr33>
<movie_frames/zr/msol-edot-zr-0034.png, id=551, 679.338pt x 549.252pt>
File: movie_frames/zr/msol-edot-zr-0034.png Graphic file (type png)
<use movie_frames/zr/msol-edot-zr-0034.png>
Package luatex.def Info: movie_frames/zr/msol-edot-zr-0034.png  used on input l
ine 37.
(luatex.def)             Requested size: 679.33633pt x 549.25066pt.
<./movie_frames/zr/msol-edot-zr-0034.png> <a1,fr34>
<movie_frames/zr/msol-edot-zr-0035.png, id=555, 679.338pt x 549.252pt>
File: movie_frames/zr/msol-edot-zr-0035.png Graphic file (type png)
<use movie_frames/zr/msol-edot-zr-0035.png>
Package luatex.def Info: movie_frames/zr/msol-edot-zr-0035.png  used on input l
ine 37.
(luatex.def)             Requested size: 679.33633pt x 549.25066pt.
<./movie_frames/zr/msol-edot-zr-0035.png>
<a1,fr35>
<movie_frames/zr/msol-edot-zr-0036.png, id=559, 679.338pt x 549.252pt>
File: movie_frames/zr/msol-edot-zr-0036.png Graphic file (type png)
<use movie_frames/zr/msol-edot-zr-0036.png>
Package luatex.def Info: movie_frames/zr/msol-edot-zr-0036.png  used on input l
ine 37.
(luatex.def)             Requested size: 679.33633pt x 549.25066pt.
<./movie_frames/zr/msol-edot-zr-0036.png> <a1,fr36>
<movie_frames/zr/msol-edot-zr-0037.png, id=563, 679.338pt x 549.252pt>
File: movie_frames/zr/msol-edot-zr-0037.png Graphic file (type png)
<use movie_frames/zr/msol-edot-zr-0037.png>
Package luatex.def Info: movie_frames/zr/msol-edot-zr-0037.png  used on input l
ine 37.
(luatex.def)             Requested size: 679.33633pt x 549.25066pt.
<./movie_frames/zr/msol-edot-zr-0037.png> <a1,fr37>
<movie_frames/zr/msol-edot-zr-0038.png, id=567, 679.338pt x 549.252pt>
File: movie_frames/zr/msol-edot-zr-0038.png Graphic file (type png)
<use movie_frames/zr/msol-edot-zr-0038.png>
Package luatex.def Info: movie_frames/zr/msol-edot-zr-0038.png  used on input l
ine 37.
(luatex.def)             Requested size: 679.33633pt x 549.25066pt.
<./movie_frames/zr/msol-edot-zr-0038.png>
<a1,fr38>
<movie_frames/zr/msol-edot-zr-0039.png, id=571, 679.338pt x 549.252pt>
File: movie_frames/zr/msol-edot-zr-0039.png Graphic file (type png)
<use movie_frames/zr/msol-edot-zr-0039.png>
Package luatex.def Info: movie_frames/zr/msol-edot-zr-0039.png  used on input l
ine 37.
(luatex.def)             Requested size: 679.33633pt x 549.25066pt.
<./movie_frames/zr/msol-edot-zr-0039.png> <a1,fr39>
<movie_frames/zr/msol-edot-zr-0040.png, id=575, 679.338pt x 549.252pt>
File: movie_frames/zr/msol-edot-zr-0040.png Graphic file (type png)
<use movie_frames/zr/msol-edot-zr-0040.png>
Package luatex.def Info: movie_frames/zr/msol-edot-zr-0040.png  used on input l
ine 37.
(luatex.def)             Requested size: 679.33633pt x 549.25066pt.
<./movie_frames/zr/msol-edot-zr-0040.png> <a1,fr40>
<movie_frames/zr/msol-edot-zr-0041.png, id=579, 679.338pt x 549.252pt>
File: movie_frames/zr/msol-edot-zr-0041.png Graphic file (type png)
<use movie_frames/zr/msol-edot-zr-0041.png>
Package luatex.def Info: movie_frames/zr/msol-edot-zr-0041.png  used on input l
ine 37.
(luatex.def)             Requested size: 679.33633pt x 549.25066pt.
<./movie_frames/zr/msol-edot-zr-0041.png>
<a1,fr41>
<movie_frames/zr/msol-edot-zr-0042.png, id=583, 679.338pt x 549.252pt>
File: movie_frames/zr/msol-edot-zr-0042.png Graphic file (type png)
<use movie_frames/zr/msol-edot-zr-0042.png>
Package luatex.def Info: movie_frames/zr/msol-edot-zr-0042.png  used on input l
ine 37.
(luatex.def)             Requested size: 679.33633pt x 549.25066pt.
<./movie_frames/zr/msol-edot-zr-0042.png> <a1,fr42>
<movie_frames/zr/msol-edot-zr-0043.png, id=587, 679.338pt x 549.252pt>
File: movie_frames/zr/msol-edot-zr-0043.png Graphic file (type png)
<use movie_frames/zr/msol-edot-zr-0043.png>
Package luatex.def Info: movie_frames/zr/msol-edot-zr-0043.png  used on input l
ine 37.
(luatex.def)             Requested size: 679.33633pt x 549.25066pt.
<./movie_frames/zr/msol-edot-zr-0043.png> <a1,fr43>
<movie_frames/zr/msol-edot-zr-0044.png, id=591, 679.338pt x 549.252pt>
File: movie_frames/zr/msol-edot-zr-0044.png Graphic file (type png)
<use movie_frames/zr/msol-edot-zr-0044.png>
Package luatex.def Info: movie_frames/zr/msol-edot-zr-0044.png  used on input l
ine 37.
(luatex.def)             Requested size: 679.33633pt x 549.25066pt.
<./movie_frames/zr/msol-edot-zr-0044.png>
<a1,fr44>
<movie_frames/zr/msol-edot-zr-0045.png, id=595, 679.338pt x 549.252pt>
File: movie_frames/zr/msol-edot-zr-0045.png Graphic file (type png)
<use movie_frames/zr/msol-edot-zr-0045.png>
Package luatex.def Info: movie_frames/zr/msol-edot-zr-0045.png  used on input l
ine 37.
(luatex.def)             Requested size: 679.33633pt x 549.25066pt.
<./movie_frames/zr/msol-edot-zr-0045.png> <a1,fr45>
<movie_frames/zr/msol-edot-zr-0046.png, id=599, 679.338pt x 549.252pt>
File: movie_frames/zr/msol-edot-zr-0046.png Graphic file (type png)
<use movie_frames/zr/msol-edot-zr-0046.png>
Package luatex.def Info: movie_frames/zr/msol-edot-zr-0046.png  used on input l
ine 37.
(luatex.def)             Requested size: 679.33633pt x 549.25066pt.
<./movie_frames/zr/msol-edot-zr-0046.png> <a1,fr46>
<movie_frames/zr/msol-edot-zr-0047.png, id=603, 679.338pt x 549.252pt>
File: movie_frames/zr/msol-edot-zr-0047.png Graphic file (type png)
<use movie_frames/zr/msol-edot-zr-0047.png>
Package luatex.def Info: movie_frames/zr/msol-edot-zr-0047.png  used on input l
ine 37.
(luatex.def)             Requested size: 679.33633pt x 549.25066pt.
<./movie_frames/zr/msol-edot-zr-0047.png>
<a1,fr47>
<movie_frames/zr/msol-edot-zr-0048.png, id=607, 679.338pt x 549.252pt>
File: movie_frames/zr/msol-edot-zr-0048.png Graphic file (type png)
<use movie_frames/zr/msol-edot-zr-0048.png>
Package luatex.def Info: movie_frames/zr/msol-edot-zr-0048.png  used on input l
ine 37.
(luatex.def)             Requested size: 679.33633pt x 549.25066pt.
<./movie_frames/zr/msol-edot-zr-0048.png> <a1,fr48>
<movie_frames/zr/msol-edot-zr-0049.png, id=611, 679.338pt x 549.252pt>
File: movie_frames/zr/msol-edot-zr-0049.png Graphic file (type png)
<use movie_frames/zr/msol-edot-zr-0049.png>
Package luatex.def Info: movie_frames/zr/msol-edot-zr-0049.png  used on input l
ine 37.
(luatex.def)             Requested size: 679.33633pt x 549.25066pt.
<./movie_frames/zr/msol-edot-zr-0049.png> <a1,fr49>
<movie_frames/zr/msol-edot-zr-0050.png, id=615, 679.338pt x 549.252pt>
File: movie_frames/zr/msol-edot-zr-0050.png Graphic file (type png)
<use movie_frames/zr/msol-edot-zr-0050.png>
Package luatex.def Info: movie_frames/zr/msol-edot-zr-0050.png  used on input l
ine 37.
(luatex.def)             Requested size: 679.33633pt x 549.25066pt.
<./movie_frames/zr/msol-edot-zr-0050.png>
<a1,fr50>
<movie_frames/zr/msol-edot-zr-0051.png, id=619, 679.338pt x 549.252pt>
File: movie_frames/zr/msol-edot-zr-0051.png Graphic file (type png)
<use movie_frames/zr/msol-edot-zr-0051.png>
Package luatex.def Info: movie_frames/zr/msol-edot-zr-0051.png  used on input l
ine 37.
(luatex.def)             Requested size: 679.33633pt x 549.25066pt.
<./movie_frames/zr/msol-edot-zr-0051.png> <a1,fr51>
<movie_frames/zr/msol-edot-zr-0052.png, id=623, 679.338pt x 549.252pt>
File: movie_frames/zr/msol-edot-zr-0052.png Graphic file (type png)
<use movie_frames/zr/msol-edot-zr-0052.png>
Package luatex.def Info: movie_frames/zr/msol-edot-zr-0052.png  used on input l
ine 37.
(luatex.def)             Requested size: 679.33633pt x 549.25066pt.
<./movie_frames/zr/msol-edot-zr-0052.png> <a1,fr52>
<movie_frames/zr/msol-edot-zr-0053.png, id=627, 679.338pt x 549.252pt>
File: movie_frames/zr/msol-edot-zr-0053.png Graphic file (type png)
<use movie_frames/zr/msol-edot-zr-0053.png>
Package luatex.def Info: movie_frames/zr/msol-edot-zr-0053.png  used on input l
ine 37.
(luatex.def)             Requested size: 679.33633pt x 549.25066pt.
<./movie_frames/zr/msol-edot-zr-0053.png>
<a1,fr53>
<movie_frames/zr/msol-edot-zr-0054.png, id=631, 679.338pt x 549.252pt>
File: movie_frames/zr/msol-edot-zr-0054.png Graphic file (type png)
<use movie_frames/zr/msol-edot-zr-0054.png>
Package luatex.def Info: movie_frames/zr/msol-edot-zr-0054.png  used on input l
ine 37.
(luatex.def)             Requested size: 679.33633pt x 549.25066pt.
<./movie_frames/zr/msol-edot-zr-0054.png> <a1,fr54>
<movie_frames/zr/msol-edot-zr-0055.png, id=635, 679.338pt x 549.252pt>
File: movie_frames/zr/msol-edot-zr-0055.png Graphic file (type png)
<use movie_frames/zr/msol-edot-zr-0055.png>
Package luatex.def Info: movie_frames/zr/msol-edot-zr-0055.png  used on input l
ine 37.
(luatex.def)             Requested size: 679.33633pt x 549.25066pt.
<./movie_frames/zr/msol-edot-zr-0055.png> <a1,fr55>
<movie_frames/zr/msol-edot-zr-0056.png, id=639, 679.338pt x 549.252pt>
File: movie_frames/zr/msol-edot-zr-0056.png Graphic file (type png)
<use movie_frames/zr/msol-edot-zr-0056.png>
Package luatex.def Info: movie_frames/zr/msol-edot-zr-0056.png  used on input l
ine 37.
(luatex.def)             Requested size: 679.33633pt x 549.25066pt.
<./movie_frames/zr/msol-edot-zr-0056.png>
<a1,fr56>
<movie_frames/zr/msol-edot-zr-0057.png, id=643, 679.338pt x 549.252pt>
File: movie_frames/zr/msol-edot-zr-0057.png Graphic file (type png)
<use movie_frames/zr/msol-edot-zr-0057.png>
Package luatex.def Info: movie_frames/zr/msol-edot-zr-0057.png  used on input l
ine 37.
(luatex.def)             Requested size: 679.33633pt x 549.25066pt.
<./movie_frames/zr/msol-edot-zr-0057.png> <a1,fr57>
<movie_frames/zr/msol-edot-zr-0058.png, id=647, 679.338pt x 549.252pt>
File: movie_frames/zr/msol-edot-zr-0058.png Graphic file (type png)
<use movie_frames/zr/msol-edot-zr-0058.png>
Package luatex.def Info: movie_frames/zr/msol-edot-zr-0058.png  used on input l
ine 37.
(luatex.def)             Requested size: 679.33633pt x 549.25066pt.
<./movie_frames/zr/msol-edot-zr-0058.png> <a1,fr58>
<movie_frames/zr/msol-edot-zr-0059.png, id=651, 679.338pt x 549.252pt>
File: movie_frames/zr/msol-edot-zr-0059.png Graphic file (type png)
<use movie_frames/zr/msol-edot-zr-0059.png>
Package luatex.def Info: movie_frames/zr/msol-edot-zr-0059.png  used on input l
ine 37.
(luatex.def)             Requested size: 679.33633pt x 549.25066pt.
<./movie_frames/zr/msol-edot-zr-0059.png>
<a1,fr59>
<movie_frames/zr/msol-edot-zr-0060.png, id=655, 679.338pt x 549.252pt>
File: movie_frames/zr/msol-edot-zr-0060.png Graphic file (type png)
<use movie_frames/zr/msol-edot-zr-0060.png>
Package luatex.def Info: movie_frames/zr/msol-edot-zr-0060.png  used on input l
ine 37.
(luatex.def)             Requested size: 679.33633pt x 549.25066pt.
<./movie_frames/zr/msol-edot-zr-0060.png> <a1,fr60>
<movie_frames/zr/msol-edot-zr-0061.png, id=659, 679.338pt x 549.252pt>
File: movie_frames/zr/msol-edot-zr-0061.png Graphic file (type png)
<use movie_frames/zr/msol-edot-zr-0061.png>
Package luatex.def Info: movie_frames/zr/msol-edot-zr-0061.png  used on input l
ine 37.
(luatex.def)             Requested size: 679.33633pt x 549.25066pt.
<./movie_frames/zr/msol-edot-zr-0061.png> <a1,fr61>
<movie_frames/zr/msol-edot-zr-0062.png, id=663, 679.338pt x 549.252pt>
File: movie_frames/zr/msol-edot-zr-0062.png Graphic file (type png)
<use movie_frames/zr/msol-edot-zr-0062.png>
Package luatex.def Info: movie_frames/zr/msol-edot-zr-0062.png  used on input l
ine 37.
(luatex.def)             Requested size: 679.33633pt x 549.25066pt.
<./movie_frames/zr/msol-edot-zr-0062.png>
<a1,fr62>
<movie_frames/zr/msol-edot-zr-0063.png, id=667, 679.338pt x 549.252pt>
File: movie_frames/zr/msol-edot-zr-0063.png Graphic file (type png)
<use movie_frames/zr/msol-edot-zr-0063.png>
Package luatex.def Info: movie_frames/zr/msol-edot-zr-0063.png  used on input l
ine 37.
(luatex.def)             Requested size: 679.33633pt x 549.25066pt.
<./movie_frames/zr/msol-edot-zr-0063.png> <a1,fr63>
<movie_frames/zr/msol-edot-zr-0064.png, id=671, 679.338pt x 549.252pt>
File: movie_frames/zr/msol-edot-zr-0064.png Graphic file (type png)
<use movie_frames/zr/msol-edot-zr-0064.png>
Package luatex.def Info: movie_frames/zr/msol-edot-zr-0064.png  used on input l
ine 37.
(luatex.def)             Requested size: 679.33633pt x 549.25066pt.
<./movie_frames/zr/msol-edot-zr-0064.png> <a1,fr64>
<movie_frames/zr/msol-edot-zr-0065.png, id=675, 679.338pt x 549.252pt>
File: movie_frames/zr/msol-edot-zr-0065.png Graphic file (type png)
<use movie_frames/zr/msol-edot-zr-0065.png>
Package luatex.def Info: movie_frames/zr/msol-edot-zr-0065.png  used on input l
ine 37.
(luatex.def)             Requested size: 679.33633pt x 549.25066pt.
<./movie_frames/zr/msol-edot-zr-0065.png>
<a1,fr65>
<movie_frames/zr/msol-edot-zr-0066.png, id=679, 679.338pt x 549.252pt>
File: movie_frames/zr/msol-edot-zr-0066.png Graphic file (type png)
<use movie_frames/zr/msol-edot-zr-0066.png>
Package luatex.def Info: movie_frames/zr/msol-edot-zr-0066.png  used on input l
ine 37.
(luatex.def)             Requested size: 679.33633pt x 549.25066pt.
<./movie_frames/zr/msol-edot-zr-0066.png> <a1,fr66>
<movie_frames/zr/msol-edot-zr-0067.png, id=683, 679.338pt x 549.252pt>
File: movie_frames/zr/msol-edot-zr-0067.png Graphic file (type png)
<use movie_frames/zr/msol-edot-zr-0067.png>
Package luatex.def Info: movie_frames/zr/msol-edot-zr-0067.png  used on input l
ine 37.
(luatex.def)             Requested size: 679.33633pt x 549.25066pt.
<./movie_frames/zr/msol-edot-zr-0067.png> <a1,fr67>
<movie_frames/zr/msol-edot-zr-0068.png, id=687, 679.338pt x 549.252pt>
File: movie_frames/zr/msol-edot-zr-0068.png Graphic file (type png)
<use movie_frames/zr/msol-edot-zr-0068.png>
Package luatex.def Info: movie_frames/zr/msol-edot-zr-0068.png  used on input l
ine 37.
(luatex.def)             Requested size: 679.33633pt x 549.25066pt.
<./movie_frames/zr/msol-edot-zr-0068.png>
<a1,fr68>
<movie_frames/zr/msol-edot-zr-0069.png, id=691, 679.338pt x 549.252pt>
File: movie_frames/zr/msol-edot-zr-0069.png Graphic file (type png)
<use movie_frames/zr/msol-edot-zr-0069.png>
Package luatex.def Info: movie_frames/zr/msol-edot-zr-0069.png  used on input l
ine 37.
(luatex.def)             Requested size: 679.33633pt x 549.25066pt.
<./movie_frames/zr/msol-edot-zr-0069.png> <a1,fr69>
<movie_frames/zr/msol-edot-zr-0070.png, id=695, 679.338pt x 549.252pt>
File: movie_frames/zr/msol-edot-zr-0070.png Graphic file (type png)
<use movie_frames/zr/msol-edot-zr-0070.png>
Package luatex.def Info: movie_frames/zr/msol-edot-zr-0070.png  used on input l
ine 37.
(luatex.def)             Requested size: 679.33633pt x 549.25066pt.
<./movie_frames/zr/msol-edot-zr-0070.png> <a1,fr70>
<movie_frames/zr/msol-edot-zr-0071.png, id=699, 679.338pt x 549.252pt>
File: movie_frames/zr/msol-edot-zr-0071.png Graphic file (type png)
<use movie_frames/zr/msol-edot-zr-0071.png>
Package luatex.def Info: movie_frames/zr/msol-edot-zr-0071.png  used on input l
ine 37.
(luatex.def)             Requested size: 679.33633pt x 549.25066pt.
<./movie_frames/zr/msol-edot-zr-0071.png>
<a1,fr71>
<movie_frames/zr/msol-edot-zr-0072.png, id=703, 679.338pt x 549.252pt>
File: movie_frames/zr/msol-edot-zr-0072.png Graphic file (type png)
<use movie_frames/zr/msol-edot-zr-0072.png>
Package luatex.def Info: movie_frames/zr/msol-edot-zr-0072.png  used on input l
ine 37.
(luatex.def)             Requested size: 679.33633pt x 549.25066pt.
<./movie_frames/zr/msol-edot-zr-0072.png> <a1,fr72>
<movie_frames/zr/msol-edot-zr-0073.png, id=707, 679.338pt x 549.252pt>
File: movie_frames/zr/msol-edot-zr-0073.png Graphic file (type png)
<use movie_frames/zr/msol-edot-zr-0073.png>
Package luatex.def Info: movie_frames/zr/msol-edot-zr-0073.png  used on input l
ine 37.
(luatex.def)             Requested size: 679.33633pt x 549.25066pt.
<./movie_frames/zr/msol-edot-zr-0073.png> <a1,fr73>
<movie_frames/zr/msol-edot-zr-0074.png, id=711, 679.338pt x 549.252pt>
File: movie_frames/zr/msol-edot-zr-0074.png Graphic file (type png)
<use movie_frames/zr/msol-edot-zr-0074.png>
Package luatex.def Info: movie_frames/zr/msol-edot-zr-0074.png  used on input l
ine 37.
(luatex.def)             Requested size: 679.33633pt x 549.25066pt.
<./movie_frames/zr/msol-edot-zr-0074.png>
<a1,fr74>
<movie_frames/zr/msol-edot-zr-0075.png, id=715, 679.338pt x 549.252pt>
File: movie_frames/zr/msol-edot-zr-0075.png Graphic file (type png)
<use movie_frames/zr/msol-edot-zr-0075.png>
Package luatex.def Info: movie_frames/zr/msol-edot-zr-0075.png  used on input l
ine 37.
(luatex.def)             Requested size: 679.33633pt x 549.25066pt.
<./movie_frames/zr/msol-edot-zr-0075.png> <a1,fr75> [1

{/usr/local/texlive/2026/texmf-var/fonts/map/pdftex/updmap/pdftex.map}] [2]
(./msol_field_movies.aux)
 ***********
LaTeX2e <2025-11-01>
L3 programming layer <2026-01-19>
 ***********
Package rerunfilecheck Info: File `msol_field_movies.out' has not changed.
(rerunfilecheck)             Checksum: D41D8CD98F00B204E9800998ECF8427E;0.
)

Here is how much of LuaTeX's memory you used:
 13193 strings out of 476076
 125026,662416 words of node,token memory allocated
 436 words of node memory still in use:
   3 hlist, 1 vlist, 1 rule, 2 glue, 3 kern, 1 glyph, 4 attribute, 54 glue_spec,
 4 attribute_list, 1 write nodes
   avail lists: 1:1,2:552,3:61,4:6,5:121,6:17,7:1085,8:4,9:594,10:5,11:42
 35023 multiletter control sequences out of 65536+600000
 47 fonts using 2991231 bytes
 73i,8n,75p,242b,632s stack positions out of 10000i,1000n,20000p,200000b,200000s
</usr/local/texlive/2026/texmf-dist/fonts/opentype/public/lm/lmroman12-bold.otf>
</usr/local/texlive/2026/texmf-dist/fonts/opentype/public/lm/lmroman10-regular.o
tf></usr/local/texlive/2026/texmf-dist/fonts/opentype/public/lm/lmroman17-regula
r.otf></usr/local/texlive/2026/texmf-dist/fonts/type1/public/amsfonts/cm/cmbx10.
pfb></usr/local/texlive/2026/texmf-dist/fonts/type1/public/amsfonts/cm/cmmi12.pf
b></usr/local/texlive/2026/texmf-dist/fonts/type1/public/amsfonts/cm/cmsy10.pfb>

Output written on msol_field_movies.pdf (2 pages, 20590600 bytes).

PDF statistics: 869 PDF objects out of 1000 (max. 8388607)
 376 compressed objects within 4 object streams
 5 named destinations out of 1000 (max. 1048576)
 1621 words of extra memory for PDF output out of 10000 (max. 100000000)

