Ippl{0}[2]> [AutoTune] seeding built-in scatter/gather defaults for Kokkos::OpenMP (set IPPL_AUTO_TUNE=1 to run the sweep instead)
OPAL-X{0}>               ____  _____        _       __   __
OPAL-X{0}> [1;32m
OPAL-X{0}> 
OPAL-X{0}>   ██████  ██████   █████  ██      ██   ██
OPAL-X{0}>  ██    ██ ██   ██ ██   ██ ██       ██ ██
OPAL-X{0}>  ██    ██ ██████  ███████ ██        ███
OPAL-X{0}>  ██    ██ ██      ██   ██ ██       ██ ██
OPAL-X{0}>   ██████  ██      ██   ██ ███████ ██   ██
OPAL-X{0}> 
OPAL-X{0}>          This is OPALX (Object Oriented Parallel Accelerator Library for Exascale)
OPAL-X{0}> 
OPAL-X{0}> [0m
OPAL-X{0}> 
OPAL-X{0}> OPALX is the performance portable version of OPAL :: Version 0.9
OPAL-X{0}>             git rev. 3ef744a461d3991f405e92692a173a5cbcfacaff
OPAL-X{0}> 
OPAL-X{0}> 
OPAL-X{0}>              (c) PSI, https://github.com/OPALX-project/OPALX
OPAL-X{0}> 
OPAL-X{0}> 
OPAL-X{0}> Please send cookies, goodies or other motivations (wine and beer ... ) 
OPAL-X{0}> to the OPAL developers https://github.com/OPALX-project/OPALX/issues
OPAL-X{0}> 
OPAL-X{0}> Time: 08:25:26 date: 05/09/2026
OPAL-X{0}> 
OPAL-X{0}> * Host:   OpenMP
OPAL-X{0}> * Device: OpenMP
OPAL-X{0}> 
OPAL-X{0}> * Reading input stream 'map-2-dba.in'
OPAL-X{0}> * ************* F I E L D S O L V E R ********************************************** 
OPAL-X{0}> * FIELDSOLVER  FS
OPAL-X{0}> * BINS         NONE
OPAL-X{0}> * TYPE         NONE
OPAL-X{0}> * RANKS        2
OPAL-X{0}> * NX           16
OPAL-X{0}> * NY           16
OPAL-X{0}> * NZ           16
OPAL-X{0}> * BBOXINCR     1
OPAL-X{0}> * GREENSF      INTEGRATED
OPAL-X{0}> * XDIM         parallel  
OPAL-X{0}> * YDIM         parallel  
OPAL-X{0}> * ZDIM         parallel  
OPAL-X{0}> * ********************************************************************************** 
OPAL-X{0}> 
OPAL-X{0}> * RUN resolved beams: BEAM1
OPAL-X{0}> * ************* B E A M ************************************************************ 
OPAL-X{0}> * BEAM        BEAM1
OPAL-X{0}> * PARTICLE    ELECTRON
OPAL-X{0}> * REST MASS   0.000510999 [GeV]
OPAL-X{0}> * CHARGE      -e * 1 
OPAL-X{0}> * MOMENTUM    1 [eV/c]
OPAL-X{0}> * MOMENTUM    0 [GeV/c]
OPAL-X{0}> * BCHARGE     1.60218e-19 [C]
OPAL-X{0}> * NALLOC      1
OPAL-X{0}> * ********************************************************************************** 
OPAL-X{0}> 
OPAL-X{0}[2]> * Beam[0] BEAM1 macro charge per particle [C]: -1.60218e-19
OPAL-X{0}[2]> * Beam[0] BEAM1 macro mass per particle [GeV/c^2]: 0.000510999
OPAL-X{0}[2]> * Beam[0] BEAM1 particles per macro particle: 1
OPAL-X{0}> 
OPAL-X{0}> * Creating new file for data: 'map-2-dba.stat'
OPAL-X{0}> * Creating new file for data: 'map-2-dba.lbal'
PartBunch::setSolver{0}[2]> Initializing solver: NONE
PartBunch::setBins{0}[2]> Solver FS has no binning command attached, not using binning.
PartBunch::pre_run{0}[2]> Starting pre_run...
OPAL-X{0}[2]> * BCHandler<3>: [OPEN, OPEN, OPEN]
FromFile::generateParticles{0}> FromFile: Loaded 1 particles from file '../reference-particle.txt'
FromFile::generateParticles{1}> FromFile: Loaded 1 particles from file '../reference-particle.txt'
FromFile::generateParticles{1}> Rank 1: 0 local particles
FromFile::generateParticles{0}> Rank 0: 1 local particles
OPAL-X{0}[2]> * Particle sampling / sampler setup for all emission sources done.
OPAL-X{0}> 
OPAL-X{0}> * ************** B U N C H ********************************************************* 
OPAL-X{0}> * CONTAINER       = 0
OPAL-X{0}> * PARTICLES       = 1
OPAL-X{0}> * CHARGE          = -1.602177e-19 (Cb) 
OPAL-X{0}> * QM STORAGE MODE = SINGLE
OPAL-X{0}> * <EKIN>          = 250.000 [MeV]
OPAL-X{0}> * <dEKIN>         = 0.000 [eV]
OPAL-X{0}> * INTEGRATOR      = LF2
OPAL-X{0}> * LB Threshold    = 5.000000e-02
OPAL-X{0}> * MIN R (origin)  = (      0.00000 ,      0.00000 ,      0.00000 ) [um]
OPAL-X{0}> * MAX R (max ext) = (      0.00000 ,      0.00000 ,      0.00000 ) [um]
OPAL-X{0}> * RMS R           = (      0.00000 ,      0.00000 ,      0.00000 ) [um]
OPAL-X{0}> * RMS P           = ( 0.000000e+00 , 0.000000e+00 , 0.000000e+00 ) [beta gamma]
OPAL-X{0}> * Mean R          = ( 0.000000e+00 , 0.000000e+00 , 0.000000e+00 ) [m]
OPAL-X{0}> * Mean P          = ( 0.000000e+00 , 0.000000e+00 , 4.902368e+02 ) [beta gamma]
OPAL-X{0}> * MESH SPACING    = (      0.00133 ,      0.00133 ,      0.00133 ) [um]
OPAL-X{0}> * COMPDOM INCR    = 1.000000e+00 (%) 
OPAL-X{0}> * FIELD LAYOUT    = Domain = {[0:15:1],[0:15:1],[0:15:1]}
OPAL-X{0}> Total number of boxes = 2
OPAL-X{0}>     Box 0 {[0:7:1],[0:15:1],[0:15:1]}
OPAL-X{0}>     Box 1 {[8:15:1],[0:15:1],[0:15:1]}
OPAL-X{0}> 
OPAL-X{0}> * Centroid : 
OPAL-X{0}> * 0.000000e+00 0.000000e+00 0.000000e+00 0.000000e+00 0.000000e+00 4.902368e+02 
OPAL-X{0}> * Cov Matrix : 
OPAL-X{0}> * 0.000000e+00 0.000000e+00 0.000000e+00 0.000000e+00 0.000000e+00 0.000000e+00 
OPAL-X{0}> * 0.000000e+00 0.000000e+00 0.000000e+00 0.000000e+00 0.000000e+00 0.000000e+00 
OPAL-X{0}> * 0.000000e+00 0.000000e+00 0.000000e+00 0.000000e+00 0.000000e+00 0.000000e+00 
OPAL-X{0}> * 0.000000e+00 0.000000e+00 0.000000e+00 0.000000e+00 0.000000e+00 0.000000e+00 
OPAL-X{0}> * 0.000000e+00 0.000000e+00 0.000000e+00 0.000000e+00 0.000000e+00 0.000000e+00 
OPAL-X{0}> * 0.000000e+00 0.000000e+00 0.000000e+00 0.000000e+00 0.000000e+00 0.000000e+00 
OPAL-X{0}> * * ********************************************************************************** 
OPAL-X{0}> 
ParallelTracker::execute{0}[2]> Dump initial phase space done.
OPAL-X{0}> * OrbitThreader dt_m= 1e-13
OPAL-X{0}> * Linear-map integrator: BORIS; Richardson levels: 2; formal differentiation order: 6; rays per segment: 36
OPAL-X{0}> * Linear-map starting perturbations (x,x',y,y',zeta,delta): 3.000000000000e-03 3.000000000000e-03 3.000000000000e-03 3.000000000000e-03 3.000000000000e-03 3.000000000000e-03
OPAL-X{0}> 
OPAL-X{0}> * Combined linear transfer map  (x, x', y, y', zeta, delta):
OPAL-X{0}>     -1.386352257980e+00  -1.278842329200e+00   0.000000000000e+00   0.000000000000e+00   0.000000000000e+00  -6.702398861847e-09
OPAL-X{0}>     -7.209431233639e-01  -1.386352257903e+00   0.000000000000e+00   0.000000000000e+00   0.000000000000e+00  -2.015357968798e-09
OPAL-X{0}>      0.000000000000e+00   0.000000000000e+00   3.851352100163e+00   1.040676316098e+01   0.000000000000e+00   0.000000000000e+00
OPAL-X{0}>      0.000000000000e+00   0.000000000000e+00   1.329223389156e+00   3.851352100046e+00   0.000000000000e+00   0.000000000000e+00
OPAL-X{0}>      2.026936773103e-09   6.704000034121e-09   0.000000000000e+00   0.000000000000e+00   1.000000000000e+00  -9.437723016935e-02
OPAL-X{0}>      4.239140433965e-12   1.837592418712e-11   0.000000000000e+00   0.000000000000e+00   0.000000000000e+00   1.000000000020e+00
OPAL-X{0}> * Volume-preservation diagnostic: PASS
OPAL-X{0}> *   |det(M) - 1| = 1.6058044e-11  (tolerance 1.0000000e-06)
OPAL-X{0}> * Canonical-form symplecticity diagnostic: PASS
OPAL-X{0}> *   max_ij |(M^T J M - J)_ij| = 1.9725999e-11  (tolerance 1.0000000e-06)
OPAL-X{0}> *   The reported slopes and mechanical momenta are not globally canonical;
OPAL-X{0}> *   this test is diagnostic unless the entrance/exit coordinates are canonical.
OPAL-X{0}> 
OPAL-X{0}> 
OPAL-X{0}> * Size of map 5 sections 
OPAL-X{0}> * Key: (0.000000 - 1.047203) number of overlapping elements 1
OPAL-X{0}> *                            B1
OPAL-X{0}> * Key: (1.047203 - 2.047188) number of overlapping elements 1
OPAL-X{0}> *                            D1
OPAL-X{0}> * Key: (2.047188 - 2.247210) number of overlapping elements 1
OPAL-X{0}> *                            QACH
OPAL-X{0}> * Key: (2.247210 - 3.247195) number of overlapping elements 1
OPAL-X{0}> *                            D2
OPAL-X{0}> * Key: (3.247195 - 4.294395) number of overlapping elements 1
OPAL-X{0}> *                            B2
OPAL-X{0}> 
OPAL-X{0}> * Creating new file for data: 'data/map-2-dba_ElementPositions.sdds'
OPAL-X{0}> * Track start at: 08:26:02, t= 0.000 [fs]; sStart at: 0.000 [um]
OPAL-X{0}> * Initial dt = 100.000 [fs]
OPAL-X{0}> * Max integration steps = 1, next step = 0
ParallelTracker::setOptionalVariables{0}[2]> REPARTFREQ 10
OPAL-X{0}>                dt [ns]           sStop [m]        num Steps [1]
OPAL-X{0}> ->         1.000000e-13        4.294395e+00                   1
PartBunch::performBunchSanityChecks{0}[2]> ========= Done performing PartBunch sanity checks... =========
ParallelTracker::execute{0}[2]> Starting track with dt = 100.000 [fs], track steps = 0 to 1.
OPAL-X{0}> * 08:26:02 Step      0 container[0] at 29.979 [um], t= 100.000 [fs], E=250.000 [MeV]
ParallelTracker::execute{0}[2]> Total FieldSolver calls: 0
ParallelTracker::execute{0}[2]> Total binary repartitions: 0
OPAL-X{0}> 
OPAL-X{0}> * Done executing ParallelTracker at 08:26:02
OPAL-X{0}> 
OPAL-X{0}> * End of input stream 'map-2-dba.in'
Timings{0}> ---------------------------------------------
Timings{0}>      Timing results for 2 rank(s):
Timings{0}> ---------------------------------------------
Timings{0}> mainTimer........... Wall tot =    35.9512
Timings{0}> 
Timings{0}> H5 open close....... Wall max =   0.003323
Timings{0}>                      Wall avg = 0.00328608
Timings{0}>                      Wall min = 0.00324917
Timings{0}> 
Timings{0}> H5 total step....... Wall max =          0
Timings{0}>                      Wall avg =          0
Timings{0}>                      Wall min =          0
Timings{0}> 
Timings{0}> H5 step header...... Wall max =          0
Timings{0}>                      Wall avg =          0
Timings{0}>                      Wall min =          0
Timings{0}> 
Timings{0}> H5 device host copy. Wall max =          0
Timings{0}>                      Wall avg =          0
Timings{0}>                      Wall min =          0
Timings{0}> 
Timings{0}> H5 dataset write.... Wall max =          0
Timings{0}>                      Wall avg =          0
Timings{0}>                      Wall min =          0
Timings{0}> 
Timings{0}> Write Stat.......... Wall max =          0
Timings{0}>                      Wall avg =          0
Timings{0}>                      Wall min =          0
Timings{0}> 
Timings{0}> findInternal........ Wall max =  2.833e-06
Timings{0}>                      Wall avg =  2.812e-06
Timings{0}>                      Wall min =  2.791e-06
Timings{0}> 
Timings{0}> findPeriodic........ Wall max =   2.08e-07
Timings{0}>                      Wall avg =   2.08e-07
Timings{0}>                      Wall min =   2.08e-07
Timings{0}> 
Timings{0}> samplingTime........ Wall max = 0.000186541
Timings{0}>                      Wall avg = 0.000177083
Timings{0}>                      Wall min = 0.000167625
Timings{0}> 
Timings{0}> particleBC.......... Wall max =  7.293e-06
Timings{0}>                      Wall avg =  7.043e-06
Timings{0}>                      Wall min =  6.793e-06
Timings{0}> 
Timings{0}> updateParticle...... Wall max = 0.000165042
Timings{0}>                      Wall avg = 0.000163542
Timings{0}>                      Wall min = 0.000162042
Timings{0}> 
Timings{0}> locateParticles..... Wall max = 7.3583e-05
Timings{0}>                      Wall avg = 7.34375e-05
Timings{0}>                      Wall min = 7.3292e-05
Timings{0}> 
Timings{0}> sendPreprocess...... Wall max = 1.4251e-05
Timings{0}>                      Wall avg = 1.2521e-05
Timings{0}>                      Wall min = 1.0791e-05
Timings{0}> 
Timings{0}> particleSend........ Wall max =  5.042e-06
Timings{0}>                      Wall avg =      5e-06
Timings{0}>                      Wall min =  4.958e-06
Timings{0}> 
Timings{0}> particleRecv........ Wall max =  3.832e-06
Timings{0}>                      Wall avg =  3.812e-06
Timings{0}>                      Wall min =  3.792e-06
Timings{0}> 
Timings{0}> particleDestroy..... Wall max =  2.583e-06
Timings{0}>                      Wall avg =  2.562e-06
Timings{0}>                      Wall min =  2.541e-06
Timings{0}> 
Timings{0}> particleWait........ Wall max =  1.583e-06
Timings{0}>                      Wall avg =    1.5e-06
Timings{0}>                      Wall min =  1.417e-06
Timings{0}> 
Timings{0}> particleFreeBuffers. Wall max =  8.042e-06
Timings{0}>                      Wall avg =  7.875e-06
Timings{0}>                      Wall min =  7.708e-06
Timings{0}> 
Timings{0}> particleDeserialize. Wall max =  8.292e-06
Timings{0}>                      Wall avg = 8.2505e-06
Timings{0}>                      Wall min =  8.209e-06
Timings{0}> 
Timings{0}> particleDeserResize. Wall max =   8.74e-07
Timings{0}>                      Wall avg =   8.54e-07
Timings{0}>                      Wall min =   8.34e-07
Timings{0}> 
Timings{0}> particleDeserCopy... Wall max =   9.59e-07
Timings{0}>                      Wall avg =  8.965e-07
Timings{0}>                      Wall min =   8.34e-07
Timings{0}> 
Timings{0}> computeMoments...... Wall max = 8.8334e-05
Timings{0}>                      Wall avg = 8.7604e-05
Timings{0}>                      Wall min = 8.6874e-05
Timings{0}> 
Timings{0}> TIntegration1....... Wall max = 2.1416e-05
Timings{0}>                      Wall avg = 2.10205e-05
Timings{0}>                      Wall min = 2.0625e-05
Timings{0}> 
Timings{0}> TIntegration2....... Wall max = 1.4333e-05
Timings{0}>                      Wall avg = 1.35625e-05
Timings{0}>                      Wall min = 1.2792e-05
Timings{0}> 
Timings{0}> External field eval. Wall max = 2.5875e-05
Timings{0}>                      Wall avg = 2.54375e-05
Timings{0}>                      Wall min =    2.5e-05
Timings{0}> 
Timings{0}> Binaryrepart........ Wall max =          0
Timings{0}>                      Wall avg =          0
Timings{0}>                      Wall min =          0
Timings{0}> 
Timings{0}> OrbThreader......... Wall max =    35.9199
Timings{0}>                      Wall avg =    35.9153
Timings{0}>                      Wall min =    35.9107
Timings{0}> 
Timings{0}> ---------------------------------------------
Timings{0}>      Measurement counts:
Timings{0}> ---------------------------------------------
Timings{0}> mainTimer........... Count =          1
Timings{0}> H5 open close....... Count =          2
Timings{0}> H5 total step....... Count =          0
Timings{0}> H5 step header...... Count =          0
Timings{0}> H5 device host copy. Count =          0
Timings{0}> H5 dataset write.... Count =          0
Timings{0}> Write Stat.......... Count =          0
Timings{0}> findInternal........ Count =          1
Timings{0}> findPeriodic........ Count =          1
Timings{0}> samplingTime........ Count =          1
Timings{0}> particleBC.......... Count =          4
Timings{0}> updateParticle...... Count =          4
Timings{0}> locateParticles..... Count =          4
Timings{0}> sendPreprocess...... Count =          4
Timings{0}> particleSend........ Count =          4
Timings{0}> particleRecv........ Count =          4
Timings{0}> particleDestroy..... Count =          4
Timings{0}> particleWait........ Count =          4
Timings{0}> particleFreeBuffers. Count =          4
Timings{0}> particleDeserialize. Count =          4
Timings{0}> particleDeserResize. Count =          4
Timings{0}> particleDeserCopy... Count =          4
Timings{0}> computeMoments...... Count =          5
Timings{0}> TIntegration1....... Count =          1
Timings{0}> TIntegration2....... Count =          1
Timings{0}> External field eval. Count =          1
Timings{0}> Binaryrepart........ Count =          0
Timings{0}> OrbThreader......... Count =          1
Timings{0}> ---------------------------------------------
Timings{0}> ---------------------------------------------
Timings{0}>      Per-occurrence statistics:
Timings{0}> ---------------------------------------------
Timings{0}> mainTimer........... n=    1  mean=   35.9512  std=         0  min=   35.9512  max=   35.9512
Timings{0}> H5 open close....... n=    2  mean=0.00162458  std= 0.0016749  min=0.00044025  max=0.00280892
Timings{0}> findInternal........ n=    1  mean= 2.833e-06  std=         0  min= 2.833e-06  max= 2.833e-06
Timings{0}> findPeriodic........ n=    1  mean=  2.08e-07  std=         0  min=  2.08e-07  max=  2.08e-07
Timings{0}> samplingTime........ n=    1  mean=0.000167625  std=         0  min=0.000167625  max=0.000167625
Timings{0}> particleBC.......... n=    4  mean=1.69825e-06  std=1.85892e-06  min=  4.17e-07  max= 4.375e-06
Timings{0}> updateParticle...... n=    4  mean=4.05105e-05  std=2.86841e-05  min=1.7958e-05  max=     8e-05
Timings{0}> locateParticles..... n=    4  mean=1.83958e-05  std=1.01593e-05  min=  9.75e-06  max=3.0833e-05
Timings{0}> sendPreprocess...... n=    4  mean=2.69775e-06  std=1.00425e-06  min= 1.583e-06  max= 3.666e-06
Timings{0}> particleSend........ n=    4  mean=1.2605e-06  std=9.52908e-07  min=  4.17e-07  max= 2.167e-06
Timings{0}> particleRecv........ n=    4  mean=  9.48e-07  std=8.08955e-07  min=  2.92e-07  max=     2e-06
Timings{0}> particleDestroy..... n=    4  mean=6.4575e-07  std=1.99931e-07  min=  4.58e-07  max=  8.75e-07
Timings{0}> particleWait........ n=    4  mean=3.5425e-07  std=9.92115e-08  min=  2.91e-07  max=     5e-07
Timings{0}> particleFreeBuffers. n=    4  mean= 1.927e-06  std=2.00603e-06  min=  3.75e-07  max= 4.583e-06
Timings{0}> particleDeserialize. n=    4  mean= 2.073e-06  std=1.76073e-06  min= 1.042e-06  max= 4.708e-06
Timings{0}> particleDeserResize. n=    4  mean= 2.185e-07  std=7.88014e-08  min=  1.66e-07  max=  3.33e-07
Timings{0}> particleDeserCopy... n=    4  mean=2.3975e-07  std=  2.05e-08  min=  2.09e-07  max=   2.5e-07
Timings{0}> computeMoments...... n=    5  mean=1.73748e-05  std=8.44724e-06  min=1.0458e-05  max=2.8916e-05
Timings{0}> TIntegration1....... n=    1  mean=2.0625e-05  std=         0  min=2.0625e-05  max=2.0625e-05
Timings{0}> TIntegration2....... n=    1  mean=1.2792e-05  std=         0  min=1.2792e-05  max=1.2792e-05
Timings{0}> External field eval. n=    1  mean=2.5875e-05  std=         0  min=2.5875e-05  max=2.5875e-05
Timings{0}> OrbThreader......... n=    1  mean=   35.9107  std=         0  min=   35.9107  max=   35.9107
Timings{0}> ---------------------------------------------
