Ippl{0}[2]> [AutoTune] seeding built-in scatter/gather defaults for Kokkos::OpenMP (set IPPL_AUTO_TUNE=1 to run the sweep instead)
OPAL-X{0}>               ____  _____        _       __   __
OPAL-X{0}> [1;32m
OPAL-X{0}> 
OPAL-X{0}>   ██████  ██████   █████  ██      ██   ██
OPAL-X{0}>  ██    ██ ██   ██ ██   ██ ██       ██ ██
OPAL-X{0}>  ██    ██ ██████  ███████ ██        ███
OPAL-X{0}>  ██    ██ ██      ██   ██ ██       ██ ██
OPAL-X{0}>   ██████  ██      ██   ██ ███████ ██   ██
OPAL-X{0}> 
OPAL-X{0}>          This is OPALX (Object Oriented Parallel Accelerator Library for Exascale)
OPAL-X{0}> 
OPAL-X{0}> [0m
OPAL-X{0}> 
OPAL-X{0}> OPALX is the performance portable version of OPAL :: Version 0.9
OPAL-X{0}>             git rev. 3ef744a461d3991f405e92692a173a5cbcfacaff
OPAL-X{0}> 
OPAL-X{0}> 
OPAL-X{0}>              (c) PSI, https://github.com/OPALX-project/OPALX
OPAL-X{0}> 
OPAL-X{0}> 
OPAL-X{0}> Please send cookies, goodies or other motivations (wine and beer ... ) 
OPAL-X{0}> to the OPAL developers https://github.com/OPALX-project/OPALX/issues
OPAL-X{0}> 
OPAL-X{0}> Time: 00:16:18 date: 05/09/2026
OPAL-X{0}> 
OPAL-X{0}> * Host:   OpenMP
OPAL-X{0}> * Device: OpenMP
OPAL-X{0}> 
OPAL-X{0}> * Reading input stream 'map-2-dba.in'
OPAL-X{0}> * ************* F I E L D S O L V E R ********************************************** 
OPAL-X{0}> * FIELDSOLVER  FS
OPAL-X{0}> * BINS         NONE
OPAL-X{0}> * TYPE         NONE
OPAL-X{0}> * RANKS        2
OPAL-X{0}> * NX           16
OPAL-X{0}> * NY           16
OPAL-X{0}> * NZ           16
OPAL-X{0}> * BBOXINCR     1
OPAL-X{0}> * GREENSF      INTEGRATED
OPAL-X{0}> * XDIM         parallel  
OPAL-X{0}> * YDIM         parallel  
OPAL-X{0}> * ZDIM         parallel  
OPAL-X{0}> * ********************************************************************************** 
OPAL-X{0}> 
OPAL-X{0}> * RUN resolved beams: BEAM1
OPAL-X{0}> * ************* B E A M ************************************************************ 
OPAL-X{0}> * BEAM        BEAM1
OPAL-X{0}> * PARTICLE    ELECTRON
OPAL-X{0}> * REST MASS   0.000510999 [GeV]
OPAL-X{0}> * CHARGE      -e * 1 
OPAL-X{0}> * MOMENTUM    1 [eV/c]
OPAL-X{0}> * MOMENTUM    0 [GeV/c]
OPAL-X{0}> * BCHARGE     1.60218e-19 [C]
OPAL-X{0}> * NALLOC      1
OPAL-X{0}> * ********************************************************************************** 
OPAL-X{0}> 
OPAL-X{0}[2]> * Beam[0] BEAM1 macro charge per particle [C]: -1.60218e-19
OPAL-X{0}[2]> * Beam[0] BEAM1 macro mass per particle [GeV/c^2]: 0.000510999
OPAL-X{0}[2]> * Beam[0] BEAM1 particles per macro particle: 1
OPAL-X{0}> 
OPAL-X{0}> * Creating new file for data: 'map-2-dba.stat'
OPAL-X{0}> * Creating new file for data: 'map-2-dba.lbal'
PartBunch::setSolver{0}[2]> Initializing solver: NONE
PartBunch::setBins{0}[2]> Solver FS has no binning command attached, not using binning.
PartBunch::pre_run{0}[2]> Starting pre_run...
OPAL-X{0}[2]> * BCHandler<3>: [OPEN, OPEN, OPEN]
FromFile::generateParticles{1}> FromFile: Loaded 1 particles from file '../reference-particle.txt'
FromFile::generateParticles{1}> Rank 1: 0 local particles
FromFile::generateParticles{0}> FromFile: Loaded 1 particles from file '../reference-particle.txt'
FromFile::generateParticles{0}> Rank 0: 1 local particles
OPAL-X{0}[2]> * Particle sampling / sampler setup for all emission sources done.
OPAL-X{0}> 
OPAL-X{0}> * ************** B U N C H ********************************************************* 
OPAL-X{0}> * CONTAINER       = 0
OPAL-X{0}> * PARTICLES       = 1
OPAL-X{0}> * CHARGE          = -1.602177e-19 (Cb) 
OPAL-X{0}> * QM STORAGE MODE = SINGLE
OPAL-X{0}> * <EKIN>          = 250.000 [MeV]
OPAL-X{0}> * <dEKIN>         = 0.000 [eV]
OPAL-X{0}> * INTEGRATOR      = LF2
OPAL-X{0}> * LB Threshold    = 5.000000e-02
OPAL-X{0}> * MIN R (origin)  = (      0.00000 ,      0.00000 ,      0.00000 ) [um]
OPAL-X{0}> * MAX R (max ext) = (      0.00000 ,      0.00000 ,      0.00000 ) [um]
OPAL-X{0}> * RMS R           = (      0.00000 ,      0.00000 ,      0.00000 ) [um]
OPAL-X{0}> * RMS P           = ( 0.000000e+00 , 0.000000e+00 , 0.000000e+00 ) [beta gamma]
OPAL-X{0}> * Mean R          = ( 0.000000e+00 , 0.000000e+00 , 0.000000e+00 ) [m]
OPAL-X{0}> * Mean P          = ( 0.000000e+00 , 0.000000e+00 , 4.902368e+02 ) [beta gamma]
OPAL-X{0}> * MESH SPACING    = (      0.00133 ,      0.00133 ,      0.00133 ) [um]
OPAL-X{0}> * COMPDOM INCR    = 1.000000e+00 (%) 
OPAL-X{0}> * FIELD LAYOUT    = Domain = {[0:15:1],[0:15:1],[0:15:1]}
OPAL-X{0}> Total number of boxes = 2
OPAL-X{0}>     Box 0 {[0:7:1],[0:15:1],[0:15:1]}
OPAL-X{0}>     Box 1 {[8:15:1],[0:15:1],[0:15:1]}
OPAL-X{0}> 
OPAL-X{0}> * Centroid : 
OPAL-X{0}> * 0.000000e+00 0.000000e+00 0.000000e+00 0.000000e+00 0.000000e+00 4.902368e+02 
OPAL-X{0}> * Cov Matrix : 
OPAL-X{0}> * 0.000000e+00 0.000000e+00 0.000000e+00 0.000000e+00 0.000000e+00 0.000000e+00 
OPAL-X{0}> * 0.000000e+00 0.000000e+00 0.000000e+00 0.000000e+00 0.000000e+00 0.000000e+00 
OPAL-X{0}> * 0.000000e+00 0.000000e+00 0.000000e+00 0.000000e+00 0.000000e+00 0.000000e+00 
OPAL-X{0}> * 0.000000e+00 0.000000e+00 0.000000e+00 0.000000e+00 0.000000e+00 0.000000e+00 
OPAL-X{0}> * 0.000000e+00 0.000000e+00 0.000000e+00 0.000000e+00 0.000000e+00 0.000000e+00 
OPAL-X{0}> * 0.000000e+00 0.000000e+00 0.000000e+00 0.000000e+00 0.000000e+00 0.000000e+00 
OPAL-X{0}> * * ********************************************************************************** 
OPAL-X{0}> 
ParallelTracker::execute{0}[2]> Dump initial phase space done.
OPAL-X{0}> * OrbitThreader dt_m= 1e-13
OPAL-X{0}> 
OPAL-X{0}> * Combined linear transfer map  (x, x', y, y', zeta, delta):
OPAL-X{0}>     -1.386352176032e+00  -1.278842251546e+00   0.000000000000e+00   0.000000000000e+00   0.000000000000e+00  -8.487746075898e-09
OPAL-X{0}>     -7.209431454899e-01  -1.386352318146e+00   0.000000000000e+00   0.000000000000e+00   0.000000000000e+00   1.875594965601e-08
OPAL-X{0}>      0.000000000000e+00   0.000000000000e+00   3.851352124847e+00   1.040676321519e+01   0.000000000000e+00   0.000000000000e+00
OPAL-X{0}>      0.000000000000e+00   0.000000000000e+00   1.329223401043e+00   3.851352126331e+00   0.000000000000e+00   0.000000000000e+00
OPAL-X{0}>      8.598308252036e-11   9.610313666159e-08   0.000000000000e+00   0.000000000000e+00   1.000000000003e+00  -9.437728534277e-02
OPAL-X{0}>     -3.125240556951e-11  -6.804186853608e-11   0.000000000000e+00   0.000000000000e+00   0.000000000000e+00   1.000000000009e+00
OPAL-X{0}> * Volume-preservation diagnostic: PASS
OPAL-X{0}> *   |det(M) - 1| = 1.8641526e-09  (tolerance 1.0000000e-06)
OPAL-X{0}> * Canonical-form symplecticity diagnostic: PASS
OPAL-X{0}> *   max_ij |(M^T J M - J)_ij| = 6.0343808e-08  (tolerance 1.0000000e-06)
OPAL-X{0}> *   The reported slopes and mechanical momenta are not globally canonical;
OPAL-X{0}> *   this test is diagnostic unless the entrance/exit coordinates are canonical.
OPAL-X{0}> 
OPAL-X{0}> 
OPAL-X{0}> * Size of map 5 sections 
OPAL-X{0}> * Key: (0.000000 - 1.047203) number of overlapping elements 1
OPAL-X{0}> *                            B1
OPAL-X{0}> * Key: (1.047203 - 2.047188) number of overlapping elements 1
OPAL-X{0}> *                            D1
OPAL-X{0}> * Key: (2.047188 - 2.247210) number of overlapping elements 1
OPAL-X{0}> *                            QACH
OPAL-X{0}> * Key: (2.247210 - 3.247195) number of overlapping elements 1
OPAL-X{0}> *                            D2
OPAL-X{0}> * Key: (3.247195 - 4.294395) number of overlapping elements 1
OPAL-X{0}> *                            B2
OPAL-X{0}> 
OPAL-X{0}> * Creating new file for data: 'data/map-2-dba_ElementPositions.sdds'
OPAL-X{0}> * Track start at: 00:16:31, t= 0.000 [fs]; sStart at: 0.000 [um]
OPAL-X{0}> * Initial dt = 100.000 [fs]
OPAL-X{0}> * Max integration steps = 1, next step = 0
ParallelTracker::setOptionalVariables{0}[2]> REPARTFREQ 10
OPAL-X{0}>                dt [ns]           sStop [m]        num Steps [1]
OPAL-X{0}> ->         1.000000e-13        4.294395e+00                   1
PartBunch::performBunchSanityChecks{0}[2]> ========= Done performing PartBunch sanity checks... =========
ParallelTracker::execute{0}[2]> Starting track with dt = 100.000 [fs], track steps = 0 to 1.
OPAL-X{0}> * 00:16:31 Step      0 container[0] at 29.979 [um], t= 100.000 [fs], E=250.000 [MeV]
OPAL-X{0}[2]> * Dump phase space of last step
ParallelTracker::execute{0}[2]> Total FieldSolver calls: 0
ParallelTracker::execute{0}[2]> Total binary repartitions: 0
OPAL-X{0}> 
OPAL-X{0}> * Done executing ParallelTracker at 00:16:31
OPAL-X{0}> 
OPAL-X{0}> * End of input stream 'map-2-dba.in'
Timings{0}> ---------------------------------------------
Timings{0}>      Timing results for 2 rank(s):
Timings{0}> ---------------------------------------------
Timings{0}> mainTimer........... Wall tot =    13.2119
Timings{0}> 
Timings{0}> H5 open close....... Wall max = 0.00403679
Timings{0}>                      Wall avg = 0.00400748
Timings{0}>                      Wall min = 0.00397817
Timings{0}> 
Timings{0}> H5 total step....... Wall max = 0.00190467
Timings{0}>                      Wall avg = 0.00190187
Timings{0}>                      Wall min = 0.00189908
Timings{0}> 
Timings{0}> H5 step header...... Wall max = 0.000262791
Timings{0}>                      Wall avg = 0.000261728
Timings{0}>                      Wall min = 0.000260666
Timings{0}> 
Timings{0}> H5 device host copy. Wall max =  7.957e-06
Timings{0}>                      Wall avg = 7.3535e-06
Timings{0}>                      Wall min =   6.75e-06
Timings{0}> 
Timings{0}> H5 dataset write.... Wall max = 0.00037346
Timings{0}>                      Wall avg = 0.000364521
Timings{0}>                      Wall min = 0.000355583
Timings{0}> 
Timings{0}> Write Stat.......... Wall max = 0.000873917
Timings{0}>                      Wall avg = 0.000867458
Timings{0}>                      Wall min =   0.000861
Timings{0}> 
Timings{0}> findInternal........ Wall max =   2.75e-06
Timings{0}>                      Wall avg = 2.5415e-06
Timings{0}>                      Wall min =  2.333e-06
Timings{0}> 
Timings{0}> findPeriodic........ Wall max =   2.09e-07
Timings{0}>                      Wall avg =   1.88e-07
Timings{0}>                      Wall min =   1.67e-07
Timings{0}> 
Timings{0}> samplingTime........ Wall max = 0.000167417
Timings{0}>                      Wall avg = 0.000165354
Timings{0}>                      Wall min = 0.000163292
Timings{0}> 
Timings{0}> particleBC.......... Wall max =  6.124e-06
Timings{0}>                      Wall avg =  6.041e-06
Timings{0}>                      Wall min =  5.958e-06
Timings{0}> 
Timings{0}> updateParticle...... Wall max = 0.000354958
Timings{0}>                      Wall avg = 0.000353916
Timings{0}>                      Wall min = 0.000352875
Timings{0}> 
Timings{0}> locateParticles..... Wall max = 0.000161166
Timings{0}>                      Wall avg = 0.000160646
Timings{0}>                      Wall min = 0.000160125
Timings{0}> 
Timings{0}> sendPreprocess...... Wall max = 2.5792e-05
Timings{0}>                      Wall avg = 2.3771e-05
Timings{0}>                      Wall min =  2.175e-05
Timings{0}> 
Timings{0}> particleSend........ Wall max =  5.083e-06
Timings{0}>                      Wall avg =   5.02e-06
Timings{0}>                      Wall min =  4.957e-06
Timings{0}> 
Timings{0}> particleRecv........ Wall max =  2.334e-06
Timings{0}>                      Wall avg = 2.2915e-06
Timings{0}>                      Wall min =  2.249e-06
Timings{0}> 
Timings{0}> particleDestroy..... Wall max =  2.332e-06
Timings{0}>                      Wall avg = 2.2495e-06
Timings{0}>                      Wall min =  2.167e-06
Timings{0}> 
Timings{0}> particleWait........ Wall max =   1.75e-06
Timings{0}>                      Wall avg =  1.666e-06
Timings{0}>                      Wall min =  1.582e-06
Timings{0}> 
Timings{0}> particleFreeBuffers. Wall max = 1.0375e-05
Timings{0}>                      Wall avg = 9.1665e-06
Timings{0}>                      Wall min =  7.958e-06
Timings{0}> 
Timings{0}> particleDeserialize. Wall max = 1.0083e-05
Timings{0}>                      Wall avg =  9.021e-06
Timings{0}>                      Wall min =  7.959e-06
Timings{0}> 
Timings{0}> particleDeserResize. Wall max =   7.08e-07
Timings{0}>                      Wall avg =  6.875e-07
Timings{0}>                      Wall min =   6.67e-07
Timings{0}> 
Timings{0}> particleDeserCopy... Wall max =   8.34e-07
Timings{0}>                      Wall avg =   8.13e-07
Timings{0}>                      Wall min =   7.92e-07
Timings{0}> 
Timings{0}> computeMoments...... Wall max = 8.7709e-05
Timings{0}>                      Wall avg = 8.63745e-05
Timings{0}>                      Wall min =  8.504e-05
Timings{0}> 
Timings{0}> TIntegration1....... Wall max =    1.5e-05
Timings{0}>                      Wall avg = 1.4917e-05
Timings{0}>                      Wall min = 1.4834e-05
Timings{0}> 
Timings{0}> TIntegration2....... Wall max = 1.4625e-05
Timings{0}>                      Wall avg = 1.37085e-05
Timings{0}>                      Wall min = 1.2792e-05
Timings{0}> 
Timings{0}> External field eval. Wall max = 2.6333e-05
Timings{0}>                      Wall avg = 2.5604e-05
Timings{0}>                      Wall min = 2.4875e-05
Timings{0}> 
Timings{0}> Binaryrepart........ Wall max =          0
Timings{0}>                      Wall avg =          0
Timings{0}>                      Wall min =          0
Timings{0}> 
Timings{0}> OrbThreader......... Wall max =    13.1824
Timings{0}>                      Wall avg =    13.1782
Timings{0}>                      Wall min =    13.1739
Timings{0}> 
Timings{0}> ---------------------------------------------
Timings{0}>      Measurement counts:
Timings{0}> ---------------------------------------------
Timings{0}> mainTimer........... Count =          1
Timings{0}> H5 open close....... Count =          4
Timings{0}> H5 total step....... Count =          1
Timings{0}> H5 step header...... Count =          1
Timings{0}> H5 device host copy. Count =          5
Timings{0}> H5 dataset write.... Count =         11
Timings{0}> Write Stat.......... Count =          1
Timings{0}> findInternal........ Count =          1
Timings{0}> findPeriodic........ Count =          1
Timings{0}> samplingTime........ Count =          1
Timings{0}> particleBC.......... Count =          4
Timings{0}> updateParticle...... Count =          4
Timings{0}> locateParticles..... Count =          4
Timings{0}> sendPreprocess...... Count =          4
Timings{0}> particleSend........ Count =          4
Timings{0}> particleRecv........ Count =          4
Timings{0}> particleDestroy..... Count =          4
Timings{0}> particleWait........ Count =          4
Timings{0}> particleFreeBuffers. Count =          4
Timings{0}> particleDeserialize. Count =          4
Timings{0}> particleDeserResize. Count =          4
Timings{0}> particleDeserCopy... Count =          4
Timings{0}> computeMoments...... Count =          5
Timings{0}> TIntegration1....... Count =          1
Timings{0}> TIntegration2....... Count =          1
Timings{0}> External field eval. Count =          1
Timings{0}> Binaryrepart........ Count =          0
Timings{0}> OrbThreader......... Count =          1
Timings{0}> ---------------------------------------------
Timings{0}> ---------------------------------------------
Timings{0}>      Per-occurrence statistics:
Timings{0}> ---------------------------------------------
Timings{0}> mainTimer........... n=    1  mean=   13.2119  std=         0  min=   13.2119  max=   13.2119
Timings{0}> H5 open close....... n=    4  mean=0.000994541  std=0.000893521  min= 0.0004205  max=0.00230746
Timings{0}> H5 total step....... n=    1  mean=0.00189908  std=         0  min=0.00189908  max=0.00189908
Timings{0}> H5 step header...... n=    1  mean=0.000262791  std=         0  min=0.000262791  max=0.000262791
Timings{0}> H5 device host copy. n=    5  mean=  1.35e-06  std=8.83369e-07  min=  7.92e-07  max= 2.917e-06
Timings{0}> H5 dataset write.... n=   11  mean=3.23257e-05  std=1.94961e-05  min=1.0458e-05  max=8.2042e-05
Timings{0}> Write Stat.......... n=    1  mean=  0.000861  std=         0  min=  0.000861  max=  0.000861
Timings{0}> findInternal........ n=    1  mean=  2.75e-06  std=         0  min=  2.75e-06  max=  2.75e-06
Timings{0}> findPeriodic........ n=    1  mean=  2.09e-07  std=         0  min=  2.09e-07  max=  2.09e-07
Timings{0}> samplingTime........ n=    1  mean=0.000163292  std=         0  min=0.000163292  max=0.000163292
Timings{0}> particleBC.......... n=    4  mean= 1.531e-06  std=1.56287e-06  min=  3.75e-07  max= 3.708e-06
Timings{0}> updateParticle...... n=    4  mean=8.82187e-05  std=0.00012065  min=1.9042e-05  max=0.000268375
Timings{0}> locateParticles..... n=    4  mean=4.02915e-05  std=5.29961e-05  min=1.0208e-05  max=0.000119417
Timings{0}> sendPreprocess...... n=    4  mean=5.4375e-06  std=5.54168e-06  min= 1.834e-06  max=1.3625e-05
Timings{0}> particleSend........ n=    4  mean=1.27075e-06  std=9.47766e-07  min=  4.58e-07  max=  2.25e-06
Timings{0}> particleRecv........ n=    4  mean=5.6225e-07  std=4.37597e-07  min=  2.91e-07  max= 1.208e-06
Timings{0}> particleDestroy..... n=    4  mean=  5.83e-07  std=1.48355e-07  min=  4.58e-07  max=   7.5e-07
Timings{0}> particleWait........ n=    4  mean= 4.375e-07  std=1.9658e-07  min=  2.92e-07  max=  7.08e-07
Timings{0}> particleFreeBuffers. n=    4  mean=1.9895e-06  std=2.22121e-06  min=  3.75e-07  max= 5.083e-06
Timings{0}> particleDeserialize. n=    4  mean=2.52075e-06  std=1.63469e-06  min=  9.58e-07  max=  4.75e-06
Timings{0}> particleDeserResize. n=    4  mean=  1.77e-07  std=7.90654e-08  min=  1.25e-07  max=  2.92e-07
Timings{0}> particleDeserCopy... n=    4  mean=  1.98e-07  std=3.96905e-08  min=  1.67e-07  max=   2.5e-07
Timings{0}> computeMoments...... n=    5  mean=1.7008e-05  std=8.15288e-06  min= 9.875e-06  max=2.6166e-05
Timings{0}> TIntegration1....... n=    1  mean=1.4834e-05  std=         0  min=1.4834e-05  max=1.4834e-05
Timings{0}> TIntegration2....... n=    1  mean=1.2792e-05  std=         0  min=1.2792e-05  max=1.2792e-05
Timings{0}> External field eval. n=    1  mean=2.6333e-05  std=         0  min=2.6333e-05  max=2.6333e-05
Timings{0}> OrbThreader......... n=    1  mean=   13.1739  std=         0  min=   13.1739  max=   13.1739
Timings{0}> ---------------------------------------------
