Ippl{0}[2]> [AutoTune] seeding built-in scatter/gather defaults for Kokkos::OpenMP (set IPPL_AUTO_TUNE=1 to run the sweep instead)
OPAL-X{0}>               ____  _____        _       __   __
OPAL-X{0}> [1;32m
OPAL-X{0}> 
OPAL-X{0}>   ██████  ██████   █████  ██      ██   ██
OPAL-X{0}>  ██    ██ ██   ██ ██   ██ ██       ██ ██
OPAL-X{0}>  ██    ██ ██████  ███████ ██        ███
OPAL-X{0}>  ██    ██ ██      ██   ██ ██       ██ ██
OPAL-X{0}>   ██████  ██      ██   ██ ███████ ██   ██
OPAL-X{0}> 
OPAL-X{0}>          This is OPALX (Object Oriented Parallel Accelerator Library for Exascale)
OPAL-X{0}> 
OPAL-X{0}> [0m
OPAL-X{0}> 
OPAL-X{0}> OPALX is the performance portable version of OPAL :: Version 0.9
OPAL-X{0}>             git rev. 3ef744a461d3991f405e92692a173a5cbcfacaff
OPAL-X{0}> 
OPAL-X{0}> 
OPAL-X{0}>              (c) PSI, https://github.com/OPALX-project/OPALX
OPAL-X{0}> 
OPAL-X{0}> 
OPAL-X{0}> Please send cookies, goodies or other motivations (wine and beer ... ) 
OPAL-X{0}> to the OPAL developers https://github.com/OPALX-project/OPALX/issues
OPAL-X{0}> 
OPAL-X{0}> Time: 00:37:15 date: 05/09/2026
OPAL-X{0}> 
OPAL-X{0}> * Host:   OpenMP
OPAL-X{0}> * Device: OpenMP
OPAL-X{0}> 
OPAL-X{0}> * Reading input stream 'map-2-dba.in'
OPAL-X{0}> * ************* F I E L D S O L V E R ********************************************** 
OPAL-X{0}> * FIELDSOLVER  FS
OPAL-X{0}> * BINS         NONE
OPAL-X{0}> * TYPE         NONE
OPAL-X{0}> * RANKS        2
OPAL-X{0}> * NX           16
OPAL-X{0}> * NY           16
OPAL-X{0}> * NZ           16
OPAL-X{0}> * BBOXINCR     1
OPAL-X{0}> * GREENSF      INTEGRATED
OPAL-X{0}> * XDIM         parallel  
OPAL-X{0}> * YDIM         parallel  
OPAL-X{0}> * ZDIM         parallel  
OPAL-X{0}> * ********************************************************************************** 
OPAL-X{0}> 
OPAL-X{0}> * RUN resolved beams: BEAM1
OPAL-X{0}> * ************* B E A M ************************************************************ 
OPAL-X{0}> * BEAM        BEAM1
OPAL-X{0}> * PARTICLE    ELECTRON
OPAL-X{0}> * REST MASS   0.000510999 [GeV]
OPAL-X{0}> * CHARGE      -e * 1 
OPAL-X{0}> * MOMENTUM    1 [eV/c]
OPAL-X{0}> * MOMENTUM    0 [GeV/c]
OPAL-X{0}> * BCHARGE     1.60218e-19 [C]
OPAL-X{0}> * NALLOC      1
OPAL-X{0}> * ********************************************************************************** 
OPAL-X{0}> 
OPAL-X{0}[2]> * Beam[0] BEAM1 macro charge per particle [C]: -1.60218e-19
OPAL-X{0}[2]> * Beam[0] BEAM1 macro mass per particle [GeV/c^2]: 0.000510999
OPAL-X{0}[2]> * Beam[0] BEAM1 particles per macro particle: 1
OPAL-X{0}> 
OPAL-X{0}> * Creating new file for data: 'map-2-dba.stat'
OPAL-X{0}> * Creating new file for data: 'map-2-dba.lbal'
PartBunch::setSolver{0}[2]> Initializing solver: NONE
PartBunch::setBins{0}[2]> Solver FS has no binning command attached, not using binning.
PartBunch::pre_run{0}[2]> Starting pre_run...
OPAL-X{0}[2]> * BCHandler<3>: [OPEN, OPEN, OPEN]
FromFile::generateParticles{0}> FromFile: Loaded 1 particles from file '../reference-particle.txt'
FromFile::generateParticles{1}> FromFile: Loaded 1 particles from file '../reference-particle.txt'
FromFile::generateParticles{1}> Rank 1: 0 local particles
FromFile::generateParticles{0}> Rank 0: 1 local particles
OPAL-X{0}[2]> * Particle sampling / sampler setup for all emission sources done.
OPAL-X{0}> 
OPAL-X{0}> * ************** B U N C H ********************************************************* 
OPAL-X{0}> * CONTAINER       = 0
OPAL-X{0}> * PARTICLES       = 1
OPAL-X{0}> * CHARGE          = -1.602177e-19 (Cb) 
OPAL-X{0}> * QM STORAGE MODE = SINGLE
OPAL-X{0}> * <EKIN>          = 250.000 [MeV]
OPAL-X{0}> * <dEKIN>         = 0.000 [eV]
OPAL-X{0}> * INTEGRATOR      = LF2
OPAL-X{0}> * LB Threshold    = 5.000000e-02
OPAL-X{0}> * MIN R (origin)  = (      0.00000 ,      0.00000 ,      0.00000 ) [um]
OPAL-X{0}> * MAX R (max ext) = (      0.00000 ,      0.00000 ,      0.00000 ) [um]
OPAL-X{0}> * RMS R           = (      0.00000 ,      0.00000 ,      0.00000 ) [um]
OPAL-X{0}> * RMS P           = ( 0.000000e+00 , 0.000000e+00 , 0.000000e+00 ) [beta gamma]
OPAL-X{0}> * Mean R          = ( 0.000000e+00 , 0.000000e+00 , 0.000000e+00 ) [m]
OPAL-X{0}> * Mean P          = ( 0.000000e+00 , 0.000000e+00 , 4.902368e+02 ) [beta gamma]
OPAL-X{0}> * MESH SPACING    = (      0.00133 ,      0.00133 ,      0.00133 ) [um]
OPAL-X{0}> * COMPDOM INCR    = 1.000000e+00 (%) 
OPAL-X{0}> * FIELD LAYOUT    = Domain = {[0:15:1],[0:15:1],[0:15:1]}
OPAL-X{0}> Total number of boxes = 2
OPAL-X{0}>     Box 0 {[0:7:1],[0:15:1],[0:15:1]}
OPAL-X{0}>     Box 1 {[8:15:1],[0:15:1],[0:15:1]}
OPAL-X{0}> 
OPAL-X{0}> * Centroid : 
OPAL-X{0}> * 0.000000e+00 0.000000e+00 0.000000e+00 0.000000e+00 0.000000e+00 4.902368e+02 
OPAL-X{0}> * Cov Matrix : 
OPAL-X{0}> * 0.000000e+00 0.000000e+00 0.000000e+00 0.000000e+00 0.000000e+00 0.000000e+00 
OPAL-X{0}> * 0.000000e+00 0.000000e+00 0.000000e+00 0.000000e+00 0.000000e+00 0.000000e+00 
OPAL-X{0}> * 0.000000e+00 0.000000e+00 0.000000e+00 0.000000e+00 0.000000e+00 0.000000e+00 
OPAL-X{0}> * 0.000000e+00 0.000000e+00 0.000000e+00 0.000000e+00 0.000000e+00 0.000000e+00 
OPAL-X{0}> * 0.000000e+00 0.000000e+00 0.000000e+00 0.000000e+00 0.000000e+00 0.000000e+00 
OPAL-X{0}> * 0.000000e+00 0.000000e+00 0.000000e+00 0.000000e+00 0.000000e+00 0.000000e+00 
OPAL-X{0}> * * ********************************************************************************** 
OPAL-X{0}> 
ParallelTracker::execute{0}[2]> Dump initial phase space done.
OPAL-X{0}> * OrbitThreader dt_m= 1e-13
OPAL-X{0}> * Linear-map integrator: BORIS; Richardson levels: 0; formal differentiation order: 2; rays per segment: 12
OPAL-X{0}> * Linear-map starting perturbations (x,x',y,y',zeta,delta): 1.000000000000e-03 1.000000000000e-03 1.000000000000e-03 1.000000000000e-03 1.000000000000e-03 1.000000000000e-03
OPAL-X{0}> 
OPAL-X{0}> * Combined linear transfer map  (x, x', y, y', zeta, delta):
OPAL-X{0}>     -1.386353175862e+00  -1.278845624290e+00   0.000000000000e+00   0.000000000000e+00   0.000000000000e+00  -1.416115714456e-06
OPAL-X{0}>     -7.209433203495e-01  -1.386353069639e+00   0.000000000000e+00   0.000000000000e+00   0.000000000000e+00  -3.617474478825e-07
OPAL-X{0}>      0.000000000000e+00   0.000000000000e+00   3.851354558478e+00   1.040676855322e+01   0.000000000000e+00   0.000000000000e+00
OPAL-X{0}>      0.000000000000e+00   0.000000000000e+00   1.329224577518e+00   3.851354727626e+00   0.000000000000e+00   0.000000000000e+00
OPAL-X{0}>      3.890027839355e-07   1.423824394814e-06   0.000000000000e+00   0.000000000000e+00   1.000000000004e+00  -9.437657512085e-02
OPAL-X{0}>      4.310402024347e-12   2.379261848602e-12   0.000000000000e+00   0.000000000000e+00   0.000000000000e+00   9.999999999999e-01
OPAL-X{0}> * Volume-preservation diagnostic: PASS
OPAL-X{0}> *   |det(M) - 1| = 1.7654870e-07  (tolerance 1.0000000e-06)
OPAL-X{0}> * Canonical-form symplecticity diagnostic: PASS
OPAL-X{0}> *   max_ij |(M^T J M - J)_ij| = 2.2962951e-07  (tolerance 1.0000000e-06)
OPAL-X{0}> *   The reported slopes and mechanical momenta are not globally canonical;
OPAL-X{0}> *   this test is diagnostic unless the entrance/exit coordinates are canonical.
OPAL-X{0}> 
OPAL-X{0}> 
OPAL-X{0}> * Size of map 5 sections 
OPAL-X{0}> * Key: (0.000000 - 1.047203) number of overlapping elements 1
OPAL-X{0}> *                            B1
OPAL-X{0}> * Key: (1.047203 - 2.047188) number of overlapping elements 1
OPAL-X{0}> *                            D1
OPAL-X{0}> * Key: (2.047188 - 2.247210) number of overlapping elements 1
OPAL-X{0}> *                            QACH
OPAL-X{0}> * Key: (2.247210 - 3.247195) number of overlapping elements 1
OPAL-X{0}> *                            D2
OPAL-X{0}> * Key: (3.247195 - 4.294395) number of overlapping elements 1
OPAL-X{0}> *                            B2
OPAL-X{0}> 
OPAL-X{0}> * Creating new file for data: 'data/map-2-dba_ElementPositions.sdds'
OPAL-X{0}> * Track start at: 00:37:28, t= 0.000 [fs]; sStart at: 0.000 [um]
OPAL-X{0}> * Initial dt = 100.000 [fs]
OPAL-X{0}> * Max integration steps = 1, next step = 0
ParallelTracker::setOptionalVariables{0}[2]> REPARTFREQ 10
OPAL-X{0}>                dt [ns]           sStop [m]        num Steps [1]
OPAL-X{0}> ->         1.000000e-13        4.294395e+00                   1
PartBunch::performBunchSanityChecks{0}[2]> ========= Done performing PartBunch sanity checks... =========
ParallelTracker::execute{0}[2]> Starting track with dt = 100.000 [fs], track steps = 0 to 1.
OPAL-X{0}> * 00:37:28 Step      0 container[0] at 29.979 [um], t= 100.000 [fs], E=250.000 [MeV]
ParallelTracker::execute{0}[2]> Total FieldSolver calls: 0
ParallelTracker::execute{0}[2]> Total binary repartitions: 0
OPAL-X{0}> 
OPAL-X{0}> * Done executing ParallelTracker at 00:37:28
OPAL-X{0}> 
OPAL-X{0}> * End of input stream 'map-2-dba.in'
Timings{0}> ---------------------------------------------
Timings{0}>      Timing results for 2 rank(s):
Timings{0}> ---------------------------------------------
Timings{0}> mainTimer........... Wall tot =    13.2459
Timings{0}> 
Timings{0}> H5 open close....... Wall max = 0.00290296
Timings{0}>                      Wall avg = 0.00287469
Timings{0}>                      Wall min = 0.00284642
Timings{0}> 
Timings{0}> H5 total step....... Wall max =          0
Timings{0}>                      Wall avg =          0
Timings{0}>                      Wall min =          0
Timings{0}> 
Timings{0}> H5 step header...... Wall max =          0
Timings{0}>                      Wall avg =          0
Timings{0}>                      Wall min =          0
Timings{0}> 
Timings{0}> H5 device host copy. Wall max =          0
Timings{0}>                      Wall avg =          0
Timings{0}>                      Wall min =          0
Timings{0}> 
Timings{0}> H5 dataset write.... Wall max =          0
Timings{0}>                      Wall avg =          0
Timings{0}>                      Wall min =          0
Timings{0}> 
Timings{0}> Write Stat.......... Wall max =          0
Timings{0}>                      Wall avg =          0
Timings{0}>                      Wall min =          0
Timings{0}> 
Timings{0}> findInternal........ Wall max =  2.666e-06
Timings{0}>                      Wall avg =  2.625e-06
Timings{0}>                      Wall min =  2.584e-06
Timings{0}> 
Timings{0}> findPeriodic........ Wall max =   2.09e-07
Timings{0}>                      Wall avg =  2.085e-07
Timings{0}>                      Wall min =   2.08e-07
Timings{0}> 
Timings{0}> samplingTime........ Wall max = 0.00018275
Timings{0}>                      Wall avg = 0.000177666
Timings{0}>                      Wall min = 0.000172583
Timings{0}> 
Timings{0}> particleBC.......... Wall max =  6.166e-06
Timings{0}>                      Wall avg =  6.145e-06
Timings{0}>                      Wall min =  6.124e-06
Timings{0}> 
Timings{0}> updateParticle...... Wall max = 0.000364541
Timings{0}>                      Wall avg = 0.00036377
Timings{0}>                      Wall min = 0.000362999
Timings{0}> 
Timings{0}> locateParticles..... Wall max = 0.000182667
Timings{0}>                      Wall avg = 0.000181896
Timings{0}>                      Wall min = 0.000181126
Timings{0}> 
Timings{0}> sendPreprocess...... Wall max = 2.6834e-05
Timings{0}>                      Wall avg = 2.52295e-05
Timings{0}>                      Wall min = 2.3625e-05
Timings{0}> 
Timings{0}> particleSend........ Wall max =      5e-06
Timings{0}>                      Wall avg =  4.917e-06
Timings{0}>                      Wall min =  4.834e-06
Timings{0}> 
Timings{0}> particleRecv........ Wall max =  3.124e-06
Timings{0}>                      Wall avg = 3.0825e-06
Timings{0}>                      Wall min =  3.041e-06
Timings{0}> 
Timings{0}> particleDestroy..... Wall max =  2.833e-06
Timings{0}>                      Wall avg =  2.625e-06
Timings{0}>                      Wall min =  2.417e-06
Timings{0}> 
Timings{0}> particleWait........ Wall max =  1.708e-06
Timings{0}>                      Wall avg =  1.604e-06
Timings{0}>                      Wall min =    1.5e-06
Timings{0}> 
Timings{0}> particleFreeBuffers. Wall max =  8.083e-06
Timings{0}>                      Wall avg =      8e-06
Timings{0}>                      Wall min =  7.917e-06
Timings{0}> 
Timings{0}> particleDeserialize. Wall max =  8.168e-06
Timings{0}>                      Wall avg =  8.084e-06
Timings{0}>                      Wall min =      8e-06
Timings{0}> 
Timings{0}> particleDeserResize. Wall max =   7.91e-07
Timings{0}>                      Wall avg =    7.5e-07
Timings{0}>                      Wall min =   7.09e-07
Timings{0}> 
Timings{0}> particleDeserCopy... Wall max =   9.17e-07
Timings{0}>                      Wall avg =   8.96e-07
Timings{0}>                      Wall min =   8.75e-07
Timings{0}> 
Timings{0}> computeMoments...... Wall max =    9.6e-05
Timings{0}>                      Wall avg = 9.47915e-05
Timings{0}>                      Wall min = 9.3583e-05
Timings{0}> 
Timings{0}> TIntegration1....... Wall max = 2.2042e-05
Timings{0}>                      Wall avg = 2.1188e-05
Timings{0}>                      Wall min = 2.0334e-05
Timings{0}> 
Timings{0}> TIntegration2....... Wall max = 1.5209e-05
Timings{0}>                      Wall avg = 1.40835e-05
Timings{0}>                      Wall min = 1.2958e-05
Timings{0}> 
Timings{0}> External field eval. Wall max = 2.8167e-05
Timings{0}>                      Wall avg = 2.7479e-05
Timings{0}>                      Wall min = 2.6791e-05
Timings{0}> 
Timings{0}> Binaryrepart........ Wall max =          0
Timings{0}>                      Wall avg =          0
Timings{0}>                      Wall min =          0
Timings{0}> 
Timings{0}> OrbThreader......... Wall max =    13.2158
Timings{0}>                      Wall avg =    13.2134
Timings{0}>                      Wall min =    13.2111
Timings{0}> 
Timings{0}> ---------------------------------------------
Timings{0}>      Measurement counts:
Timings{0}> ---------------------------------------------
Timings{0}> mainTimer........... Count =          1
Timings{0}> H5 open close....... Count =          2
Timings{0}> H5 total step....... Count =          0
Timings{0}> H5 step header...... Count =          0
Timings{0}> H5 device host copy. Count =          0
Timings{0}> H5 dataset write.... Count =          0
Timings{0}> Write Stat.......... Count =          0
Timings{0}> findInternal........ Count =          1
Timings{0}> findPeriodic........ Count =          1
Timings{0}> samplingTime........ Count =          1
Timings{0}> particleBC.......... Count =          4
Timings{0}> updateParticle...... Count =          4
Timings{0}> locateParticles..... Count =          4
Timings{0}> sendPreprocess...... Count =          4
Timings{0}> particleSend........ Count =          4
Timings{0}> particleRecv........ Count =          4
Timings{0}> particleDestroy..... Count =          4
Timings{0}> particleWait........ Count =          4
Timings{0}> particleFreeBuffers. Count =          4
Timings{0}> particleDeserialize. Count =          4
Timings{0}> particleDeserResize. Count =          4
Timings{0}> particleDeserCopy... Count =          4
Timings{0}> computeMoments...... Count =          5
Timings{0}> TIntegration1....... Count =          1
Timings{0}> TIntegration2....... Count =          1
Timings{0}> External field eval. Count =          1
Timings{0}> Binaryrepart........ Count =          0
Timings{0}> OrbThreader......... Count =          1
Timings{0}> ---------------------------------------------
Timings{0}> ---------------------------------------------
Timings{0}>      Per-occurrence statistics:
Timings{0}> ---------------------------------------------
Timings{0}> mainTimer........... n=    1  mean=   13.2459  std=         0  min=   13.2459  max=   13.2459
Timings{0}> H5 open close....... n=    2  mean=0.00142321  std=0.00118499  min=0.000585292  max=0.00226113
Timings{0}> findInternal........ n=    1  mean= 2.584e-06  std=         0  min= 2.584e-06  max= 2.584e-06
Timings{0}> findPeriodic........ n=    1  mean=  2.08e-07  std=         0  min=  2.08e-07  max=  2.08e-07
Timings{0}> samplingTime........ n=    1  mean=0.000172583  std=         0  min=0.000172583  max=0.000172583
Timings{0}> particleBC.......... n=    4  mean=1.5415e-06  std=1.57194e-06  min=  4.58e-07  max= 3.791e-06
Timings{0}> updateParticle...... n=    4  mean=9.07498e-05  std=0.00012278  min=  1.85e-05  max=0.00027375
Timings{0}> locateParticles..... n=    4  mean=4.52815e-05  std=6.04895e-05  min=     1e-05  max=0.000135459
Timings{0}> sendPreprocess...... n=    4  mean=5.90625e-06  std=6.0038e-06  min= 1.875e-06  max=1.4625e-05
Timings{0}> particleSend........ n=    4  mean=1.2085e-06  std=9.27522e-07  min=  3.75e-07  max= 2.292e-06
Timings{0}> particleRecv........ n=    4  mean=7.6025e-07  std=5.07448e-07  min=  3.33e-07  max= 1.333e-06
Timings{0}> particleDestroy..... n=    4  mean=7.0825e-07  std=2.77956e-07  min=  4.59e-07  max= 1.041e-06
Timings{0}> particleWait........ n=    4  mean=  4.27e-07  std=1.37509e-07  min=  2.92e-07  max=  5.83e-07
Timings{0}> particleFreeBuffers. n=    4  mean=1.97925e-06  std=2.20246e-06  min=  3.33e-07  max= 5.042e-06
Timings{0}> particleDeserialize. n=    4  mean= 2.042e-06  std=1.81248e-06  min=  9.17e-07  max=  4.75e-06
Timings{0}> particleDeserResize. n=    4  mean=1.9775e-07  std=6.28351e-08  min=  1.66e-07  max=  2.92e-07
Timings{0}> particleDeserCopy... n=    4  mean=2.1875e-07  std=5.22582e-08  min=  1.66e-07  max=  2.91e-07
Timings{0}> computeMoments...... n=    5  mean=1.87166e-05  std=1.01532e-05  min=1.0292e-05  max=3.2542e-05
Timings{0}> TIntegration1....... n=    1  mean=2.0334e-05  std=         0  min=2.0334e-05  max=2.0334e-05
Timings{0}> TIntegration2....... n=    1  mean=1.2958e-05  std=         0  min=1.2958e-05  max=1.2958e-05
Timings{0}> External field eval. n=    1  mean=2.8167e-05  std=         0  min=2.8167e-05  max=2.8167e-05
Timings{0}> OrbThreader......... n=    1  mean=   13.2111  std=         0  min=   13.2111  max=   13.2111
Timings{0}> ---------------------------------------------
